Archive member included to satisfy reference by file (symbol)

app/libapp.a(main.c.obj)      (--whole-archive)
app/libapp.a(flash_map_extended.c.obj)
                              (--whole-archive)
app/libapp.a(os.c.obj)        (--whole-archive)
app/libapp.a(keys.c.obj)      (--whole-archive)
app/libapp.a(image_validate.c.obj)
                              (--whole-archive)
app/libapp.a(tlv.c.obj)       (--whole-archive)
app/libapp.a(encrypted.c.obj)
                              (--whole-archive)
app/libapp.a(image_rsa.c.obj)
                              (--whole-archive)
app/libapp.a(image_ec256.c.obj)
                              (--whole-archive)
app/libapp.a(image_ed25519.c.obj)
                              (--whole-archive)
app/libapp.a(bootutil_misc.c.obj)
                              (--whole-archive)
app/libapp.a(fault_injection_hardening.c.obj)
                              (--whole-archive)
app/libapp.a(loader.c.obj)    (--whole-archive)
app/libapp.a(swap_misc.c.obj)
                              (--whole-archive)
app/libapp.a(swap_scratch.c.obj)
                              (--whole-archive)
app/libapp.a(swap_move.c.obj)
                              (--whole-archive)
app/libapp.a(caps.c.obj)      (--whole-archive)
app/libapp.a(asn1parse.c.obj)
                              (--whole-archive)
app/libapp.a(platform_util.c.obj)
                              (--whole-archive)
app/libapp.a(cc310_glue.c.obj)
                              (--whole-archive)
app/libapp.a(autogen-pubkey.c.obj)
                              (--whole-archive)
app/libapp.a(arm_cleanup.c.obj)
                              (--whole-archive)
app/libapp.a(nrf_cleanup.c.obj)
                              (--whole-archive)
zephyr/libzephyr.a(cbprintf_packaged.c.obj)
                              (--whole-archive)
zephyr/libzephyr.a(dec.c.obj)
                              (--whole-archive)
zephyr/libzephyr.a(fdtable.c.obj)
                              (--whole-archive)
zephyr/libzephyr.a(hex.c.obj)
                              (--whole-archive)
zephyr/libzephyr.a(printk.c.obj)
                              (--whole-archive)
zephyr/libzephyr.a(rb.c.obj)  (--whole-archive)
zephyr/libzephyr.a(sem.c.obj)
                              (--whole-archive)
zephyr/libzephyr.a(thread_entry.c.obj)
                              (--whole-archive)
zephyr/libzephyr.a(timeutil.c.obj)
                              (--whole-archive)
zephyr/libzephyr.a(heap.c.obj)
                              (--whole-archive)
zephyr/libzephyr.a(heap-validate.c.obj)
                              (--whole-archive)
zephyr/libzephyr.a(bitarray.c.obj)
                              (--whole-archive)
zephyr/libzephyr.a(multi_heap.c.obj)
                              (--whole-archive)
zephyr/libzephyr.a(onoff.c.obj)
                              (--whole-archive)
zephyr/libzephyr.a(notify.c.obj)
                              (--whole-archive)
zephyr/libzephyr.a(crc32c_sw.c.obj)
                              (--whole-archive)
zephyr/libzephyr.a(crc32_sw.c.obj)
                              (--whole-archive)
zephyr/libzephyr.a(crc16_sw.c.obj)
                              (--whole-archive)
zephyr/libzephyr.a(crc8_sw.c.obj)
                              (--whole-archive)
zephyr/libzephyr.a(crc7_sw.c.obj)
                              (--whole-archive)
zephyr/libzephyr.a(cbprintf_nano.c.obj)
                              (--whole-archive)
zephyr/libzephyr.a(cbprintf.c.obj)
                              (--whole-archive)
zephyr/libzephyr.a(assert.c.obj)
                              (--whole-archive)
zephyr/libzephyr.a(reboot.c.obj)
                              (--whole-archive)
zephyr/libzephyr.a(configs.c.obj)
                              (--whole-archive)
zephyr/libzephyr.a(soc_nrf_common.S.obj)
                              (--whole-archive)
zephyr/libzephyr.a(validate_base_addresses.c.obj)
                              (--whole-archive)
zephyr/libzephyr.a(validate_enabled_instances.c.obj)
                              (--whole-archive)
zephyr/libzephyr.a(log_minimal.c.obj)
                              (--whole-archive)
zephyr/libzephyr.a(flash_map.c.obj)
                              (--whole-archive)
zephyr/libzephyr.a(flash_map_layout.c.obj)
                              (--whole-archive)
zephyr/libzephyr.a(tracing_none.c.obj)
                              (--whole-archive)
zephyr/libzephyr.a(flash_map_partition_manager.c.obj)
                              (--whole-archive)
zephyr/libzephyr.a(nrf_cc3xx_platform_abort_zephyr.c.obj)
                              (--whole-archive)
zephyr/libzephyr.a(nrf_cc3xx_platform_no_mutex_zephyr.c.obj)
                              (--whole-archive)
zephyr/arch/common/libarch__common.a(sw_isr_common.c.obj)
                              (--whole-archive)
zephyr/arch/arch/arm/core/aarch32/libarch__arm__core__aarch32.a(cpu_idle.S.obj)
                              (--whole-archive)
[...]
Memory Configuration

Name             Origin             Length             Attributes
FLASH            0x0000000000000000 0x000000000000c000 xr
RAM              0x0000000020000000 0x0000000000040000 xw
IDT_LIST         0x00000000fffff7ff 0x0000000000000800 xw
*default*        0x0000000000000000 0xffffffffffffffff

Linker script and memory map

LOAD zephyr/CMakeFiles/zephyr_pre0.dir/misc/empty_file.c.obj
                0x0000000000000020                _region_min_align = 0x20

.rel.plt        0x0000000000000000        0x0
 *(SORT_BY_ALIGNMENT(.rel.plt))
                [!provide]                        PROVIDE (__rel_iplt_start = .)
 *(SORT_BY_ALIGNMENT(.rel.iplt))
 .rel.iplt      0x0000000000000000        0x0 app/libapp.a(main.c.obj)
                [!provide]                        PROVIDE (__rel_iplt_end = .)

.rela.plt       0x0000000000000000        0x0
 *(SORT_BY_ALIGNMENT(.rela.plt))
                [!provide]                        PROVIDE (__rela_iplt_start = .)
 *(SORT_BY_ALIGNMENT(.rela.iplt))
                [!provide]                        PROVIDE (__rela_iplt_end = .)

.rel.dyn
 *(SORT_BY_ALIGNMENT(.rel.*))

.rela.dyn
 *(SORT_BY_ALIGNMENT(.rela.*))

/DISCARD/
 *(SORT_BY_ALIGNMENT(.plt))

/DISCARD/
 *(SORT_BY_ALIGNMENT(.iplt))
                0x0000000000000000                __rom_region_start = 0x0

rom_start       0x0000000000000000      0x100
                0x0000000000000000                . = 0x0
                0x0000000000000000                . = ALIGN (0x4)
                0x0000000000000000                . = ALIGN (0x80)
                0x0000000000000000                . = ALIGN (0x100)
                0x0000000000000000                _vector_start = .
 *(SORT_BY_ALIGNMENT(.exc_vector_table))
 *(SORT_BY_ALIGNMENT(.exc_vector_table.*))
 .exc_vector_table._vector_table_section
                0x0000000000000000       0x40 zephyr/arch/arch/arm/core/aarch32/cortex_m/libarch__arm__core__aarch32__cortex_m.a(vector_table.S.obj)
                0x0000000000000000                _vector_table
 *(SORT_BY_ALIGNMENT(.vectors))
                0x0000000000000100                _vector_end = .
                0x0000000000000040                . = ALIGN (0x4)
 *(SORT_BY_ALIGNMENT(.gnu.linkonce.irq_vector_table*))
 .gnu.linkonce.irq_vector_table
                0x0000000000000040       0xc0 zephyr/arch/common/libisr_tables.a(isr_tables.c.obj)
                0x0000000000000040                _irq_vector_table
                0x0000000000000100                _vector_end = .

text            0x0000000000000100     0x7a80
                0x0000000000000100                __text_region_start = .
 *(SORT_BY_ALIGNMENT(.text))
 .text          0x0000000000000100       0x30 d:/ncs/toolchains/v2.3.0/opt/zephyr-sdk/arm-zephyr-eabi/bin/../lib/gcc/arm-zephyr-eabi/12.1.0/thumb/v7e-m+fp/hard\libgcc.a(_aeabi_uldivmod.o)
                0x0000000000000100                __aeabi_uldivmod
 .text          0x0000000000000130        0x4 d:/ncs/toolchains/v2.3.0/opt/zephyr-sdk/arm-zephyr-eabi/bin/../lib/gcc/arm-zephyr-eabi/12.1.0/thumb/v7e-m+fp/hard\libgcc.a(_dvmd_tls.o)
                0x0000000000000130                __aeabi_idiv0
                0x0000000000000130                __aeabi_ldiv0
 .text          0x0000000000000134      0x2a0 d:/ncs/toolchains/v2.3.0/opt/zephyr-sdk/arm-zephyr-eabi/bin/../lib/gcc/arm-zephyr-eabi/12.1.0/thumb/v7e-m+fp/hard\libgcc.a(_udivmoddi4.o)
                0x0000000000000134                __udivmoddi4
 *(SORT_BY_ALIGNMENT(.text.*))
 .text.main     0x00000000000003d4       0xdc app/libapp.a(main.c.obj)
                0x00000000000003d4                main
 .text.flash_device_base
                0x00000000000004b0       0x20 app/libapp.a(flash_map_extended.c.obj)
                0x00000000000004b0                flash_device_base
 .text.flash_area_sector_from_off
                0x00000000000004d0       0x20 app/libapp.a(flash_map_extended.c.obj)
                0x00000000000004d0                flash_area_sector_from_off
 .text.bootutil_img_validate
                0x00000000000004f0      0x228 app/libapp.a(image_validate.c.obj)
                0x00000000000004f0                bootutil_img_validate
 .text.bootutil_verify_sig
                0x0000000000000718       0xf0 app/libapp.a(image_ec256.c.obj)
                0x0000000000000718                bootutil_verify_sig
 .text.boot_read_swap_size
                0x0000000000000808       0x7c app/libapp.a(bootutil_misc.c.obj)
                0x0000000000000808                boot_read_swap_size
 .text.bootutil_max_image_size
                0x0000000000000884       0x28 app/libapp.a(bootutil_misc.c.obj)
                0x0000000000000884                bootutil_max_image_size
 .text.boot_validate_slot.isra.0
                0x00000000000008ac       0xf8 app/libapp.a(loader.c.obj)
 .text.boot_swap_image
                0x00000000000009a4       0x7c app/libapp.a(loader.c.obj)
 .text.boot_copy_region
                0x0000000000000a20       0x84 app/libapp.a(loader.c.obj)
                0x0000000000000a20                boot_copy_region
 .text.context_boot_go
                0x0000000000000aa4      0x260 app/libapp.a(loader.c.obj)
                0x0000000000000aa4                context_boot_go
 .text.boot_go  0x0000000000000d04       0x20 app/libapp.a(loader.c.obj)
                0x0000000000000d04                boot_go
 .text.boot_read_image_header
                0x0000000000000d24       0x9c app/libapp.a(swap_move.c.obj)
                0x0000000000000d24                boot_read_image_header
 .text.swap_read_status_bytes
                0x0000000000000dc0       0xc8 app/libapp.a(swap_move.c.obj)
                0x0000000000000dc0                swap_read_status_bytes
 .text.boot_slots_compatible
                0x0000000000000e88       0x6c app/libapp.a(swap_move.c.obj)
                0x0000000000000e88                boot_slots_compatible
 .text.swap_status_source
                0x0000000000000ef4       0xcc app/libapp.a(swap_move.c.obj)
                0x0000000000000ef4                swap_status_source
 .text.fixup_revert
                0x0000000000000fc0       0x98 app/libapp.a(swap_move.c.obj)
                0x0000000000000fc0                fixup_revert
 .text.swap_run
                0x0000000000001058      0x214 app/libapp.a(swap_move.c.obj)
                0x0000000000001058                swap_run
 .text.cc310_init
                0x000000000000126c       0x30 app/libapp.a(cc310_glue.c.obj)
                0x000000000000126c                cc310_init
 .text.cc310_ecdsa_verify_secp256r1
                0x000000000000129c       0x3c app/libapp.a(cc310_glue.c.obj)
                0x000000000000129c                cc310_ecdsa_verify_secp256r1
 .text.cleanup_arm_nvic
                0x00000000000012d8       0x54 app/libapp.a(arm_cleanup.c.obj)
                0x00000000000012d8                cleanup_arm_nvic
 .text.nrf_cleanup_peripheral
                0x000000000000132c       0x60 app/libapp.a(nrf_cleanup.c.obj)
                0x000000000000132c                nrf_cleanup_peripheral
 .text.char_out
                0x000000000000138c        0xc zephyr/libzephyr.a(printk.c.obj)
 .text.__printk_hook_install
                0x0000000000001398        0xc zephyr/libzephyr.a(printk.c.obj)
                0x0000000000001398                __printk_hook_install
 .text.vprintk  0x00000000000013a4       0x1c zephyr/libzephyr.a(printk.c.obj)
                0x00000000000013a4                vprintk
 .text.process_event
                0x00000000000013c0      0x21c zephyr/libzephyr.a(onoff.c.obj)
 .text.z_cbvprintf_impl
                0x00000000000015dc      0x440 zephyr/libzephyr.a(cbprintf_nano.c.obj)
                0x00000000000015dc                z_cbvprintf_impl
 .text.sys_reboot
                0x0000000000001a1c       0x28 zephyr/libzephyr.a(reboot.c.obj)
                0x0000000000001a1c                sys_reboot
 .text.z_arm_platform_init
                0x0000000000001a44        0x4 zephyr/libzephyr.a(soc_nrf_common.S.obj)
                0x0000000000001a44                z_arm_platform_init
 .text.flash_area_open
                0x0000000000001a48       0x50 zephyr/libzephyr.a(flash_map.c.obj)
                0x0000000000001a48                flash_area_open
 .text.flash_area_get_sectors
                0x0000000000001a98       0x60 zephyr/libzephyr.a(flash_map_layout.c.obj)
                0x0000000000001a98                flash_area_get_sectors
 .text.nrf_cc3xx_platform_abort_init
                0x0000000000001af8        0xc zephyr/libzephyr.a(nrf_cc3xx_platform_abort_zephyr.c.obj)
                0x0000000000001af8                nrf_cc3xx_platform_abort_init
 .text.z_arm_cpu_idle_init
                0x0000000000001b04        0xc zephyr/arch/arch/arm/core/aarch32/libarch__arm__core__aarch32.a(cpu_idle.S.obj)
                0x0000000000001b04                z_arm_cpu_idle_init
 .text.arch_cpu_idle
                0x0000000000001b10       0x1c zephyr/arch/arch/arm/core/aarch32/libarch__arm__core__aarch32.a(cpu_idle.S.obj)
                0x0000000000001b10                arch_cpu_idle
 .text.arch_cpu_atomic_idle
                0x0000000000001b2c       0x18 zephyr/arch/arch/arm/core/aarch32/libarch__arm__core__aarch32.a(cpu_idle.S.obj)
                0x0000000000001b2c                arch_cpu_atomic_idle
 .text.z_arm_fatal_error
                0x0000000000001b44       0x5c zephyr/arch/arch/arm/core/aarch32/libarch__arm__core__aarch32.a(fatal.c.obj)
                0x0000000000001b44                z_arm_fatal_error
 .text.arch_irq_enable
                0x0000000000001ba0       0x1c zephyr/arch/arch/arm/core/aarch32/libarch__arm__core__aarch32.a(irq_manage.c.obj)
                0x0000000000001ba0                arch_irq_enable
 .text.arch_irq_disable
                0x0000000000001bbc       0x28 zephyr/arch/arch/arm/core/aarch32/libarch__arm__core__aarch32.a(irq_manage.c.obj)
                0x0000000000001bbc                arch_irq_disable
 .text.arch_irq_is_enabled
                0x0000000000001be4       0x1c zephyr/arch/arch/arm/core/aarch32/libarch__arm__core__aarch32.a(irq_manage.c.obj)
                0x0000000000001be4                arch_irq_is_enabled
 .text.z_arm_irq_priority_set
                0x0000000000001c00       0x30 zephyr/arch/arch/arm/core/aarch32/libarch__arm__core__aarch32.a(irq_manage.c.obj)
                0x0000000000001c00                z_arm_irq_priority_set
 .text.z_SysNmiOnReset
                0x0000000000001c30        0x8 zephyr/arch/arch/arm/core/aarch32/libarch__arm__core__aarch32.a(nmi_on_reset.S.obj)
                0x0000000000001c30                z_SysNmiOnReset
 .text.z_arm_prep_c
                0x0000000000001c38       0x5c zephyr/arch/arch/arm/core/aarch32/libarch__arm__core__aarch32.a(prep_c.c.obj)
                0x0000000000001c38                z_arm_prep_c
 .text.z_arm_svc
                0x0000000000001c94       0x20 zephyr/arch/arch/arm/core/aarch32/libarch__arm__core__aarch32.a(swap_helper.S.obj)
                0x0000000000001c94                z_arm_svc
 .text.z_check_thread_stack_fail
                0x0000000000001cb4       0x2c zephyr/arch/arch/arm/core/aarch32/libarch__arm__core__aarch32.a(thread.c.obj)
                0x0000000000001cb4                z_check_thread_stack_fail
 .text.z_arm_switch_to_main_no_multithreading
                0x0000000000001ce0       0x34 zephyr/arch/arch/arm/core/aarch32/libarch__arm__core__aarch32.a(thread.c.obj)
                0x0000000000001ce0                z_arm_switch_to_main_no_multithreading
 .text._isr_wrapper
                0x0000000000001d14       0x28 zephyr/arch/arch/arm/core/aarch32/libarch__arm__core__aarch32.a(isr_wrapper.S.obj)
                0x0000000000001d14                _isr_wrapper
 .text._HandlerModeExit
                0x0000000000001d3c        0x4 zephyr/arch/arch/arm/core/aarch32/cortex_m/libarch__arm__core__aarch32__cortex_m.a(exc_exit.S.obj)
                0x0000000000001d3c                z_arm_int_exit
                0x0000000000001d3c                z_arm_exc_exit
 .text.mem_manage_fault
                0x0000000000001d40       0xf0 zephyr/arch/arch/arm/core/aarch32/cortex_m/libarch__arm__core__aarch32__cortex_m.a(fault.c.obj)
 .text.usage_fault.constprop.0
                0x0000000000001e30       0x98 zephyr/arch/arch/arm/core/aarch32/cortex_m/libarch__arm__core__aarch32__cortex_m.a(fault.c.obj)
 .text.bus_fault.constprop.0
                0x0000000000001ec8       0xb4 zephyr/arch/arch/arm/core/aarch32/cortex_m/libarch__arm__core__aarch32__cortex_m.a(fault.c.obj)
 .text.z_arm_fault
                0x0000000000001f7c      0x1a8 zephyr/arch/arch/arm/core/aarch32/cortex_m/libarch__arm__core__aarch32__cortex_m.a(fault.c.obj)
                0x0000000000001f7c                z_arm_fault
 .text.z_arm_fault_init
                0x0000000000002124       0x10 zephyr/arch/arch/arm/core/aarch32/cortex_m/libarch__arm__core__aarch32__cortex_m.a(fault.c.obj)
                0x0000000000002124                z_arm_fault_init
 .text.__fault  0x0000000000002134       0x14 zephyr/arch/arch/arm/core/aarch32/cortex_m/libarch__arm__core__aarch32__cortex_m.a(fault_s.S.obj)
                0x0000000000002134                z_arm_usage_fault
                0x0000000000002134                z_arm_mpu_fault
                0x0000000000002134                z_arm_exc_spurious
                0x0000000000002134                z_arm_debug_monitor
                0x0000000000002134                z_arm_hard_fault
                0x0000000000002134                z_arm_bus_fault
 .text.z_arm_interrupt_init
                0x0000000000002148       0x18 zephyr/arch/arch/arm/core/aarch32/cortex_m/libarch__arm__core__aarch32__cortex_m.a(irq_init.c.obj)
                0x0000000000002148                z_arm_interrupt_init
 .text._reset_section
                0x0000000000002160       0x54 zephyr/arch/arch/arm/core/aarch32/cortex_m/libarch__arm__core__aarch32__cortex_m.a(reset.S.obj)
                0x0000000000002160                __start
                0x0000000000002160                z_arm_reset
 .text.z_arm_clear_arm_mpu_config
                0x00000000000021b4       0x24 zephyr/arch/arch/arm/core/aarch32/cortex_m/libarch__arm__core__aarch32__cortex_m.a(scb.c.obj)
                0x00000000000021b4                z_arm_clear_arm_mpu_config
 .text.z_arm_init_arch_hw_at_boot
                0x00000000000021d8       0x64 zephyr/arch/arch/arm/core/aarch32/cortex_m/libarch__arm__core__aarch32__cortex_m.a(scb.c.obj)
                0x00000000000021d8                z_arm_init_arch_hw_at_boot
 .text.z_arm_configure_static_mpu_regions
                0x000000000000223c       0x18 zephyr/arch/arch/arm/core/aarch32/mpu/libarch__arm__core__aarch32__mpu.a(arm_core_mpu.c.obj)
                0x000000000000223c                z_arm_configure_static_mpu_regions
 .text.mpu_configure_regions
                0x0000000000002254       0xa0 zephyr/arch/arch/arm/core/aarch32/mpu/libarch__arm__core__aarch32__mpu.a(arm_mpu.c.obj)
 .text.arm_core_mpu_enable
                0x00000000000022f4       0x18 zephyr/arch/arch/arm/core/aarch32/mpu/libarch__arm__core__aarch32__mpu.a(arm_mpu.c.obj)
                0x00000000000022f4                arm_core_mpu_enable
 .text.arm_core_mpu_disable
                0x000000000000230c       0x14 zephyr/arch/arch/arm/core/aarch32/mpu/libarch__arm__core__aarch32__mpu.a(arm_mpu.c.obj)
                0x000000000000230c                arm_core_mpu_disable
 .text.arm_core_mpu_configure_static_mpu_regions
                0x0000000000002320       0x14 zephyr/arch/arch/arm/core/aarch32/mpu/libarch__arm__core__aarch32__mpu.a(arm_mpu.c.obj)
                0x0000000000002320                arm_core_mpu_configure_static_mpu_regions
 .text.z_arm_mpu_init
                0x0000000000002334       0x60 zephyr/arch/arch/arm/core/aarch32/mpu/libarch__arm__core__aarch32__mpu.a(arm_mpu.c.obj)
                0x0000000000002334                z_arm_mpu_init
 .text.__stdout_hook_install
                0x0000000000002394        0xc zephyr/lib/libc/minimal/liblib__libc__minimal.a(stdout_console.c.obj)
                0x0000000000002394                __stdout_hook_install
 .text.nordicsemi_nrf52_init
                0x00000000000023a0       0x28 zephyr/soc/arm/nordic_nrf/nrf52/libsoc__arm__nordic_nrf__nrf52.a(soc.c.obj)
 .text.sys_arch_reboot
                0x00000000000023c8       0x2c zephyr/soc/arm/nordic_nrf/nrf52/libsoc__arm__nordic_nrf__nrf52.a(soc.c.obj)
                0x00000000000023c8                sys_arch_reboot
 .text.arch_busy_wait
                0x00000000000023f4       0x14 zephyr/soc/arm/nordic_nrf/nrf52/libsoc__arm__nordic_nrf__nrf52.a(soc.c.obj)
                0x00000000000023f4                arch_busy_wait
 .text.onoff_stop
                0x0000000000002408       0x30 zephyr/drivers/clock_control/libdrivers__clock_control.a(clock_control_nrf.c.obj)
 .text.onoff_start
                0x0000000000002438       0x44 zephyr/drivers/clock_control/libdrivers__clock_control.a(clock_control_nrf.c.obj)
 .text.generic_hfclk_stop
                0x000000000000247c       0x34 zephyr/drivers/clock_control/libdrivers__clock_control.a(clock_control_nrf.c.obj)
 .text.clk_init
                0x00000000000024b0       0x58 zephyr/drivers/clock_control/libdrivers__clock_control.a(clock_control_nrf.c.obj)
 .text.clkstarted_handle.constprop.0
                0x0000000000002508       0x34 zephyr/drivers/clock_control/libdrivers__clock_control.a(clock_control_nrf.c.obj)
 .text.clock_event_handler
                0x000000000000253c       0x1c zephyr/drivers/clock_control/libdrivers__clock_control.a(clock_control_nrf.c.obj)
 .text.generic_hfclk_start
                0x0000000000002558       0x64 zephyr/drivers/clock_control/libdrivers__clock_control.a(clock_control_nrf.c.obj)
 .text.z_nrf_clock_control_lf_on
                0x00000000000025bc       0xf4 zephyr/drivers/clock_control/libdrivers__clock_control.a(clock_control_nrf.c.obj)
                0x00000000000025bc                z_nrf_clock_control_lf_on
 .text.uart_console_init
                0x00000000000026b0       0x28 zephyr/drivers/console/libdrivers__console.a(uart_console.c.obj)
 .text.console_out
                0x00000000000026d8       0x28 zephyr/drivers/console/libdrivers__console.a(uart_console.c.obj)
 .text.gpio_nrfx_pin_interrupt_configure
                0x0000000000002700       0xd4 zephyr/drivers/gpio/libdrivers__gpio.a(gpio_nrfx.c.obj)
 .text.gpio_nrfx_init
                0x00000000000027d4       0x38 zephyr/drivers/gpio/libdrivers__gpio.a(gpio_nrfx.c.obj)
 .text.nrfx_gpio_handler
                0x000000000000280c       0x4c zephyr/drivers/gpio/libdrivers__gpio.a(gpio_nrfx.c.obj)
 .text.gpio_nrfx_pin_configure
                0x0000000000002858      0x128 zephyr/drivers/gpio/libdrivers__gpio.a(gpio_nrfx.c.obj)
 .text.qspi_get_zephyr_ret_code
                0x0000000000002980       0x1c zephyr/drivers/flash/libdrivers__flash.a(nrf_qspi_nor.c.obj)
 .text.qspi_nor_pages_layout
                0x000000000000299c       0x10 zephyr/drivers/flash/libdrivers__flash.a(nrf_qspi_nor.c.obj)
 .text.qspi_flash_get_parameters
                0x00000000000029ac        0x8 zephyr/drivers/flash/libdrivers__flash.a(nrf_qspi_nor.c.obj)
 .text.qspi_device_init
                0x00000000000029b4       0x2c zephyr/drivers/flash/libdrivers__flash.a(nrf_qspi_nor.c.obj)
 .text.qspi_send_cmd.constprop.0
                0x00000000000029e0       0x70 zephyr/drivers/flash/libdrivers__flash.a(nrf_qspi_nor.c.obj)
 .text.qspi_device_uninit.constprop.0
                0x0000000000002a50       0x2c zephyr/drivers/flash/libdrivers__flash.a(nrf_qspi_nor.c.obj)
 .text.qspi_wait_for_completion.isra.0
                0x0000000000002a7c       0x38 zephyr/drivers/flash/libdrivers__flash.a(nrf_qspi_nor.c.obj)
 .text.qspi_nor_read
                0x0000000000002ab4      0x148 zephyr/drivers/flash/libdrivers__flash.a(nrf_qspi_nor.c.obj)
 .text.qspi_nor_write
                0x0000000000002bfc      0x110 zephyr/drivers/flash/libdrivers__flash.a(nrf_qspi_nor.c.obj)
 .text.qspi_nor_erase
                0x0000000000002d0c      0x104 zephyr/drivers/flash/libdrivers__flash.a(nrf_qspi_nor.c.obj)
 .text.qspi_nor_init
                0x0000000000002e10      0x170 zephyr/drivers/flash/libdrivers__flash.a(nrf_qspi_nor.c.obj)
 .text.flash_nrf_pages_layout
                0x0000000000002f80       0x10 zephyr/drivers/flash/libdrivers__flash.a(soc_flash_nrf.c.obj)
 .text.flash_nrf_get_parameters
                0x0000000000002f90        0x8 zephyr/drivers/flash/libdrivers__flash.a(soc_flash_nrf.c.obj)
 .text.nrf_flash_init
                0x0000000000002f98       0x18 zephyr/drivers/flash/libdrivers__flash.a(soc_flash_nrf.c.obj)
 .text.flash_nrf_read
                0x0000000000002fb0       0x38 zephyr/drivers/flash/libdrivers__flash.a(soc_flash_nrf.c.obj)
 .text.restore_pofwarn.part.0
                0x0000000000002fe8       0x2c zephyr/drivers/flash/libdrivers__flash.a(soc_flash_nrf.c.obj)
 .text.suspend_pofwarn
                0x0000000000003014       0x58 zephyr/drivers/flash/libdrivers__flash.a(soc_flash_nrf.c.obj)
 .text.flash_nrf_erase
                0x000000000000306c       0x8c zephyr/drivers/flash/libdrivers__flash.a(soc_flash_nrf.c.obj)
 .text.flash_nrf_write
                0x00000000000030f8       0x94 zephyr/drivers/flash/libdrivers__flash.a(soc_flash_nrf.c.obj)
 .text.uarte_nrfx_poll_out
                0x000000000000318c       0xc4 zephyr/drivers/serial/libdrivers__serial.a(uart_nrfx_uarte.c.obj)
 .text.uarte_nrfx_configure
                0x0000000000003250      0x168 zephyr/drivers/serial/libdrivers__serial.a(uart_nrfx_uarte.c.obj)
 .text.uarte_0_init
                0x00000000000033b8      0x104 zephyr/drivers/serial/libdrivers__serial.a(uart_nrfx_uarte.c.obj)
 .text.compare_int_lock
                0x00000000000034bc       0x48 zephyr/drivers/timer/libdrivers__timer.a(nrf_rtc_timer.c.obj)
 .text.sys_clock_timeout_handler
                0x0000000000003504       0x48 zephyr/drivers/timer/libdrivers__timer.a(nrf_rtc_timer.c.obj)
 .text.compare_int_unlock
                0x000000000000354c       0x5c zephyr/drivers/timer/libdrivers__timer.a(nrf_rtc_timer.c.obj)
 .text.z_nrf_rtc_timer_read
                0x00000000000035a8       0x44 zephyr/drivers/timer/libdrivers__timer.a(nrf_rtc_timer.c.obj)
                0x00000000000035a8                z_nrf_rtc_timer_read
 .text.compare_set
                0x00000000000035ec      0x11c zephyr/drivers/timer/libdrivers__timer.a(nrf_rtc_timer.c.obj)
 .text.sys_clock_driver_init
                0x0000000000003708       0x80 zephyr/drivers/timer/libdrivers__timer.a(nrf_rtc_timer.c.obj)
 .text.rtc_nrf_isr
                0x0000000000003788       0xd4 zephyr/drivers/timer/libdrivers__timer.a(nrf_rtc_timer.c.obj)
                0x0000000000003788                rtc_nrf_isr
 .text.sys_clock_set_timeout
                0x000000000000385c       0x64 zephyr/drivers/timer/libdrivers__timer.a(nrf_rtc_timer.c.obj)
                0x000000000000385c                sys_clock_set_timeout
 .text.sys_clock_elapsed
                0x00000000000038c0       0x14 zephyr/drivers/timer/libdrivers__timer.a(nrf_rtc_timer.c.obj)
                0x00000000000038c0                sys_clock_elapsed
 .text.pinctrl_configure_pins
                0x00000000000038d4      0x174 zephyr/drivers/pinctrl/libdrivers__pinctrl.a(pinctrl_nrf.c.obj)
                0x00000000000038d4                pinctrl_configure_pins
 .text.find_free_region
                0x0000000000003a48       0x3c modules/nrf/lib/fprotect/lib..__nrf__lib__fprotect.a(fprotect_acl.c.obj)
 .text.k_sys_fatal_error_handler
                0x0000000000003a84       0x14 modules/nrf/lib/fatal_error/lib..__nrf__lib__fatal_error.a(fatal_error.c.obj)
                0x0000000000003a84                k_sys_fatal_error_handler
 .text.boot_write_magic
                0x0000000000003a98       0x40 modules/mcuboot/boot/bootutil/zephyr/libmcuboot_util.a(bootutil_public.c.obj)
                0x0000000000003a98                boot_write_magic
 .text.boot_read_swap_state
                0x0000000000003ad8       0xac modules/mcuboot/boot/bootutil/zephyr/libmcuboot_util.a(bootutil_public.c.obj)
                0x0000000000003ad8                boot_read_swap_state
 .text.boot_swap_type_multi
                0x0000000000003b84       0xec modules/mcuboot/boot/bootutil/zephyr/libmcuboot_util.a(bootutil_public.c.obj)
                0x0000000000003b84                boot_swap_type_multi
 .text.nrf52_errata_98
                0x0000000000003c70       0x24 modules/hal_nordic/nrfx/libmodules__hal_nordic__nrfx.a(system_nrf52840.c.obj)
 .text.nvmc_wait
                0x0000000000003c94       0x10 modules/hal_nordic/nrfx/libmodules__hal_nordic__nrfx.a(system_nrf52840.c.obj)
                0x0000000000003c94                nvmc_wait
 .text.SystemInit
                0x0000000000003ca4      0x1e8 modules/hal_nordic/nrfx/libmodules__hal_nordic__nrfx.a(system_nrf52840.c.obj)
                0x0000000000003ca4                SystemInit
 .text.nrfx_flag32_alloc
                0x0000000000003e8c       0x40 modules/hal_nordic/nrfx/libmodules__hal_nordic__nrfx.a(nrfx_flag32_allocator.c.obj)
                0x0000000000003e8c                nrfx_flag32_alloc
 .text.nrfx_flag32_free
                0x0000000000003ecc       0x40 modules/hal_nordic/nrfx/libmodules__hal_nordic__nrfx.a(nrfx_flag32_allocator.c.obj)
                0x0000000000003ecc                nrfx_flag32_free
 .text.clock_stop
                0x0000000000003f0c       0xc8 modules/hal_nordic/nrfx/libmodules__hal_nordic__nrfx.a(nrfx_clock.c.obj)
 .text.nrfx_clock_init
                0x0000000000003fd4       0x20 modules/hal_nordic/nrfx/libmodules__hal_nordic__nrfx.a(nrfx_clock.c.obj)
                0x0000000000003fd4                nrfx_clock_init
 .text.nrfx_power_clock_irq_handler
                0x0000000000003ff4       0x68 modules/hal_nordic/nrfx/libmodules__hal_nordic__nrfx.a(nrfx_clock.c.obj)
                0x0000000000003ff4                nrfx_power_clock_irq_handler
 .text.nrf_gpio_pin_port_decode
                0x000000000000405c       0x1c modules/hal_nordic/nrfx/libmodules__hal_nordic__nrfx.a(nrfx_gpiote.c.obj)
 .text.pin_in_use_by_te
                0x0000000000004078       0x14 modules/hal_nordic/nrfx/libmodules__hal_nordic__nrfx.a(nrfx_gpiote.c.obj)
 .text.call_handler
                0x000000000000408c       0x3c modules/hal_nordic/nrfx/libmodules__hal_nordic__nrfx.a(nrfx_gpiote.c.obj)
 .text.release_handler
                0x00000000000040c8       0x58 modules/hal_nordic/nrfx/libmodules__hal_nordic__nrfx.a(nrfx_gpiote.c.obj)
 .text.pin_handler_trigger_uninit
                0x0000000000004120       0x38 modules/hal_nordic/nrfx/libmodules__hal_nordic__nrfx.a(nrfx_gpiote.c.obj)
 .text.nrfx_gpiote_input_configure
                0x0000000000004158      0x15c modules/hal_nordic/nrfx/libmodules__hal_nordic__nrfx.a(nrfx_gpiote.c.obj)
                0x0000000000004158                nrfx_gpiote_input_configure
 .text.nrfx_gpiote_output_configure
                0x00000000000042b4       0xe4 modules/hal_nordic/nrfx/libmodules__hal_nordic__nrfx.a(nrfx_gpiote.c.obj)
                0x00000000000042b4                nrfx_gpiote_output_configure
 .text.nrfx_gpiote_global_callback_set
                0x0000000000004398        0xc modules/hal_nordic/nrfx/libmodules__hal_nordic__nrfx.a(nrfx_gpiote.c.obj)
                0x0000000000004398                nrfx_gpiote_global_callback_set
 .text.nrfx_gpiote_channel_get
                0x00000000000043a4       0x2c modules/hal_nordic/nrfx/libmodules__hal_nordic__nrfx.a(nrfx_gpiote.c.obj)
                0x00000000000043a4                nrfx_gpiote_channel_get
 .text.nrfx_gpiote_init
                0x00000000000043d0       0x50 modules/hal_nordic/nrfx/libmodules__hal_nordic__nrfx.a(nrfx_gpiote.c.obj)
                0x00000000000043d0                nrfx_gpiote_init
 .text.nrfx_gpiote_is_init
                0x0000000000004420       0x14 modules/hal_nordic/nrfx/libmodules__hal_nordic__nrfx.a(nrfx_gpiote.c.obj)
                0x0000000000004420                nrfx_gpiote_is_init
 .text.nrfx_gpiote_channel_free
                0x0000000000004434        0xc modules/hal_nordic/nrfx/libmodules__hal_nordic__nrfx.a(nrfx_gpiote.c.obj)
                0x0000000000004434                nrfx_gpiote_channel_free
 .text.nrfx_gpiote_channel_alloc
                0x0000000000004440        0xc modules/hal_nordic/nrfx/libmodules__hal_nordic__nrfx.a(nrfx_gpiote.c.obj)
                0x0000000000004440                nrfx_gpiote_channel_alloc
 .text.nrfx_gpiote_trigger_enable
                0x000000000000444c       0x90 modules/hal_nordic/nrfx/libmodules__hal_nordic__nrfx.a(nrfx_gpiote.c.obj)
                0x000000000000444c                nrfx_gpiote_trigger_enable
 .text.nrfx_gpiote_trigger_disable
                0x00000000000044dc       0x50 modules/hal_nordic/nrfx/libmodules__hal_nordic__nrfx.a(nrfx_gpiote.c.obj)
                0x00000000000044dc                nrfx_gpiote_trigger_disable
 .text.nrfx_gpiote_pin_uninit
                0x000000000000452c       0x48 modules/hal_nordic/nrfx/libmodules__hal_nordic__nrfx.a(nrfx_gpiote.c.obj)
                0x000000000000452c                nrfx_gpiote_pin_uninit
 .text.nrfx_gpiote_irq_handler
                0x0000000000004574      0x1bc modules/hal_nordic/nrfx/libmodules__hal_nordic__nrfx.a(nrfx_gpiote.c.obj)
                0x0000000000004574                nrfx_gpiote_irq_handler
 .text.nvmc_word_write
                0x0000000000004730       0x18 modules/hal_nordic/nrfx/libmodules__hal_nordic__nrfx.a(nrfx_nvmc.c.obj)
 .text.nrfx_nvmc_page_erase
                0x0000000000004748       0x40 modules/hal_nordic/nrfx/libmodules__hal_nordic__nrfx.a(nrfx_nvmc.c.obj)
                0x0000000000004748                nrfx_nvmc_page_erase
 .text.nrfx_nvmc_word_write
                0x0000000000004788       0x1c modules/hal_nordic/nrfx/libmodules__hal_nordic__nrfx.a(nrfx_nvmc.c.obj)
                0x0000000000004788                nrfx_nvmc_word_write
 .text.nrfx_ppi_channel_alloc
                0x00000000000047a4        0xc modules/hal_nordic/nrfx/libmodules__hal_nordic__nrfx.a(nrfx_ppi.c.obj)
                0x00000000000047a4                nrfx_ppi_channel_alloc
 .text.nrf_gpio_pin_port_decode
                0x00000000000047b0       0x1c modules/hal_nordic/nrfx/libmodules__hal_nordic__nrfx.a(nrfx_qspi.c.obj)
 .text.qspi_xfer
                0x00000000000047cc       0xf8 modules/hal_nordic/nrfx/libmodules__hal_nordic__nrfx.a(nrfx_qspi.c.obj)
 .text.qspi_ready_wait
                0x00000000000048c4       0x2c modules/hal_nordic/nrfx/libmodules__hal_nordic__nrfx.a(nrfx_qspi.c.obj)
 .text.qspi_event_xfer_handle.constprop.0
                0x00000000000048f0       0x28 modules/hal_nordic/nrfx/libmodules__hal_nordic__nrfx.a(nrfx_qspi.c.obj)
 .text.nrf_qspi_cinstrdata_get.constprop.0
                0x0000000000004918       0x40 modules/hal_nordic/nrfx/libmodules__hal_nordic__nrfx.a(nrfx_qspi.c.obj)
 .text.nrf_qspi_cinstrdata_set.constprop.0
                0x0000000000004958       0x64 modules/hal_nordic/nrfx/libmodules__hal_nordic__nrfx.a(nrfx_qspi.c.obj)
 .text.nrfx_qspi_init
                0x00000000000049bc      0x1c0 modules/hal_nordic/nrfx/libmodules__hal_nordic__nrfx.a(nrfx_qspi.c.obj)
                0x00000000000049bc                nrfx_qspi_init
 .text.nrfx_qspi_cinstr_xfer
                0x0000000000004b7c       0x80 modules/hal_nordic/nrfx/libmodules__hal_nordic__nrfx.a(nrfx_qspi.c.obj)
                0x0000000000004b7c                nrfx_qspi_cinstr_xfer
 .text.nrfx_qspi_mem_busy_check
                0x0000000000004bfc       0x44 modules/hal_nordic/nrfx/libmodules__hal_nordic__nrfx.a(nrfx_qspi.c.obj)
                0x0000000000004bfc                nrfx_qspi_mem_busy_check
 .text.nrfx_qspi_uninit
                0x0000000000004c40       0xa8 modules/hal_nordic/nrfx/libmodules__hal_nordic__nrfx.a(nrfx_qspi.c.obj)
                0x0000000000004c40                nrfx_qspi_uninit
 .text.nrfx_qspi_erase
                0x0000000000004ce8       0x64 modules/hal_nordic/nrfx/libmodules__hal_nordic__nrfx.a(nrfx_qspi.c.obj)
                0x0000000000004ce8                nrfx_qspi_erase
 .text.nrfx_qspi_irq_handler
                0x0000000000004d4c       0x68 modules/hal_nordic/nrfx/libmodules__hal_nordic__nrfx.a(nrfx_qspi.c.obj)
                0x0000000000004d4c                nrfx_qspi_irq_handler
 .text._DoInit  0x0000000000004db4       0x6c modules/segger/libmodules__segger.a(SEGGER_RTT.c.obj)
 .text.z_fatal_error
                0x0000000000004e20       0x7c zephyr/kernel/libkernel.a(fatal.c.obj)
                0x0000000000004e20                z_fatal_error
 .text.z_sys_init_run_level
                0x0000000000004e9c       0x44 zephyr/kernel/libkernel.a(init.c.obj)
 .text.bg_thread_main
                0x0000000000004ee0       0x30 zephyr/kernel/libkernel.a(init.c.obj)
 .text.z_bss_zero
                0x0000000000004f10       0x18 zephyr/kernel/libkernel.a(init.c.obj)
                0x0000000000004f10                z_bss_zero
 .text.z_cstart
                0x0000000000004f28       0x78 zephyr/kernel/libkernel.a(init.c.obj)
                0x0000000000004f28                z_cstart
 .text.z_data_copy
                0x0000000000004fa0       0x34 zephyr/kernel/libkernel.a(xip.c.obj)
                0x0000000000004fa0                z_data_copy
 .text.elapsed  0x0000000000004fd4       0x14 zephyr/kernel/libkernel.a(timeout.c.obj)
 .text.next_timeout
                0x0000000000004fe8       0x40 zephyr/kernel/libkernel.a(timeout.c.obj)
 .text.remove_timeout
                0x0000000000005028       0x38 zephyr/kernel/libkernel.a(timeout.c.obj)
 .text.sys_clock_announce
                0x0000000000005060       0xb8 zephyr/kernel/libkernel.a(timeout.c.obj)
                0x0000000000005060                sys_clock_announce
 .text.boot_banner
                0x0000000000005118        0xc zephyr/kernel/libkernel.a(banner.c.obj)
                0x0000000000005118                boot_banner
 .text.nrf_cc3xx_platform_init_no_rng
                0x0000000000005124       0x38 D:/ncs/v2.3.0/nrfxlib/crypto/nrf_cc310_platform/lib/cortex-m4/hard-float/no-interrupts/libnrf_cc310_platform_0.9.16.a(nrf_cc3xx_platform.c.obj)
                0x0000000000005124                nrf_cc3xx_platform_init_no_rng
 .text.nrf_cc3xx_platform_abort
                0x000000000000515c       0x24 D:/ncs/v2.3.0/nrfxlib/crypto/nrf_cc310_platform/lib/cortex-m4/hard-float/no-interrupts/libnrf_cc310_platform_0.9.16.a(nrf_cc3xx_platform_abort.c.obj)
 .text.CC_PalAbort
                0x0000000000005180       0x38 D:/ncs/v2.3.0/nrfxlib/crypto/nrf_cc310_platform/lib/cortex-m4/hard-float/no-interrupts/libnrf_cc310_platform_0.9.16.a(nrf_cc3xx_platform_abort.c.obj)
                0x0000000000005180                CC_PalAbort
 .text.nrf_cc3xx_platform_set_abort
                0x00000000000051b8       0x10 D:/ncs/v2.3.0/nrfxlib/crypto/nrf_cc310_platform/lib/cortex-m4/hard-float/no-interrupts/libnrf_cc310_platform_0.9.16.a(nrf_cc3xx_platform_abort.c.obj)
                0x00000000000051b8                nrf_cc3xx_platform_set_abort
 .text.mbedtls_platform_zeroize
                0x00000000000051c8       0x14 D:/ncs/v2.3.0/nrfxlib/crypto/nrf_cc310_platform/lib/cortex-m4/hard-float/no-interrupts/libnrf_cc310_platform_0.9.16.a(mbedtls_common.c.obj)
                0x00000000000051c8                mbedtls_platform_zeroize
 .text.CC_LibInitNoRng
                0x00000000000051dc       0x64 D:/ncs/v2.3.0/nrfxlib/crypto/nrf_cc310_platform/lib/cortex-m4/hard-float/no-interrupts/libnrf_cc310_platform_0.9.16.a(cc_lib.c.obj)
                0x00000000000051dc                CC_LibInitNoRng
 .text.CC_HalInit
                0x0000000000005240        0x4 D:/ncs/v2.3.0/nrfxlib/crypto/nrf_cc310_platform/lib/cortex-m4/hard-float/no-interrupts/libnrf_cc310_platform_0.9.16.a(cc_hal.c.obj)
                0x0000000000005240                CC_HalInit
 .text.CC_HalTerminate
                0x0000000000005244        0x4 D:/ncs/v2.3.0/nrfxlib/crypto/nrf_cc310_platform/lib/cortex-m4/hard-float/no-interrupts/libnrf_cc310_platform_0.9.16.a(cc_hal.c.obj)
                0x0000000000005244                CC_HalTerminate
 .text.CC_HalMaskInterrupt
                0x0000000000005248        0xc D:/ncs/v2.3.0/nrfxlib/crypto/nrf_cc310_platform/lib/cortex-m4/hard-float/no-interrupts/libnrf_cc310_platform_0.9.16.a(cc_hal.c.obj)
                0x0000000000005248                CC_HalMaskInterrupt
 .text.CC_PalInit
                0x0000000000005254       0x5c D:/ncs/v2.3.0/nrfxlib/crypto/nrf_cc310_platform/lib/cortex-m4/hard-float/no-interrupts/libnrf_cc310_platform_0.9.16.a(cc_pal.c.obj)
                0x0000000000005254                CC_PalInit
 .text.CC_PalTerminate
                0x00000000000052b0       0x34 D:/ncs/v2.3.0/nrfxlib/crypto/nrf_cc310_platform/lib/cortex-m4/hard-float/no-interrupts/libnrf_cc310_platform_0.9.16.a(cc_pal.c.obj)
                0x00000000000052b0                CC_PalTerminate
 .text.CC_PalDmaInit
                0x00000000000052e4        0x4 D:/ncs/v2.3.0/nrfxlib/crypto/nrf_cc310_platform/lib/cortex-m4/hard-float/no-interrupts/libnrf_cc310_platform_0.9.16.a(cc_pal_dma.c.obj)
                0x00000000000052e4                CC_PalDmaInit
 .text.CC_PalDmaTerminate
                0x00000000000052e8        0x4 D:/ncs/v2.3.0/nrfxlib/crypto/nrf_cc310_platform/lib/cortex-m4/hard-float/no-interrupts/libnrf_cc310_platform_0.9.16.a(cc_pal_dma.c.obj)
                0x00000000000052e8                CC_PalDmaTerminate
 .text.CC_PalMutexCreate
                0x00000000000052ec       0x14 D:/ncs/v2.3.0/nrfxlib/crypto/nrf_cc310_platform/lib/cortex-m4/hard-float/no-interrupts/libnrf_cc310_platform_0.9.16.a(cc_pal_mutex.c.obj)
                0x00000000000052ec                CC_PalMutexCreate
 .text.CC_PalMutexDestroy
                0x0000000000005300       0x14 D:/ncs/v2.3.0/nrfxlib/crypto/nrf_cc310_platform/lib/cortex-m4/hard-float/no-interrupts/libnrf_cc310_platform_0.9.16.a(cc_pal_mutex.c.obj)
                0x0000000000005300                CC_PalMutexDestroy
 .text.CC_PalPowerSaveModeInit
                0x0000000000005314       0x3c D:/ncs/v2.3.0/nrfxlib/crypto/nrf_cc310_platform/lib/cortex-m4/hard-float/no-interrupts/libnrf_cc310_platform_0.9.16.a(cc_pal_pm.c.obj)
                0x0000000000005314                CC_PalPowerSaveModeInit
 .text.CC_PalPowerSaveModeSelect
                0x0000000000005350       0x84 D:/ncs/v2.3.0/nrfxlib/crypto/nrf_cc310_platform/lib/cortex-m4/hard-float/no-interrupts/libnrf_cc310_platform_0.9.16.a(cc_pal_pm.c.obj)
                0x0000000000005350                CC_PalPowerSaveModeSelect
 .text.mutex_free
                0x00000000000053d4       0x34 D:/ncs/v2.3.0/nrfxlib/crypto/nrf_cc310_platform/lib/cortex-m4/hard-float/no-interrupts/libnrf_cc310_platform_0.9.16.a(nrf_cc3xx_platform_mutex.c.obj)
 .text.mutex_lock
                0x0000000000005408       0x48 D:/ncs/v2.3.0/nrfxlib/crypto/nrf_cc310_platform/lib/cortex-m4/hard-float/no-interrupts/libnrf_cc310_platform_0.9.16.a(nrf_cc3xx_platform_mutex.c.obj)
 .text.mutex_unlock
                0x0000000000005450       0x38 D:/ncs/v2.3.0/nrfxlib/crypto/nrf_cc310_platform/lib/cortex-m4/hard-float/no-interrupts/libnrf_cc310_platform_0.9.16.a(nrf_cc3xx_platform_mutex.c.obj)
 .text.mutex_init
                0x0000000000005488       0x20 D:/ncs/v2.3.0/nrfxlib/crypto/nrf_cc310_platform/lib/cortex-m4/hard-float/no-interrupts/libnrf_cc310_platform_0.9.16.a(nrf_cc3xx_platform_mutex.c.obj)
 .text.verify_context_ecdsa_verify_secp256r1
                0x00000000000054a8       0x20 D:/ncs/v2.3.0/nrfxlib/crypto/nrf_cc310_bl/lib/cortex-m4/hard-float/no-interrupts/libnrf_cc310_bl_0.9.12.a(nrf_cc310_bl_ecdsa_verify_secp256r1.c.obj)
 .text.nrf_cc310_bl_ecdsa_verify_init_secp256r1
                0x00000000000054c8       0x4c D:/ncs/v2.3.0/nrfxlib/crypto/nrf_cc310_bl/lib/cortex-m4/hard-float/no-interrupts/libnrf_cc310_bl_0.9.12.a(nrf_cc310_bl_ecdsa_verify_secp256r1.c.obj)
                0x00000000000054c8                nrf_cc310_bl_ecdsa_verify_init_secp256r1
 .text.nrf_cc310_bl_ecdsa_verify_hash_secp256r1
                0x0000000000005514      0x168 D:/ncs/v2.3.0/nrfxlib/crypto/nrf_cc310_bl/lib/cortex-m4/hard-float/no-interrupts/libnrf_cc310_bl_0.9.12.a(nrf_cc310_bl_ecdsa_verify_secp256r1.c.obj)
                0x0000000000005514                nrf_cc310_bl_ecdsa_verify_hash_secp256r1
 .text.set_digest_in_hw_sha256
                0x000000000000567c       0x38 D:/ncs/v2.3.0/nrfxlib/crypto/nrf_cc310_bl/lib/cortex-m4/hard-float/no-interrupts/libnrf_cc310_bl_0.9.12.a(nrf_cc310_bl_hash_sha256.c.obj)
 .text.read_digest_in_hw_sha256
                0x00000000000056b4       0x54 D:/ncs/v2.3.0/nrfxlib/crypto/nrf_cc310_bl/lib/cortex-m4/hard-float/no-interrupts/libnrf_cc310_bl_0.9.12.a(nrf_cc310_bl_hash_sha256.c.obj)
 .text.verify_context_hash_sha256
                0x0000000000005708       0x20 D:/ncs/v2.3.0/nrfxlib/crypto/nrf_cc310_bl/lib/cortex-m4/hard-float/no-interrupts/libnrf_cc310_bl_0.9.12.a(nrf_cc310_bl_hash_sha256.c.obj)
 .text.nrf_cc310_bl_hash_sha256_init
                0x0000000000005728       0x34 D:/ncs/v2.3.0/nrfxlib/crypto/nrf_cc310_bl/lib/cortex-m4/hard-float/no-interrupts/libnrf_cc310_bl_0.9.12.a(nrf_cc310_bl_hash_sha256.c.obj)
                0x0000000000005728                nrf_cc310_bl_hash_sha256_init
 .text.nrf_cc310_bl_hash_sha256_update
                0x000000000000575c       0xb0 D:/ncs/v2.3.0/nrfxlib/crypto/nrf_cc310_bl/lib/cortex-m4/hard-float/no-interrupts/libnrf_cc310_bl_0.9.12.a(nrf_cc310_bl_hash_sha256.c.obj)
                0x000000000000575c                nrf_cc310_bl_hash_sha256_update
 .text.nrf_cc310_bl_hash_sha256_finalize
                0x000000000000580c       0x60 D:/ncs/v2.3.0/nrfxlib/crypto/nrf_cc310_bl/lib/cortex-m4/hard-float/no-interrupts/libnrf_cc310_bl_0.9.12.a(nrf_cc310_bl_hash_sha256.c.obj)
                0x000000000000580c                nrf_cc310_bl_hash_sha256_finalize
 .text.nrf_cc310_bl_init
                0x000000000000586c       0x34 D:/ncs/v2.3.0/nrfxlib/crypto/nrf_cc310_bl/lib/cortex-m4/hard-float/no-interrupts/libnrf_cc310_bl_0.9.12.a(nrf_cc310_bl_init.c.obj)
                0x000000000000586c                nrf_cc310_bl_init
 .text.PkaSetRegsMapTab
                0x00000000000058a0       0x48 D:/ncs/v2.3.0/nrfxlib/crypto/nrf_cc310_bl/lib/cortex-m4/hard-float/no-interrupts/libnrf_cc310_bl_0.9.12.a(pka.c.obj)
                0x00000000000058a0                PkaSetRegsMapTab
 .text.PkaGetRegEffectiveSizeInBits
                0x00000000000058e8       0x8c D:/ncs/v2.3.0/nrfxlib/crypto/nrf_cc310_bl/lib/cortex-m4/hard-float/no-interrupts/libnrf_cc310_bl_0.9.12.a(pka.c.obj)
                0x00000000000058e8                PkaGetRegEffectiveSizeInBits
 .text.PkaGetNextMsBit
                0x0000000000005974       0x74 D:/ncs/v2.3.0/nrfxlib/crypto/nrf_cc310_bl/lib/cortex-m4/hard-float/no-interrupts/libnrf_cc310_bl_0.9.12.a(pka.c.obj)
                0x0000000000005974                PkaGetNextMsBit
 .text.PkaSetRegsSizesTab
                0x00000000000059e8       0x3c D:/ncs/v2.3.0/nrfxlib/crypto/nrf_cc310_bl/lib/cortex-m4/hard-float/no-interrupts/libnrf_cc310_bl_0.9.12.a(pka.c.obj)
                0x00000000000059e8                PkaSetRegsSizesTab
 .text.PkaInitPka
                0x0000000000005a24       0x74 D:/ncs/v2.3.0/nrfxlib/crypto/nrf_cc310_bl/lib/cortex-m4/hard-float/no-interrupts/libnrf_cc310_bl_0.9.12.a(pka.c.obj)
                0x0000000000005a24                PkaInitPka
 .text.PkaClearBlockOfRegs
                0x0000000000005a98      0x130 D:/ncs/v2.3.0/nrfxlib/crypto/nrf_cc310_bl/lib/cortex-m4/hard-float/no-interrupts/libnrf_cc310_bl_0.9.12.a(pka.c.obj)
                0x0000000000005a98                PkaClearBlockOfRegs
 .text.PkaFinishAndMutexUnlock
                0x0000000000005bc8       0x24 D:/ncs/v2.3.0/nrfxlib/crypto/nrf_cc310_bl/lib/cortex-m4/hard-float/no-interrupts/libnrf_cc310_bl_0.9.12.a(pka.c.obj)
                0x0000000000005bc8                PkaFinishAndMutexUnlock
 .text.PkaCopyDataIntoPkaReg
                0x0000000000005bec       0xb8 D:/ncs/v2.3.0/nrfxlib/crypto/nrf_cc310_bl/lib/cortex-m4/hard-float/no-interrupts/libnrf_cc310_bl_0.9.12.a(pka.c.obj)
                0x0000000000005bec                PkaCopyDataIntoPkaReg
 .text.PkaEcdsaVerify
                0x0000000000005ca4      0x284 D:/ncs/v2.3.0/nrfxlib/crypto/nrf_cc310_bl/lib/cortex-m4/hard-float/no-interrupts/libnrf_cc310_bl_0.9.12.a(pka_ec_wrst_dsa_verify.c.obj)
                0x0000000000005ca4                PkaEcdsaVerify
 .text.nrf_cc310_bl_hash_update_internal
                0x0000000000005f28       0xf0 D:/ncs/v2.3.0/nrfxlib/crypto/nrf_cc310_bl/lib/cortex-m4/hard-float/no-interrupts/libnrf_cc310_bl_0.9.12.a(nrf_cc310_bl_hash.c.obj)
                0x0000000000005f28                nrf_cc310_bl_hash_update_internal
 .text.PkaDoubleMdf2Mdf
                0x0000000000006018      0x1ac D:/ncs/v2.3.0/nrfxlib/crypto/nrf_cc310_bl/lib/cortex-m4/hard-float/no-interrupts/libnrf_cc310_bl_0.9.12.a(pka_ec_wrst.c.obj)
                0x0000000000006018                PkaDoubleMdf2Mdf
 .text.PkaDoubleMdf2Jcb
                0x00000000000061c4      0x178 D:/ncs/v2.3.0/nrfxlib/crypto/nrf_cc310_bl/lib/cortex-m4/hard-float/no-interrupts/libnrf_cc310_bl_0.9.12.a(pka_ec_wrst.c.obj)
                0x00000000000061c4                PkaDoubleMdf2Jcb
 .text.PkaAddJcbAfn2Mdf
                0x000000000000633c      0x194 D:/ncs/v2.3.0/nrfxlib/crypto/nrf_cc310_bl/lib/cortex-m4/hard-float/no-interrupts/libnrf_cc310_bl_0.9.12.a(pka_ec_wrst.c.obj)
                0x000000000000633c                PkaAddJcbAfn2Mdf
 .text.PkaJcb2Afn
                0x00000000000064d0       0xb0 D:/ncs/v2.3.0/nrfxlib/crypto/nrf_cc310_bl/lib/cortex-m4/hard-float/no-interrupts/libnrf_cc310_bl_0.9.12.a(pka_ec_wrst.c.obj)
                0x00000000000064d0                PkaJcb2Afn
 .text.PkaAddAff
                0x0000000000006580      0x114 D:/ncs/v2.3.0/nrfxlib/crypto/nrf_cc310_bl/lib/cortex-m4/hard-float/no-interrupts/libnrf_cc310_bl_0.9.12.a(pka_ec_wrst.c.obj)
                0x0000000000006580                PkaAddAff
 .text.PkaSum2ScalarMullt
                0x0000000000006694      0x1e4 D:/ncs/v2.3.0/nrfxlib/crypto/nrf_cc310_bl/lib/cortex-m4/hard-float/no-interrupts/libnrf_cc310_bl_0.9.12.a(pka_ec_wrst.c.obj)
                0x0000000000006694                PkaSum2ScalarMullt
 .text.SaSi_HalClearInterruptBit
                0x0000000000006878        0xc D:/ncs/v2.3.0/nrfxlib/crypto/nrf_cc310_bl/lib/cortex-m4/hard-float/no-interrupts/libnrf_cc310_bl_0.9.12.a(ssi_hal.c.obj)
                0x0000000000006878                SaSi_HalClearInterruptBit
 .text.SaSi_HalMaskInterrupt
                0x0000000000006884        0xc D:/ncs/v2.3.0/nrfxlib/crypto/nrf_cc310_bl/lib/cortex-m4/hard-float/no-interrupts/libnrf_cc310_bl_0.9.12.a(ssi_hal.c.obj)
                0x0000000000006884                SaSi_HalMaskInterrupt
 .text.SaSi_HalWaitInterrupt
                0x0000000000006890       0x18 D:/ncs/v2.3.0/nrfxlib/crypto/nrf_cc310_bl/lib/cortex-m4/hard-float/no-interrupts/libnrf_cc310_bl_0.9.12.a(ssi_hal.c.obj)
                0x0000000000006890                SaSi_HalWaitInterrupt
 .text.flash_area_id_from_multi_image_slot
                0x00000000000068a8       0x12 app/libapp.a(flash_map_extended.c.obj)
                0x00000000000068a8                flash_area_id_from_multi_image_slot
 .text.flash_area_get_device_id
                0x00000000000068ba        0x4 app/libapp.a(flash_map_extended.c.obj)
                0x00000000000068ba                flash_area_get_device_id
 .text.os_heap_init
                0x00000000000068be        0x2 app/libapp.a(os.c.obj)
                0x00000000000068be                os_heap_init
 .text.bootutil_tlv_iter_begin
                0x00000000000068c0       0x9c app/libapp.a(tlv.c.obj)
                0x00000000000068c0                bootutil_tlv_iter_begin
 .text.bootutil_tlv_iter_next
                0x000000000000695c       0x98 app/libapp.a(tlv.c.obj)
                0x000000000000695c                bootutil_tlv_iter_next
 .text.bootutil_read_bigint
                0x00000000000069f4       0x58 app/libapp.a(image_ec256.c.obj)
 .text.boot_fih_memequal
                0x0000000000006a4c        0x4 app/libapp.a(bootutil_misc.c.obj)
                0x0000000000006a4c                boot_fih_memequal
 .text.boot_trailer_sz
                0x0000000000006a50        0xa app/libapp.a(bootutil_misc.c.obj)
                0x0000000000006a50                boot_trailer_sz
 .text.boot_status_entries
                0x0000000000006a5a       0x1a app/libapp.a(bootutil_misc.c.obj)
                0x0000000000006a5a                boot_status_entries
 .text.boot_status_off
                0x0000000000006a74       0x16 app/libapp.a(bootutil_misc.c.obj)
                0x0000000000006a74                boot_status_off
 .text.boot_write_copy_done
                0x0000000000006a8a       0x10 app/libapp.a(bootutil_misc.c.obj)
                0x0000000000006a8a                boot_write_copy_done
 .text.boot_write_swap_size
                0x0000000000006a9a       0x1e app/libapp.a(bootutil_misc.c.obj)
                0x0000000000006a9a                boot_write_swap_size
 .text.boot_read_image_headers
                0x0000000000006ab8       0x2c app/libapp.a(loader.c.obj)
 .text.boot_read_image_size.constprop.0.isra.0
                0x0000000000006ae4       0x82 app/libapp.a(loader.c.obj)
 .text.boot_read_sectors
                0x0000000000006b66       0x42 app/libapp.a(loader.c.obj)
 .text.boot_status_reset
                0x0000000000006ba8       0x12 app/libapp.a(loader.c.obj)
                0x0000000000006ba8                boot_status_reset
 .text.boot_status_is_reset
                0x0000000000006bba       0x1a app/libapp.a(loader.c.obj)
                0x0000000000006bba                boot_status_is_reset
 .text.boot_write_status
                0x0000000000006bd4       0x64 app/libapp.a(loader.c.obj)
                0x0000000000006bd4                boot_write_status
 .text.boot_erase_region
                0x0000000000006c38        0x4 app/libapp.a(loader.c.obj)
                0x0000000000006c38                boot_erase_region
 .text.swap_erase_trailer_sectors
                0x0000000000006c3c       0x6c app/libapp.a(swap_misc.c.obj)
                0x0000000000006c3c                swap_erase_trailer_sectors
 .text.swap_status_init
                0x0000000000006ca8       0x3e app/libapp.a(swap_misc.c.obj)
                0x0000000000006ca8                swap_status_init
 .text.swap_read_status
                0x0000000000006ce6       0x78 app/libapp.a(swap_misc.c.obj)
                0x0000000000006ce6                swap_read_status
 .text.swap_set_copy_done
                0x0000000000006d5e       0x24 app/libapp.a(swap_misc.c.obj)
                0x0000000000006d5e                swap_set_copy_done
 .text.swap_set_image_ok
                0x0000000000006d82       0x3c app/libapp.a(swap_misc.c.obj)
                0x0000000000006d82                swap_set_image_ok
 .text.boot_status_internal_off
                0x0000000000006dbe       0x26 app/libapp.a(swap_move.c.obj)
                0x0000000000006dbe                boot_status_internal_off
 .text.mbedtls_asn1_get_len
                0x0000000000006de4       0x98 app/libapp.a(asn1parse.c.obj)
                0x0000000000006de4                mbedtls_asn1_get_len
 .text.mbedtls_asn1_get_tag
                0x0000000000006e7c       0x28 app/libapp.a(asn1parse.c.obj)
                0x0000000000006e7c                mbedtls_asn1_get_tag
 .text.mbedtls_asn1_get_bitstring_null
                0x0000000000006ea4       0x28 app/libapp.a(asn1parse.c.obj)
                0x0000000000006ea4                mbedtls_asn1_get_bitstring_null
 .text.mbedtls_asn1_get_alg
                0x0000000000006ecc       0x94 app/libapp.a(asn1parse.c.obj)
                0x0000000000006ecc                mbedtls_asn1_get_alg
 .text.cc310_sha256_update
                0x0000000000006f60       0x36 app/libapp.a(cc310_glue.c.obj)
                0x0000000000006f60                cc310_sha256_update
 .text.arch_printk_char_out
                0x0000000000006f96        0x4 zephyr/libzephyr.a(printk.c.obj)
                0x0000000000006f96                arch_printk_char_out
 .text.printk   0x0000000000006f9a       0x1a zephyr/libzephyr.a(printk.c.obj)
                0x0000000000006f9a                printk
 .text.process_recheck
                0x0000000000006fb4       0x38 zephyr/libzephyr.a(onoff.c.obj)
 .text.validate_args
                0x0000000000006fec       0x20 zephyr/libzephyr.a(onoff.c.obj)
 .text.notify_one
                0x000000000000700c       0x2c zephyr/libzephyr.a(onoff.c.obj)
 .text.transition_complete
                0x0000000000007038       0x1e zephyr/libzephyr.a(onoff.c.obj)
 .text.onoff_manager_init
                0x0000000000007056       0x26 zephyr/libzephyr.a(onoff.c.obj)
                0x0000000000007056                onoff_manager_init
 .text.onoff_request
                0x000000000000707c       0xb0 zephyr/libzephyr.a(onoff.c.obj)
                0x000000000000707c                onoff_request
 .text.sys_notify_validate
                0x000000000000712c       0x22 zephyr/libzephyr.a(notify.c.obj)
                0x000000000000712c                sys_notify_validate
 .text.sys_notify_finalize
                0x000000000000714e       0x1a zephyr/libzephyr.a(notify.c.obj)
                0x000000000000714e                sys_notify_finalize
 .text._ConfigAbsSyms
                0x0000000000007168        0x2 zephyr/libzephyr.a(configs.c.obj)
                0x0000000000007168                _ConfigAbsSyms
 .text.z_log_minimal_printk
                0x000000000000716a       0x1a zephyr/libzephyr.a(log_minimal.c.obj)
                0x000000000000716a                z_log_minimal_printk
 .text.flash_area_close
                0x0000000000007184        0x2 zephyr/libzephyr.a(flash_map.c.obj)
                0x0000000000007184                flash_area_close
 .text.flash_area_read
                0x0000000000007186       0x2a zephyr/libzephyr.a(flash_map.c.obj)
                0x0000000000007186                flash_area_read
 .text.flash_area_write
                0x00000000000071b0       0x2a zephyr/libzephyr.a(flash_map.c.obj)
                0x00000000000071b0                flash_area_write
 .text.flash_area_erase
                0x00000000000071da       0x2c zephyr/libzephyr.a(flash_map.c.obj)
                0x00000000000071da                flash_area_erase
 .text.flash_area_align
                0x0000000000007206        0xe zephyr/libzephyr.a(flash_map.c.obj)
                0x0000000000007206                flash_area_align
 .text.flash_area_erased_val
                0x0000000000007214        0xe zephyr/libzephyr.a(flash_map.c.obj)
                0x0000000000007214                flash_area_erased_val
 .text.get_sectors_cb
                0x0000000000007222       0x44 zephyr/libzephyr.a(flash_map_layout.c.obj)
 .text.abort_function
                0x0000000000007266        0x8 zephyr/libzephyr.a(nrf_cc3xx_platform_abort_zephyr.c.obj)
 .text.nrf_cc3xx_platform_mutex_init
                0x000000000000726e        0x2 zephyr/libzephyr.a(nrf_cc3xx_platform_no_mutex_zephyr.c.obj)
                0x000000000000726e                nrf_cc3xx_platform_mutex_init
 .text.z_do_kernel_oops
                0x0000000000007270        0x8 zephyr/arch/arch/arm/core/aarch32/libarch__arm__core__aarch32.a(fatal.c.obj)
                0x0000000000007270                z_do_kernel_oops
 .text.z_irq_spurious
                0x0000000000007278        0x8 zephyr/arch/arch/arm/core/aarch32/libarch__arm__core__aarch32.a(irq_manage.c.obj)
                0x0000000000007278                z_irq_spurious
 .text.z_arm_nmi
                0x0000000000007280        0xe zephyr/arch/arch/arm/core/aarch32/libarch__arm__core__aarch32.a(nmi.c.obj)
                0x0000000000007280                z_arm_nmi
 .text.strcpy   0x000000000000728e       0x14 zephyr/lib/libc/minimal/liblib__libc__minimal.a(string.c.obj)
                0x000000000000728e                strcpy
 .text.strlen   0x00000000000072a2        0xe zephyr/lib/libc/minimal/liblib__libc__minimal.a(string.c.obj)
                0x00000000000072a2                strlen
 .text.memcmp   0x00000000000072b0       0x20 zephyr/lib/libc/minimal/liblib__libc__minimal.a(string.c.obj)
                0x00000000000072b0                memcmp
 .text.memmove  0x00000000000072d0       0x2e zephyr/lib/libc/minimal/liblib__libc__minimal.a(string.c.obj)
                0x00000000000072d0                memmove
 .text.memcpy   0x00000000000072fe       0x16 zephyr/lib/libc/minimal/liblib__libc__minimal.a(string.c.obj)
                0x00000000000072fe                memcpy
 .text.memset   0x0000000000007314       0x12 zephyr/lib/libc/minimal/liblib__libc__minimal.a(string.c.obj)
                0x0000000000007314                memset
 .text._stdout_hook_default
                0x0000000000007326        0x6 zephyr/lib/libc/minimal/liblib__libc__minimal.a(stdout_console.c.obj)
 .text.get_status
                0x000000000000732c       0x12 zephyr/drivers/clock_control/libdrivers__clock_control.a(clock_control_nrf.c.obj)
 .text.set_on_state
                0x000000000000733e       0x26 zephyr/drivers/clock_control/libdrivers__clock_control.a(clock_control_nrf.c.obj)
 .text.stop     0x0000000000007364       0x52 zephyr/drivers/clock_control/libdrivers__clock_control.a(clock_control_nrf.c.obj)
 .text.api_stop
                0x00000000000073b6        0x6 zephyr/drivers/clock_control/libdrivers__clock_control.a(clock_control_nrf.c.obj)
 .text.async_start
                0x00000000000073bc       0x5c zephyr/drivers/clock_control/libdrivers__clock_control.a(clock_control_nrf.c.obj)
 .text.api_start
                0x0000000000007418        0xe zephyr/drivers/clock_control/libdrivers__clock_control.a(clock_control_nrf.c.obj)
 .text.api_blocking_start
                0x0000000000007426        0x6 zephyr/drivers/clock_control/libdrivers__clock_control.a(clock_control_nrf.c.obj)
 .text.onoff_started_callback
                0x000000000000742c       0x14 zephyr/drivers/clock_control/libdrivers__clock_control.a(clock_control_nrf.c.obj)
 .text.lfclk_start
                0x0000000000007440        0x6 zephyr/drivers/clock_control/libdrivers__clock_control.a(clock_control_nrf.c.obj)
 .text.lfclk_stop
                0x0000000000007446        0x6 zephyr/drivers/clock_control/libdrivers__clock_control.a(clock_control_nrf.c.obj)
 .text.gpio_nrfx_port_get_raw
                0x000000000000744c        0xe zephyr/drivers/gpio/libdrivers__gpio.a(gpio_nrfx.c.obj)
 .text.gpio_nrfx_port_set_masked_raw
                0x000000000000745a       0x18 zephyr/drivers/gpio/libdrivers__gpio.a(gpio_nrfx.c.obj)
 .text.gpio_nrfx_port_set_bits_raw
                0x0000000000007472        0xc zephyr/drivers/gpio/libdrivers__gpio.a(gpio_nrfx.c.obj)
 .text.gpio_nrfx_port_clear_bits_raw
                0x000000000000747e        0xc zephyr/drivers/gpio/libdrivers__gpio.a(gpio_nrfx.c.obj)
 .text.gpio_nrfx_port_toggle_bits
                0x000000000000748a       0x1a zephyr/drivers/gpio/libdrivers__gpio.a(gpio_nrfx.c.obj)
 .text.gpio_nrfx_manage_callback
                0x00000000000074a4       0x52 zephyr/drivers/gpio/libdrivers__gpio.a(gpio_nrfx.c.obj)
 .text.qspi_handler
                0x00000000000074f6        0x8 zephyr/drivers/flash/libdrivers__flash.a(nrf_qspi_nor.c.obj)
 .text.qspi_rdsr.constprop.0.isra.0
                0x00000000000074fe       0x36 zephyr/drivers/flash/libdrivers__flash.a(nrf_qspi_nor.c.obj)
 .text.qspi_nor_write_protection_set.isra.0
                0x0000000000007534       0x2a zephyr/drivers/flash/libdrivers__flash.a(nrf_qspi_nor.c.obj)
 .text.is_regular_addr_valid
                0x000000000000755e       0x22 zephyr/drivers/flash/libdrivers__flash.a(soc_flash_nrf.c.obj)
 .text.flash_get_page_info
                0x0000000000007580       0x66 zephyr/drivers/flash/libdrivers__flash.a(flash_page_layout.c.obj)
 .text.z_impl_flash_get_page_info_by_offs
                0x00000000000075e6        0x8 zephyr/drivers/flash/libdrivers__flash.a(flash_page_layout.c.obj)
                0x00000000000075e6                z_impl_flash_get_page_info_by_offs
 .text.flash_page_foreach
                0x00000000000075ee       0x58 zephyr/drivers/flash/libdrivers__flash.a(flash_page_layout.c.obj)
                0x00000000000075ee                flash_page_foreach
 .text.uarte_nrfx_config_get
                0x0000000000007646       0x10 zephyr/drivers/serial/libdrivers__serial.a(uart_nrfx_uarte.c.obj)
 .text.uarte_nrfx_err_check
                0x0000000000007656        0xe zephyr/drivers/serial/libdrivers__serial.a(uart_nrfx_uarte.c.obj)
 .text.uarte_nrfx_poll_in
                0x0000000000007664       0x28 zephyr/drivers/serial/libdrivers__serial.a(uart_nrfx_uarte.c.obj)
 .text.is_tx_ready.isra.0
                0x000000000000768c       0x20 zephyr/drivers/serial/libdrivers__serial.a(uart_nrfx_uarte.c.obj)
 .text.uarte_nrfx_isr_int
                0x00000000000076ac       0x72 zephyr/drivers/serial/libdrivers__serial.a(uart_nrfx_uarte.c.obj)
 .text.event_clear
                0x000000000000771e       0x18 zephyr/drivers/timer/libdrivers__timer.a(nrf_rtc_timer.c.obj)
 .text.pinctrl_lookup_state
                0x0000000000007736       0x26 zephyr/drivers/pinctrl/libdrivers__pinctrl.a(common.c.obj)
                0x0000000000007736                pinctrl_lookup_state
 .text.fprotect_set_permission
                0x000000000000775c       0x7e modules/nrf/lib/fprotect/lib..__nrf__lib__fprotect.a(fprotect_acl.c.obj)
 .text.fprotect_area
                0x00000000000077da        0x6 modules/nrf/lib/fprotect/lib..__nrf__lib__fprotect.a(fprotect_acl.c.obj)
                0x00000000000077da                fprotect_area
 .text.hw_cc3xx_init_internal
                0x00000000000077e0        0x4 modules/nrf/drivers/hw_cc310/lib..__nrf__drivers__hw_cc310.a(hw_cc310.c.obj)
 .text.hw_cc3xx_init
                0x00000000000077e4       0x12 modules/nrf/drivers/hw_cc310/lib..__nrf__drivers__hw_cc310.a(hw_cc310.c.obj)
 .text.boot_swap_info_off
                0x00000000000077f6        0xc modules/mcuboot/boot/bootutil/zephyr/libmcuboot_util.a(bootutil_public.c.obj)
                0x00000000000077f6                boot_swap_info_off
 .text.boot_magic_compatible_check
                0x0000000000007802       0x1c modules/mcuboot/boot/bootutil/zephyr/libmcuboot_util.a(bootutil_public.c.obj)
                0x0000000000007802                boot_magic_compatible_check
 .text.bootutil_buffer_is_erased
                0x000000000000781e       0x26 modules/mcuboot/boot/bootutil/zephyr/libmcuboot_util.a(bootutil_public.c.obj)
                0x000000000000781e                bootutil_buffer_is_erased
 .text.boot_read_flag
                0x0000000000007844       0x38 modules/mcuboot/boot/bootutil/zephyr/libmcuboot_util.a(bootutil_public.c.obj)
 .text.boot_write_trailer
                0x000000000000787c       0x58 modules/mcuboot/boot/bootutil/zephyr/libmcuboot_util.a(bootutil_public.c.obj)
                0x000000000000787c                boot_write_trailer
 .text.boot_write_trailer_flag
                0x00000000000078d4       0x14 modules/mcuboot/boot/bootutil/zephyr/libmcuboot_util.a(bootutil_public.c.obj)
                0x00000000000078d4                boot_write_trailer_flag
 .text.boot_write_image_ok
                0x00000000000078e8        0xe modules/mcuboot/boot/bootutil/zephyr/libmcuboot_util.a(bootutil_public.c.obj)
                0x00000000000078e8                boot_write_image_ok
 .text.boot_read_image_ok
                0x00000000000078f6        0xc modules/mcuboot/boot/bootutil/zephyr/libmcuboot_util.a(bootutil_public.c.obj)
                0x00000000000078f6                boot_read_image_ok
 .text.boot_read_swap_state_by_id
                0x0000000000007902       0x28 modules/mcuboot/boot/bootutil/zephyr/libmcuboot_util.a(bootutil_public.c.obj)
                0x0000000000007902                boot_read_swap_state_by_id
 .text.boot_write_swap_info
                0x000000000000792a       0x22 modules/mcuboot/boot/bootutil/zephyr/libmcuboot_util.a(bootutil_public.c.obj)
                0x000000000000792a                boot_write_swap_info
 .text.nrfx_isr
                0x000000000000794c        0x2 modules/hal_nordic/nrfx/libmodules__hal_nordic__nrfx.a(nrfx_glue.c.obj)
                0x000000000000794c                nrfx_isr
 .text.nrfx_busy_wait
                0x000000000000794e        0x4 modules/hal_nordic/nrfx/libmodules__hal_nordic__nrfx.a(nrfx_glue.c.obj)
                0x000000000000794e                nrfx_busy_wait
 .text.nrfx_clock_enable
                0x0000000000007952       0x1a modules/hal_nordic/nrfx/libmodules__hal_nordic__nrfx.a(nrfx_clock.c.obj)
                0x0000000000007952                nrfx_clock_enable
 .text.nrfx_clock_start
                0x000000000000796c       0x78 modules/hal_nordic/nrfx/libmodules__hal_nordic__nrfx.a(nrfx_clock.c.obj)
                0x000000000000796c                nrfx_clock_start
 .text.nrfx_clock_stop
                0x00000000000079e4        0x4 modules/hal_nordic/nrfx/libmodules__hal_nordic__nrfx.a(nrfx_clock.c.obj)
                0x00000000000079e4                nrfx_clock_stop
 .text.nrf_gpio_reconfigure
                0x00000000000079e8       0x92 modules/hal_nordic/nrfx/libmodules__hal_nordic__nrfx.a(nrfx_gpiote.c.obj)
 .text.nrf_gpio_cfg_sense_set
                0x0000000000007a7a       0x1e modules/hal_nordic/nrfx/libmodules__hal_nordic__nrfx.a(nrfx_gpiote.c.obj)
 .text.nrfx_nvmc_flash_size_get
                0x0000000000007a98        0xc modules/hal_nordic/nrfx/libmodules__hal_nordic__nrfx.a(nrfx_nvmc.c.obj)
                0x0000000000007a98                nrfx_nvmc_flash_size_get
 .text.nrfx_nvmc_flash_page_size_get
                0x0000000000007aa4        0x8 modules/hal_nordic/nrfx/libmodules__hal_nordic__nrfx.a(nrfx_nvmc.c.obj)
                0x0000000000007aa4                nrfx_nvmc_flash_page_size_get
 .text.nrfx_nvmc_flash_page_count_get
                0x0000000000007aac        0x8 modules/hal_nordic/nrfx/libmodules__hal_nordic__nrfx.a(nrfx_nvmc.c.obj)
                0x0000000000007aac                nrfx_nvmc_flash_page_count_get
 .text.nrf_gpio_cfg_default
                0x0000000000007ab4       0x1c modules/hal_nordic/nrfx/libmodules__hal_nordic__nrfx.a(nrfx_qspi.c.obj)
 .text.nrfx_qspi_write
                0x0000000000007ad0        0x6 modules/hal_nordic/nrfx/libmodules__hal_nordic__nrfx.a(nrfx_qspi.c.obj)
                0x0000000000007ad0                nrfx_qspi_write
 .text.nrfx_qspi_read
                0x0000000000007ad6        0x6 modules/hal_nordic/nrfx/libmodules__hal_nordic__nrfx.a(nrfx_qspi.c.obj)
                0x0000000000007ad6                nrfx_qspi_read
 .text.nrfx_qspi_chip_erase
                0x0000000000007adc        0x8 modules/hal_nordic/nrfx/libmodules__hal_nordic__nrfx.a(nrfx_qspi.c.obj)
                0x0000000000007adc                nrfx_qspi_chip_erase
 .text.SEGGER_RTT_Init
                0x0000000000007ae4        0x4 modules/segger/libmodules__segger.a(SEGGER_RTT.c.obj)
                0x0000000000007ae4                SEGGER_RTT_Init
 .text.rtt_init
                0x0000000000007ae8        0xa modules/segger/libmodules__segger.a(SEGGER_RTT_zephyr.c.obj)
 .text.z_device_state_init
                0x0000000000007af2        0x2 zephyr/kernel/libkernel.a(device.c.obj)
                0x0000000000007af2                z_device_state_init
 .text.z_device_is_ready
                0x0000000000007af4       0x16 zephyr/kernel/libkernel.a(device.c.obj)
                0x0000000000007af4                z_device_is_ready
 .text.z_early_memset
                0x0000000000007b0a        0x4 zephyr/kernel/libkernel.a(init.c.obj)
                0x0000000000007b0a                z_early_memset
 .text.z_early_memcpy
                0x0000000000007b0e        0x4 zephyr/kernel/libkernel.a(init.c.obj)
                0x0000000000007b0e                z_early_memcpy
 .text.k_is_in_isr
                0x0000000000007b12        0xc zephyr/kernel/libkernel.a(thread.c.obj)
                0x0000000000007b12                k_is_in_isr
 .text.z_impl_k_busy_wait
                0x0000000000007b1e        0x8 zephyr/kernel/libkernel.a(timeout.c.obj)
                0x0000000000007b1e                z_impl_k_busy_wait
 .text._OffsetAbsSyms
                0x0000000000007b26        0x2 zephyr/CMakeFiles/offsets.dir/./arch/arm/core/offsets/offsets.c.obj
                0x0000000000007b26                _OffsetAbsSyms
 .text.nrf_cc310_bl_ecdsa_verify_secp256r1
                0x0000000000007b28       0x26 D:/ncs/v2.3.0/nrfxlib/crypto/nrf_cc310_bl/lib/cortex-m4/hard-float/no-interrupts/libnrf_cc310_bl_0.9.12.a(nrf_cc310_bl_ecdsa_verify_secp256r1.c.obj)
                0x0000000000007b28                nrf_cc310_bl_ecdsa_verify_secp256r1
 .text.PkaInitAndMutexLock
                0x0000000000007b4e        0x8 D:/ncs/v2.3.0/nrfxlib/crypto/nrf_cc310_bl/lib/cortex-m4/hard-float/no-interrupts/libnrf_cc310_bl_0.9.12.a(pka.c.obj)
                0x0000000000007b4e                PkaInitAndMutexLock
 .text.SaSi_PalMemCopy
                0x0000000000007b56        0x4 D:/ncs/v2.3.0/nrfxlib/crypto/nrf_cc310_bl/lib/cortex-m4/hard-float/no-interrupts/libnrf_cc310_bl_0.9.12.a(ssi_pal_mem.c.obj)
                0x0000000000007b56                SaSi_PalMemCopy
 .text.SaSi_PalMemSet
                0x0000000000007b5a        0x4 D:/ncs/v2.3.0/nrfxlib/crypto/nrf_cc310_bl/lib/cortex-m4/hard-float/no-interrupts/libnrf_cc310_bl_0.9.12.a(ssi_pal_mem.c.obj)
                0x0000000000007b5a                SaSi_PalMemSet
 .text.SaSi_PalMemSetZero
                0x0000000000007b5e        0x8 D:/ncs/v2.3.0/nrfxlib/crypto/nrf_cc310_bl/lib/cortex-m4/hard-float/no-interrupts/libnrf_cc310_bl_0.9.12.a(ssi_pal_mem.c.obj)
                0x0000000000007b5e                SaSi_PalMemSetZero
 .text.CRYS_COMMON_ReverseMemcpy32
                0x0000000000007b66       0x1a D:/ncs/v2.3.0/nrfxlib/crypto/nrf_cc310_bl/lib/cortex-m4/hard-float/no-interrupts/libnrf_cc310_bl_0.9.12.a(crys_common_conv_endian.c.obj)
                0x0000000000007b66                CRYS_COMMON_ReverseMemcpy32
 *(SORT_BY_ALIGNMENT(.TEXT.*))
 *(SORT_BY_ALIGNMENT(.gnu.linkonce.t.*))
 *(SORT_BY_ALIGNMENT(.glue_7t))
 .glue_7t       0x0000000000007b80        0x0 linker stubs
 *(SORT_BY_ALIGNMENT(.glue_7))
 .glue_7        0x0000000000007b80        0x0 linker stubs
 *(SORT_BY_ALIGNMENT(.vfp11_veneer))
 .vfp11_veneer  0x0000000000007b80        0x0 linker stubs
 *(SORT_BY_ALIGNMENT(.v4_bx))
 .v4_bx         0x0000000000007b80        0x0 linker stubs
                0x0000000000007b80                . = ALIGN (0x4)
                0x0000000000007b80                __text_region_end = .

.ARM.exidx      0x0000000000007b80        0x8
                0x0000000000007b80                __exidx_start = .
 *(SORT_BY_ALIGNMENT(.ARM.exidx*) SORT_BY_ALIGNMENT(gnu.linkonce.armexidx.*))
 .ARM.exidx     0x0000000000007b80        0x8 d:/ncs/toolchains/v2.3.0/opt/zephyr-sdk/arm-zephyr-eabi/bin/../lib/gcc/arm-zephyr-eabi/12.1.0/thumb/v7e-m+fp/hard\libgcc.a(_udivmoddi4.o)
                0x0000000000007b88                __exidx_end = .
                0x0000000000007b88                __rodata_region_start = .

initlevel       0x0000000000007b88       0x60
                0x0000000000007b88                __init_start = .
                0x0000000000007b88                __init_EARLY_start = .
 *(SORT_BY_NAME(SORT_BY_ALIGNMENT(.z_init_EARLY[0-9]_*)))
 *(SORT_BY_NAME(SORT_BY_ALIGNMENT(.z_init_EARLY[1-9][0-9]_*)))
                0x0000000000007b88                __init_PRE_KERNEL_1_start = .
 *(SORT_BY_NAME(SORT_BY_ALIGNMENT(.z_init_PRE_KERNEL_1[0-9]_*)))
 .z_init_PRE_KERNEL_10_
                0x0000000000007b88        0x8 zephyr/soc/arm/nordic_nrf/nrf52/libsoc__arm__nordic_nrf__nrf52.a(soc.c.obj)
 *(SORT_BY_NAME(SORT_BY_ALIGNMENT(.z_init_PRE_KERNEL_1[1-9][0-9]_*)))
 .z_init_PRE_KERNEL_130_
                0x0000000000007b90        0x8 zephyr/drivers/clock_control/libdrivers__clock_control.a(clock_control_nrf.c.obj)
 .z_init_PRE_KERNEL_130_
                0x0000000000007b98        0x8 modules/segger/libmodules__segger.a(SEGGER_RTT_zephyr.c.obj)
 .z_init_PRE_KERNEL_140_
                0x0000000000007ba0       0x10 zephyr/drivers/gpio/libdrivers__gpio.a(gpio_nrfx.c.obj)
 .z_init_PRE_KERNEL_140_
                0x0000000000007bb0        0x8 modules/nrf/drivers/hw_cc310/lib..__nrf__drivers__hw_cc310.a(hw_cc310.c.obj)
 .z_init_PRE_KERNEL_155_
                0x0000000000007bb8        0x8 zephyr/drivers/serial/libdrivers__serial.a(uart_nrfx_uarte.c.obj)
 .z_init_PRE_KERNEL_160_
                0x0000000000007bc0        0x8 zephyr/drivers/console/libdrivers__console.a(uart_console.c.obj)
                0x0000000000007bc8                __init_PRE_KERNEL_2_start = .
 *(SORT_BY_NAME(SORT_BY_ALIGNMENT(.z_init_PRE_KERNEL_2[0-9]_*)))
 .z_init_PRE_KERNEL_20_
                0x0000000000007bc8        0x8 zephyr/drivers/timer/libdrivers__timer.a(nrf_rtc_timer.c.obj)
 *(SORT_BY_NAME(SORT_BY_ALIGNMENT(.z_init_PRE_KERNEL_2[1-9][0-9]_*)))
                0x0000000000007bd0                __init_POST_KERNEL_start = .
 *(SORT_BY_NAME(SORT_BY_ALIGNMENT(.z_init_POST_KERNEL[0-9]_*)))
 *(SORT_BY_NAME(SORT_BY_ALIGNMENT(.z_init_POST_KERNEL[1-9][0-9]_*)))
 .z_init_POST_KERNEL40_
                0x0000000000007bd0        0x8 modules/nrf/drivers/hw_cc310/lib..__nrf__drivers__hw_cc310.a(hw_cc310.c.obj)
 .z_init_POST_KERNEL50_
                0x0000000000007bd8        0x8 zephyr/drivers/flash/libdrivers__flash.a(soc_flash_nrf.c.obj)
 .z_init_POST_KERNEL80_
                0x0000000000007be0        0x8 zephyr/drivers/flash/libdrivers__flash.a(nrf_qspi_nor.c.obj)
                0x0000000000007be8                __init_APPLICATION_start = .
 *(SORT_BY_NAME(SORT_BY_ALIGNMENT(.z_init_APPLICATION[0-9]_*)))
 *(SORT_BY_NAME(SORT_BY_ALIGNMENT(.z_init_APPLICATION[1-9][0-9]_*)))
                0x0000000000007be8                __init_SMP_start = .
 *(SORT_BY_NAME(SORT_BY_ALIGNMENT(.z_init_SMP[0-9]_*)))
 *(SORT_BY_NAME(SORT_BY_ALIGNMENT(.z_init_SMP[1-9][0-9]_*)))
                0x0000000000007be8                __init_end = .

devices         0x0000000000007be8       0x90
                0x0000000000007be8                __device_start = .
                0x0000000000007be8                __device_EARLY_start = .
 *(SORT_BY_NAME(SORT_BY_ALIGNMENT(.z_device_EARLY[0-9]_*)))
 *(SORT_BY_NAME(SORT_BY_ALIGNMENT(.z_device_EARLY[1-9][0-9]_*)))
                0x0000000000007be8                __device_PRE_KERNEL_1_start = .
 *(SORT_BY_NAME(SORT_BY_ALIGNMENT(.z_device_PRE_KERNEL_1[0-9]_*)))
 *(SORT_BY_NAME(SORT_BY_ALIGNMENT(.z_device_PRE_KERNEL_1[1-9][0-9]_*)))
 .z_device_PRE_KERNEL_130_
                0x0000000000007be8       0x18 zephyr/drivers/clock_control/libdrivers__clock_control.a(clock_control_nrf.c.obj)
                0x0000000000007be8                __device_dts_ord_71
 .z_device_PRE_KERNEL_140_
                0x0000000000007c00       0x30 zephyr/drivers/gpio/libdrivers__gpio.a(gpio_nrfx.c.obj)
                0x0000000000007c00                __device_dts_ord_24
                0x0000000000007c18                __device_dts_ord_11
 .z_device_PRE_KERNEL_155_
                0x0000000000007c30       0x18 zephyr/drivers/serial/libdrivers__serial.a(uart_nrfx_uarte.c.obj)
                0x0000000000007c30                __device_dts_ord_109
                0x0000000000007c48                __device_PRE_KERNEL_2_start = .
 *(SORT_BY_NAME(SORT_BY_ALIGNMENT(.z_device_PRE_KERNEL_2[0-9]_*)))
 *(SORT_BY_NAME(SORT_BY_ALIGNMENT(.z_device_PRE_KERNEL_2[1-9][0-9]_*)))
                0x0000000000007c48                __device_POST_KERNEL_start = .
 *(SORT_BY_NAME(SORT_BY_ALIGNMENT(.z_device_POST_KERNEL[0-9]_*)))
 *(SORT_BY_NAME(SORT_BY_ALIGNMENT(.z_device_POST_KERNEL[1-9][0-9]_*)))
 .z_device_POST_KERNEL50_
                0x0000000000007c48       0x18 zephyr/drivers/flash/libdrivers__flash.a(soc_flash_nrf.c.obj)
                0x0000000000007c48                __device_dts_ord_115
 .z_device_POST_KERNEL80_
                0x0000000000007c60       0x18 zephyr/drivers/flash/libdrivers__flash.a(nrf_qspi_nor.c.obj)
                0x0000000000007c60                __device_dts_ord_125
                0x0000000000007c78                __device_APPLICATION_start = .
 *(SORT_BY_NAME(SORT_BY_ALIGNMENT(.z_device_APPLICATION[0-9]_*)))
 *(SORT_BY_NAME(SORT_BY_ALIGNMENT(.z_device_APPLICATION[1-9][0-9]_*)))
                0x0000000000007c78                __device_SMP_start = .
 *(SORT_BY_NAME(SORT_BY_ALIGNMENT(.z_device_SMP[0-9]_*)))
 *(SORT_BY_NAME(SORT_BY_ALIGNMENT(.z_device_SMP[1-9][0-9]_*)))
                0x0000000000007c78                __device_end = .

sw_isr_table    0x0000000000007c78      0x180
                0x0000000000007c78                . = ALIGN (0x4)
 *(SORT_BY_ALIGNMENT(.gnu.linkonce.sw_isr_table*))
 .gnu.linkonce.sw_isr_table
                0x0000000000007c78      0x180 zephyr/arch/common/libisr_tables.a(isr_tables.c.obj)
                0x0000000000007c78                _sw_isr_table

initlevel_error
                0x0000000000007b88        0x0
 *(SORT_BY_NAME(SORT_BY_ALIGNMENT(.z_init_[_A-Z0-9]*)))
                0x0000000000000001                ASSERT ((SIZEOF (initlevel_error) == 0x0), Undefined initialization levels used.)

app_shmem_regions
                0x0000000000007df8        0x0
                0x0000000000007df8                __app_shmem_regions_start = .
 *(SORT_BY_NAME(SORT_BY_ALIGNMENT(.app_regions.*)))
                0x0000000000007df8                __app_shmem_regions_end = .

k_p4wq_initparam_area
                0x0000000000007df8        0x0
                0x0000000000007df8                _k_p4wq_initparam_list_start = .
 *(SORT_BY_NAME(SORT_BY_ALIGNMENT(._k_p4wq_initparam.static.*)))
                0x0000000000007df8                _k_p4wq_initparam_list_end = .

_static_thread_data_area
                0x0000000000007df8        0x0
                0x0000000000007df8                __static_thread_data_list_start = .
 *(SORT_BY_NAME(SORT_BY_ALIGNMENT(.__static_thread_data.static.*)))
                0x0000000000007df8                __static_thread_data_list_end = .

device_handles  0x0000000000007df8       0x56
                0x0000000000007df8                __device_handles_start = .
 *(SORT_BY_NAME(SORT_BY_ALIGNMENT(.__device_handles_pass1*)))
 .__device_handles_pass1
                0x0000000000007df8        0xa zephyr/drivers/clock_control/libdrivers__clock_control.a(clock_control_nrf.c.obj)
                0x0000000000007df8                __devicehdl_dts_ord_71
 .__device_handles_pass1
                0x0000000000007e02       0x2c zephyr/drivers/gpio/libdrivers__gpio.a(gpio_nrfx.c.obj)
                0x0000000000007e02                __devicehdl_dts_ord_24
                0x0000000000007e16                __devicehdl_dts_ord_11
 .__device_handles_pass1
                0x0000000000007e2e        0x8 zephyr/drivers/flash/libdrivers__flash.a(nrf_qspi_nor.c.obj)
                0x0000000000007e2e                __devicehdl_dts_ord_125
 .__device_handles_pass1
                0x0000000000007e36        0xa zephyr/drivers/flash/libdrivers__flash.a(soc_flash_nrf.c.obj)
                0x0000000000007e36                __devicehdl_dts_ord_115
 .__device_handles_pass1
                0x0000000000007e40        0xe zephyr/drivers/serial/libdrivers__serial.a(uart_nrfx_uarte.c.obj)
                0x0000000000007e40                __devicehdl_dts_ord_109
                0x0000000000007e4e                __device_handles_end = .

ztest           0x0000000000007e4e        0x0
                0x0000000000007e4e                _ztest_expected_result_entry_list_start = .
 *(SORT_BY_NAME(SORT_BY_ALIGNMENT(._ztest_expected_result_entry.static.*)))
                0x0000000000007e4e                _ztest_expected_result_entry_list_end = .
                0x0000000000007e4e                _ztest_suite_node_list_start = .
 *(SORT_BY_NAME(SORT_BY_ALIGNMENT(._ztest_suite_node.static.*)))
                0x0000000000007e4e                _ztest_suite_node_list_end = .
                0x0000000000007e4e                _ztest_unit_test_list_start = .
 *(SORT_BY_NAME(SORT_BY_ALIGNMENT(._ztest_unit_test.static.*)))
                0x0000000000007e4e                _ztest_unit_test_list_end = .
                0x0000000000007e4e                _ztest_test_rule_list_start = .
 *(SORT_BY_NAME(SORT_BY_ALIGNMENT(._ztest_test_rule.static.*)))
                0x0000000000007e4e                _ztest_test_rule_list_end = .

bt_l2cap_fixed_chan_area
                0x0000000000007e4e        0x0
                0x0000000000007e4e                _bt_l2cap_fixed_chan_list_start = .
 *(SORT_BY_NAME(SORT_BY_ALIGNMENT(._bt_l2cap_fixed_chan.static.*)))
                0x0000000000007e4e                _bt_l2cap_fixed_chan_list_end = .

bt_gatt_service_static_area
                0x0000000000007e4e        0x0
                0x0000000000007e4e                _bt_gatt_service_static_list_start = .
 *(SORT_BY_NAME(SORT_BY_ALIGNMENT(._bt_gatt_service_static.static.*)))
                0x0000000000007e4e                _bt_gatt_service_static_list_end = .

log_strings_sections
                0x0000000000007e4e        0x0
                0x0000000000007e4e                __log_strings_start = .
 *(SORT_BY_NAME(SORT_BY_ALIGNMENT(.log_strings*)))
                0x0000000000007e4e                __log_strings_end = .

log_const_sections
                0x0000000000007e50       0x70
                0x0000000000007e50                __log_const_start = .
 *(SORT_BY_NAME(SORT_BY_ALIGNMENT(.log_const_*)))
 .log_const_NRFX_CLOCK
                0x0000000000007e50        0x8 modules/hal_nordic/nrfx/libmodules__hal_nordic__nrfx.a(nrfx_clock.c.obj)
                0x0000000000007e50                log_const_NRFX_CLOCK
 .log_const_NRFX_GPIOTE
                0x0000000000007e58        0x8 modules/hal_nordic/nrfx/libmodules__hal_nordic__nrfx.a(nrfx_gpiote.c.obj)
                0x0000000000007e58                log_const_NRFX_GPIOTE
 .log_const_NRFX_PPI
                0x0000000000007e60        0x8 modules/hal_nordic/nrfx/libmodules__hal_nordic__nrfx.a(nrfx_ppi.c.obj)
                0x0000000000007e60                log_const_NRFX_PPI
 .log_const_NRFX_WDT
                0x0000000000007e68        0x8 modules/hal_nordic/nrfx/libmodules__hal_nordic__nrfx.a(nrfx_wdt.c.obj)
                0x0000000000007e68                log_const_NRFX_WDT
 .log_const_cbprintf_package
                0x0000000000007e70        0x8 zephyr/libzephyr.a(cbprintf_packaged.c.obj)
                0x0000000000007e70                log_const_cbprintf_package
 .log_const_clock_control
                0x0000000000007e78        0x8 zephyr/drivers/clock_control/libdrivers__clock_control.a(clock_control_nrf.c.obj)
                0x0000000000007e78                log_const_clock_control
 .log_const_fatal_error
                0x0000000000007e80        0x8 modules/nrf/lib/fatal_error/lib..__nrf__lib__fatal_error.a(fatal_error.c.obj)
                0x0000000000007e80                log_const_fatal_error
 .log_const_flash_nrf
                0x0000000000007e88        0x8 zephyr/drivers/flash/libdrivers__flash.a(soc_flash_nrf.c.obj)
                0x0000000000007e88                log_const_flash_nrf
 .log_const_mcuboot
                0x0000000000007e90        0x8 app/libapp.a(main.c.obj)
                0x0000000000007e90                log_const_mcuboot
 .log_const_mpu
                0x0000000000007e98        0x8 zephyr/arch/arch/arm/core/aarch32/mpu/libarch__arm__core__aarch32__mpu.a(arm_core_mpu.c.obj)
                0x0000000000007e98                log_const_mpu
 .log_const_os  0x0000000000007ea0        0x8 zephyr/kernel/libkernel.a(init.c.obj)
                0x0000000000007ea0                log_const_os
 .log_const_qspi_nor
                0x0000000000007ea8        0x8 zephyr/drivers/flash/libdrivers__flash.a(nrf_qspi_nor.c.obj)
                0x0000000000007ea8                log_const_qspi_nor
 .log_const_soc
                0x0000000000007eb0        0x8 zephyr/soc/arm/nordic_nrf/nrf52/libsoc__arm__nordic_nrf__nrf52.a(soc.c.obj)
                0x0000000000007eb0                log_const_soc
 .log_const_uart_nrfx_uarte
                0x0000000000007eb8        0x8 zephyr/drivers/serial/libdrivers__serial.a(uart_nrfx_uarte.c.obj)
                0x0000000000007eb8                log_const_uart_nrfx_uarte
                0x0000000000007ec0                __log_const_end = .

log_backend_area
                0x0000000000007ec0        0x0
                0x0000000000007ec0                _log_backend_list_start = .
 *(SORT_BY_NAME(SORT_BY_ALIGNMENT(._log_backend.static.*)))
                0x0000000000007ec0                _log_backend_list_end = .

log_link_area   0x0000000000007ec0        0x0
                0x0000000000007ec0                _log_link_list_start = .
 *(SORT_BY_NAME(SORT_BY_ALIGNMENT(._log_link.static.*)))
                0x0000000000007ec0                _log_link_list_end = .

tracing_backend_area
                0x0000000000007ec0        0x0
                0x0000000000007ec0                _tracing_backend_list_start = .
 *(SORT_BY_NAME(SORT_BY_ALIGNMENT(._tracing_backend.static.*)))
                0x0000000000007ec0                _tracing_backend_list_end = .

zephyr_dbg_info
 *(SORT_BY_ALIGNMENT(.dbg_thread_info))

symbol_to_keep  0x0000000000007ec0        0x0
                0x0000000000007ec0                __symbol_to_keep_start = .
 *(SORT_BY_NAME(SORT_BY_ALIGNMENT(.symbol_to_keep*)))
                0x0000000000007ec0                __symbol_to_keep_end = .

shell_area      0x0000000000007ec0        0x0
                0x0000000000007ec0                _shell_list_start = .
 *(SORT_BY_NAME(SORT_BY_ALIGNMENT(._shell.static.*)))
                0x0000000000007ec0                _shell_list_end = .

shell_root_cmds_sections
                0x0000000000007ec0        0x0
                0x0000000000007ec0                __shell_root_cmds_start = .
 *(SORT_BY_NAME(SORT_BY_ALIGNMENT(.shell_root_cmd_*)))
                0x0000000000007ec0                __shell_root_cmds_end = .

shell_subcmds_sections
                0x0000000000007ec0        0x0
                0x0000000000007ec0                __shell_subcmds_start = .
 *(SORT_BY_NAME(SORT_BY_ALIGNMENT(.shell_subcmd_*)))
                0x0000000000007ec0                __shell_subcmds_end = .

shell_dynamic_subcmds_sections
                0x0000000000007ec0        0x0
                0x0000000000007ec0                __shell_dynamic_subcmds_start = .
 *(SORT_BY_NAME(SORT_BY_ALIGNMENT(.shell_dynamic_subcmd_*)))
                0x0000000000007ec0                __shell_dynamic_subcmds_end = .

font_entry_sections
                0x0000000000007ec0        0x0
                0x0000000000007ec0                __font_entry_start = .
 *(SORT_BY_NAME(SORT_BY_ALIGNMENT(._cfb_font.*)))
                0x0000000000007ec0                __font_entry_end = .

rodata          0x0000000000007ec0     0x12d0
 *(SORT_BY_ALIGNMENT(.rodata))
 .rodata        0x0000000000007ec0       0x10 D:/ncs/v2.3.0/nrfxlib/crypto/nrf_cc310_bl/lib/cortex-m4/hard-float/no-interrupts/libnrf_cc310_bl_0.9.12.a(nrf_cc310_bl_hash_sha256.c.obj)
 *(SORT_BY_ALIGNMENT(.rodata.*))
 .rodata.delay_machine_code.0
                0x0000000000007ed0        0x6 zephyr/soc/arm/nordic_nrf/nrf52/libsoc__arm__nordic_nrf__nrf52.a(soc.c.obj)
 *fill*         0x0000000000007ed6        0x2 
 .rodata.bootutil_key_cnt
                0x0000000000007ed8        0x4 app/libapp.a(keys.c.obj)
                0x0000000000007ed8                bootutil_key_cnt
 .rodata.bootutil_keys
                0x0000000000007edc        0x8 app/libapp.a(keys.c.obj)
                0x0000000000007edc                bootutil_keys
 .rodata.ecdsa_pub_key_len
                0x0000000000007ee4        0x4 app/libapp.a(autogen-pubkey.c.obj)
                0x0000000000007ee4                ecdsa_pub_key_len
 .rodata.flash_map_entries
                0x0000000000007ee8        0x4 zephyr/libzephyr.a(flash_map_partition_manager.c.obj)
                0x0000000000007ee8                flash_map_entries
 .rodata.default_flash_map
                0x0000000000007eec       0x70 zephyr/libzephyr.a(flash_map_partition_manager.c.obj)
                0x0000000000007eec                default_flash_map
 .rodata.apis   0x0000000000007f5c        0x8 zephyr/libzephyr.a(nrf_cc3xx_platform_abort_zephyr.c.obj)
 .rodata.static_regions
                0x0000000000007f64       0x18 zephyr/arch/arch/arm/core/aarch32/mpu/libarch__arm__core__aarch32__mpu.a(arm_core_mpu.c.obj)
 .rodata.mpu_config
                0x0000000000007f7c        0x8 zephyr/soc/arm/common/cortex_m/libsoc__arm__common__cortex_m.a(arm_mpu_regions.c.obj)
                0x0000000000007f7c                mpu_config
 .rodata.mpu_regions
                0x0000000000007f84       0x18 zephyr/soc/arm/common/cortex_m/libsoc__arm__common__cortex_m.a(arm_mpu_regions.c.obj)
 .rodata.transitions.0
                0x0000000000007f9c        0xc zephyr/drivers/clock_control/libdrivers__clock_control.a(clock_control_nrf.c.obj)
 .rodata.config
                0x0000000000007fa8       0x18 zephyr/drivers/clock_control/libdrivers__clock_control.a(clock_control_nrf.c.obj)
 .rodata.clock_control_api
                0x0000000000007fc0       0x1c zephyr/drivers/clock_control/libdrivers__clock_control.a(clock_control_nrf.c.obj)
 .rodata.gpio_nrfx_p1_cfg
                0x0000000000007fdc       0x10 zephyr/drivers/gpio/libdrivers__gpio.a(gpio_nrfx.c.obj)
 .rodata.gpio_nrfx_p0_cfg
                0x0000000000007fec       0x10 zephyr/drivers/gpio/libdrivers__gpio.a(gpio_nrfx.c.obj)
 .rodata.gpio_nrfx_drv_api_funcs
                0x0000000000007ffc       0x24 zephyr/drivers/gpio/libdrivers__gpio.a(gpio_nrfx.c.obj)
 .rodata.qspi_flash_parameters.0
                0x0000000000008020        0x8 zephyr/drivers/flash/libdrivers__flash.a(nrf_qspi_nor.c.obj)
 .rodata.qspi_nor_dev_config
                0x0000000000008028       0x24 zephyr/drivers/flash/libdrivers__flash.a(nrf_qspi_nor.c.obj)
 .rodata.__pinctrl_dev_config__device_dts_ord_124
                0x000000000000804c        0xc zephyr/drivers/flash/libdrivers__flash.a(nrf_qspi_nor.c.obj)
 .rodata.__pinctrl_states__device_dts_ord_124
                0x0000000000008058        0x8 zephyr/drivers/flash/libdrivers__flash.a(nrf_qspi_nor.c.obj)
 .rodata.__pinctrl_state_pins_0__device_dts_ord_124
                0x0000000000008060       0x18 zephyr/drivers/flash/libdrivers__flash.a(nrf_qspi_nor.c.obj)
 .rodata.qspi_nor_api
                0x0000000000008078       0x14 zephyr/drivers/flash/libdrivers__flash.a(nrf_qspi_nor.c.obj)
 .rodata.dev_layout
                0x000000000000808c        0x8 zephyr/drivers/flash/libdrivers__flash.a(nrf_qspi_nor.c.obj)
 .rodata.flash_nrf_api
                0x0000000000008094       0x14 zephyr/drivers/flash/libdrivers__flash.a(soc_flash_nrf.c.obj)
 .rodata.flash_nrf_parameters
                0x00000000000080a8        0x8 zephyr/drivers/flash/libdrivers__flash.a(soc_flash_nrf.c.obj)
 .rodata.uarte_0z_config
                0x00000000000080b0       0x10 zephyr/drivers/serial/libdrivers__serial.a(uart_nrfx_uarte.c.obj)
 .rodata.__pinctrl_dev_config__device_dts_ord_109
                0x00000000000080c0        0xc zephyr/drivers/serial/libdrivers__serial.a(uart_nrfx_uarte.c.obj)
 .rodata.__pinctrl_states__device_dts_ord_109
                0x00000000000080cc        0x8 zephyr/drivers/serial/libdrivers__serial.a(uart_nrfx_uarte.c.obj)
 .rodata.__pinctrl_state_pins_0__device_dts_ord_109
                0x00000000000080d4       0x10 zephyr/drivers/serial/libdrivers__serial.a(uart_nrfx_uarte.c.obj)
 .rodata.uart_nrfx_uarte_driver_api
                0x00000000000080e4       0x14 zephyr/drivers/serial/libdrivers__serial.a(uart_nrfx_uarte.c.obj)
 .rodata.CSWTCH.475
                0x00000000000080f8       0x14 zephyr/kernel/libkernel.a(fatal.c.obj)
 .rodata.levels.0
                0x000000000000810c       0x18 zephyr/kernel/libkernel.a(init.c.obj)
 .rodata.CSWTCH.10
                0x0000000000008124       0x1c D:/ncs/v2.3.0/nrfxlib/crypto/nrf_cc310_platform/lib/cortex-m4/hard-float/no-interrupts/libnrf_cc310_platform_0.9.16.a(nrf_cc3xx_platform.c.obj)
 .rodata.CC_PalPowerSaveModeInit.str1.4
                0x0000000000008140       0x20 D:/ncs/v2.3.0/nrfxlib/crypto/nrf_cc310_platform/lib/cortex-m4/hard-float/no-interrupts/libnrf_cc310_platform_0.9.16.a(cc_pal_pm.c.obj)
 .rodata.mutex_free.str1.4
                0x0000000000008160       0x26 D:/ncs/v2.3.0/nrfxlib/crypto/nrf_cc310_platform/lib/cortex-m4/hard-float/no-interrupts/libnrf_cc310_platform_0.9.16.a(nrf_cc3xx_platform_mutex.c.obj)
 *fill*         0x0000000000008186        0x2 
 .rodata.mutex_init.str1.4
                0x0000000000008188       0x23 D:/ncs/v2.3.0/nrfxlib/crypto/nrf_cc310_platform/lib/cortex-m4/hard-float/no-interrupts/libnrf_cc310_platform_0.9.16.a(nrf_cc3xx_platform_mutex.c.obj)
 *fill*         0x00000000000081ab        0x1 
 .rodata.domain_secp256r1
                0x00000000000081ac       0xcc D:/ncs/v2.3.0/nrfxlib/crypto/nrf_cc310_bl/lib/cortex-m4/hard-float/no-interrupts/libnrf_cc310_bl_0.9.12.a(nrf_cc310_bl_ecdsa_verify_secp256r1.c.obj)
                0x00000000000081ac                domain_secp256r1
 .rodata.NRF_CC310_BL_HASH_LARVAL_SHA256
                0x0000000000008278       0x20 D:/ncs/v2.3.0/nrfxlib/crypto/nrf_cc310_bl/lib/cortex-m4/hard-float/no-interrupts/libnrf_cc310_bl_0.9.12.a(nrf_cc310_bl_hash_sha256.c.obj)
                0x0000000000008278                NRF_CC310_BL_HASH_LARVAL_SHA256
 .rodata.CSWTCH.1874
                0x0000000000008298       0x16 zephyr/drivers/flash/libdrivers__flash.a(nrf_qspi_nor.c.obj)
 .rodata.boot_img_magic
                0x00000000000082ae       0x10 modules/mcuboot/boot/bootutil/zephyr/libmcuboot_util.a(bootutil_public.c.obj)
                0x00000000000082ae                boot_img_magic
 .rodata.main.str1.1
                0x00000000000082be       0xde app/libapp.a(main.c.obj)
 .rodata.str1.1