Archive member included to satisfy reference by file (symbol)

app/libapp.a(main.c.obj)      (--whole-archive)
app/libapp.a(flash_map_extended.c.obj)
                              (--whole-archive)
app/libapp.a(os.c.obj)        (--whole-archive)
app/libapp.a(keys.c.obj)      (--whole-archive)
app/libapp.a(image_validate.c.obj)
                              (--whole-archive)
app/libapp.a(tlv.c.obj)       (--whole-archive)
app/libapp.a(encrypted.c.obj)
                              (--whole-archive)
app/libapp.a(image_rsa.c.obj)
                              (--whole-archive)
app/libapp.a(image_ec256.c.obj)
                              (--whole-archive)
app/libapp.a(image_ed25519.c.obj)
                              (--whole-archive)
app/libapp.a(bootutil_misc.c.obj)
                              (--whole-archive)
app/libapp.a(fault_injection_hardening.c.obj)
                              (--whole-archive)
app/libapp.a(loader.c.obj)    (--whole-archive)
app/libapp.a(swap_misc.c.obj)
                              (--whole-archive)
app/libapp.a(swap_scratch.c.obj)
                              (--whole-archive)
app/libapp.a(swap_move.c.obj)
                              (--whole-archive)
app/libapp.a(caps.c.obj)      (--whole-archive)
app/libapp.a(asn1parse.c.obj)
                              (--whole-archive)
app/libapp.a(platform_util.c.obj)
                              (--whole-archive)
app/libapp.a(cc310_glue.c.obj)
                              (--whole-archive)
app/libapp.a(autogen-pubkey.c.obj)
                              (--whole-archive)
app/libapp.a(arm_cleanup.c.obj)
                              (--whole-archive)
app/libapp.a(nrf_cleanup.c.obj)
                              (--whole-archive)
zephyr/libzephyr.a(cbprintf_packaged.c.obj)
                              (--whole-archive)
zephyr/libzephyr.a(dec.c.obj)
                              (--whole-archive)
zephyr/libzephyr.a(fdtable.c.obj)
                              (--whole-archive)
zephyr/libzephyr.a(hex.c.obj)
                              (--whole-archive)
zephyr/libzephyr.a(printk.c.obj)
                              (--whole-archive)
zephyr/libzephyr.a(rb.c.obj)  (--whole-archive)
zephyr/libzephyr.a(sem.c.obj)
                              (--whole-archive)
zephyr/libzephyr.a(thread_entry.c.obj)
                              (--whole-archive)
zephyr/libzephyr.a(timeutil.c.obj)
                              (--whole-archive)
zephyr/libzephyr.a(heap.c.obj)
                              (--whole-archive)
zephyr/libzephyr.a(heap-validate.c.obj)
                              (--whole-archive)
zephyr/libzephyr.a(bitarray.c.obj)
                              (--whole-archive)
zephyr/libzephyr.a(multi_heap.c.obj)
                              (--whole-archive)
zephyr/libzephyr.a(onoff.c.obj)
                              (--whole-archive)
zephyr/libzephyr.a(notify.c.obj)
                              (--whole-archive)
zephyr/libzephyr.a(crc32c_sw.c.obj)
                              (--whole-archive)
zephyr/libzephyr.a(crc32_sw.c.obj)
                              (--whole-archive)
zephyr/libzephyr.a(crc16_sw.c.obj)
                              (--whole-archive)
zephyr/libzephyr.a(crc8_sw.c.obj)
                              (--whole-archive)
zephyr/libzephyr.a(crc7_sw.c.obj)
                              (--whole-archive)
zephyr/libzephyr.a(cbprintf_nano.c.obj)
                              (--whole-archive)
zephyr/libzephyr.a(cbprintf.c.obj)
                              (--whole-archive)
zephyr/libzephyr.a(assert.c.obj)
                              (--whole-archive)
zephyr/libzephyr.a(reboot.c.obj)
                              (--whole-archive)
zephyr/libzephyr.a(configs.c.obj)
                              (--whole-archive)
zephyr/libzephyr.a(soc_nrf_common.S.obj)
                              (--whole-archive)
zephyr/libzephyr.a(validate_base_addresses.c.obj)
                              (--whole-archive)
zephyr/libzephyr.a(validate_enabled_instances.c.obj)
                              (--whole-archive)
zephyr/libzephyr.a(log_minimal.c.obj)
                              (--whole-archive)
zephyr/libzephyr.a(flash_map.c.obj)
                              (--whole-archive)
zephyr/libzephyr.a(flash_map_layout.c.obj)
                              (--whole-archive)
zephyr/libzephyr.a(tracing_none.c.obj)
                              (--whole-archive)
zephyr/libzephyr.a(flash_map_partition_manager.c.obj)
                              (--whole-archive)
zephyr/libzephyr.a(nrf_cc3xx_platform_abort_zephyr.c.obj)
                              (--whole-archive)
zephyr/libzephyr.a(nrf_cc3xx_platform_no_mutex_zephyr.c.obj)
                              (--whole-archive)
zephyr/arch/common/libarch__common.a(sw_isr_common.c.obj)
                              (--whole-archive)
zephyr/arch/arch/arm/core/aarch32/libarch__arm__core__aarch32.a(cpu_idle.S.obj)
                              (--whole-archive)
[...]
Memory Configuration

Name             Origin             Length             Attributes
FLASH            0x0000000000000000 0x000000000000c000 xr
RAM              0x0000000020000000 0x0000000000040000 xw
IDT_LIST         0x00000000fffff7ff 0x0000000000000800 xw
*default*        0x0000000000000000 0xffffffffffffffff

Linker script and memory map

LOAD zephyr/CMakeFiles/zephyr_pre0.dir/misc/empty_file.c.obj
                0x0000000000000020                _region_min_align = 0x20

.rel.plt        0x0000000000000000        0x0
 *(SORT_BY_ALIGNMENT(.rel.plt))
                [!provide]                        PROVIDE (__rel_iplt_start = .)
 *(SORT_BY_ALIGNMENT(.rel.iplt))
 .rel.iplt      0x0000000000000000        0x0 app/libapp.a(main.c.obj)
                [!provide]                        PROVIDE (__rel_iplt_end = .)

.rela.plt       0x0000000000000000        0x0
 *(SORT_BY_ALIGNMENT(.rela.plt))
                [!provide]                        PROVIDE (__rela_iplt_start = .)
 *(SORT_BY_ALIGNMENT(.rela.iplt))
                [!provide]                        PROVIDE (__rela_iplt_end = .)

.rel.dyn
 *(SORT_BY_ALIGNMENT(.rel.*))

.rela.dyn
 *(SORT_BY_ALIGNMENT(.rela.*))

/DISCARD/
 *(SORT_BY_ALIGNMENT(.plt))

/DISCARD/
 *(SORT_BY_ALIGNMENT(.iplt))
                0x0000000000000000                __rom_region_start = 0x0

rom_start       0x0000000000000000      0x100
                0x0000000000000000                . = 0x0
                0x0000000000000000                . = ALIGN (0x4)
                0x0000000000000000                . = ALIGN (0x80)
                0x0000000000000000                . = ALIGN (0x100)
                0x0000000000000000                _vector_start = .
 *(SORT_BY_ALIGNMENT(.exc_vector_table))
 *(SORT_BY_ALIGNMENT(.exc_vector_table.*))
 .exc_vector_table._vector_table_section
                0x0000000000000000       0x40 zephyr/arch/arch/arm/core/aarch32/cortex_m/libarch__arm__core__aarch32__cortex_m.a(vector_table.S.obj)
                0x0000000000000000                _vector_table
 *(SORT_BY_ALIGNMENT(.vectors))
                0x0000000000000100                _vector_end = .
                0x0000000000000040                . = ALIGN (0x4)
 *(SORT_BY_ALIGNMENT(.gnu.linkonce.irq_vector_table*))
 .gnu.linkonce.irq_vector_table
                0x0000000000000040       0xc0 zephyr/arch/common/libisr_tables.a(isr_tables.c.obj)
                0x0000000000000040                _irq_vector_table
                0x0000000000000100                _vector_end = .

text            0x0000000000000100     0x6df0
                0x0000000000000100                __text_region_start = .
 *(SORT_BY_ALIGNMENT(.text))
 .text          0x0000000000000100       0x30 d:/ncs/toolchains/v2.3.0/opt/zephyr-sdk/arm-zephyr-eabi/bin/../lib/gcc/arm-zephyr-eabi/12.1.0/thumb/v7e-m+fp/hard\libgcc.a(_aeabi_uldivmod.o)
                0x0000000000000100                __aeabi_uldivmod
 .text          0x0000000000000130        0x4 d:/ncs/toolchains/v2.3.0/opt/zephyr-sdk/arm-zephyr-eabi/bin/../lib/gcc/arm-zephyr-eabi/12.1.0/thumb/v7e-m+fp/hard\libgcc.a(_dvmd_tls.o)
                0x0000000000000130                __aeabi_idiv0
                0x0000000000000130                __aeabi_ldiv0
 .text          0x0000000000000134      0x2a0 d:/ncs/toolchains/v2.3.0/opt/zephyr-sdk/arm-zephyr-eabi/bin/../lib/gcc/arm-zephyr-eabi/12.1.0/thumb/v7e-m+fp/hard\libgcc.a(_udivmoddi4.o)
                0x0000000000000134                __udivmoddi4
 *(SORT_BY_ALIGNMENT(.text.*))
 .text.main     0x00000000000003d4       0xdc app/libapp.a(main.c.obj)
                0x00000000000003d4                main
 .text.flash_device_base
                0x00000000000004b0       0x20 app/libapp.a(flash_map_extended.c.obj)
                0x00000000000004b0                flash_device_base
 .text.flash_area_sector_from_off
                0x00000000000004d0       0x20 app/libapp.a(flash_map_extended.c.obj)
                0x00000000000004d0                flash_area_sector_from_off
 .text.bootutil_img_validate
                0x00000000000004f0      0x228 app/libapp.a(image_validate.c.obj)
                0x00000000000004f0                bootutil_img_validate
 .text.bootutil_verify_sig
                0x0000000000000718       0xf0 app/libapp.a(image_ec256.c.obj)
                0x0000000000000718                bootutil_verify_sig
 .text.boot_read_swap_size
                0x0000000000000808       0x7c app/libapp.a(bootutil_misc.c.obj)
                0x0000000000000808                boot_read_swap_size
 .text.bootutil_max_image_size
                0x0000000000000884       0x28 app/libapp.a(bootutil_misc.c.obj)
                0x0000000000000884                bootutil_max_image_size
 .text.boot_validate_slot.isra.0
                0x00000000000008ac       0xf8 app/libapp.a(loader.c.obj)
 .text.boot_swap_image
                0x00000000000009a4       0x7c app/libapp.a(loader.c.obj)
 .text.boot_copy_region
                0x0000000000000a20       0x84 app/libapp.a(loader.c.obj)
                0x0000000000000a20                boot_copy_region
 .text.context_boot_go
                0x0000000000000aa4      0x260 app/libapp.a(loader.c.obj)
                0x0000000000000aa4                context_boot_go
 .text.boot_go  0x0000000000000d04       0x20 app/libapp.a(loader.c.obj)
                0x0000000000000d04                boot_go
 .text.boot_read_image_header
                0x0000000000000d24       0x9c app/libapp.a(swap_move.c.obj)
                0x0000000000000d24                boot_read_image_header
 .text.swap_read_status_bytes
                0x0000000000000dc0       0xc8 app/libapp.a(swap_move.c.obj)
                0x0000000000000dc0                swap_read_status_bytes
 .text.boot_slots_compatible
                0x0000000000000e88       0x6c app/libapp.a(swap_move.c.obj)
                0x0000000000000e88                boot_slots_compatible
 .text.swap_status_source
                0x0000000000000ef4       0xcc app/libapp.a(swap_move.c.obj)
                0x0000000000000ef4                swap_status_source
 .text.fixup_revert
                0x0000000000000fc0       0x98 app/libapp.a(swap_move.c.obj)
                0x0000000000000fc0                fixup_revert
 .text.swap_run
                0x0000000000001058      0x214 app/libapp.a(swap_move.c.obj)
                0x0000000000001058                swap_run
 .text.cc310_init
                0x000000000000126c       0x30 app/libapp.a(cc310_glue.c.obj)
                0x000000000000126c                cc310_init
 .text.cc310_ecdsa_verify_secp256r1
                0x000000000000129c       0x3c app/libapp.a(cc310_glue.c.obj)
                0x000000000000129c                cc310_ecdsa_verify_secp256r1
 .text.cleanup_arm_nvic
                0x00000000000012d8       0x54 app/libapp.a(arm_cleanup.c.obj)
                0x00000000000012d8                cleanup_arm_nvic
 .text.nrf_cleanup_peripheral
                0x000000000000132c       0x60 app/libapp.a(nrf_cleanup.c.obj)
                0x000000000000132c                nrf_cleanup_peripheral
 .text.char_out
                0x000000000000138c        0xc zephyr/libzephyr.a(printk.c.obj)
 .text.__printk_hook_install
                0x0000000000001398        0xc zephyr/libzephyr.a(printk.c.obj)
                0x0000000000001398                __printk_hook_install
 .text.vprintk  0x00000000000013a4       0x1c zephyr/libzephyr.a(printk.c.obj)
                0x00000000000013a4                vprintk
 .text.process_event
                0x00000000000013c0      0x21c zephyr/libzephyr.a(onoff.c.obj)
 .text.z_cbvprintf_impl
                0x00000000000015dc      0x440 zephyr/libzephyr.a(cbprintf_nano.c.obj)
                0x00000000000015dc                z_cbvprintf_impl
 .text.sys_reboot
                0x0000000000001a1c       0x28 zephyr/libzephyr.a(reboot.c.obj)
                0x0000000000001a1c                sys_reboot
 .text.z_arm_platform_init
                0x0000000000001a44        0x4 zephyr/libzephyr.a(soc_nrf_common.S.obj)
                0x0000000000001a44                z_arm_platform_init
 .text.flash_area_open
                0x0000000000001a48       0x50 zephyr/libzephyr.a(flash_map.c.obj)
                0x0000000000001a48                flash_area_open
 .text.flash_area_get_sectors
                0x0000000000001a98       0x60 zephyr/libzephyr.a(flash_map_layout.c.obj)
                0x0000000000001a98                flash_area_get_sectors
 .text.nrf_cc3xx_platform_abort_init
                0x0000000000001af8        0xc zephyr/libzephyr.a(nrf_cc3xx_platform_abort_zephyr.c.obj)
                0x0000000000001af8                nrf_cc3xx_platform_abort_init
 .text.z_arm_cpu_idle_init
                0x0000000000001b04        0xc zephyr/arch/arch/arm/core/aarch32/libarch__arm__core__aarch32.a(cpu_idle.S.obj)
                0x0000000000001b04                z_arm_cpu_idle_init
 .text.arch_cpu_idle
                0x0000000000001b10       0x1c zephyr/arch/arch/arm/core/aarch32/libarch__arm__core__aarch32.a(cpu_idle.S.obj)
                0x0000000000001b10                arch_cpu_idle
 .text.arch_cpu_atomic_idle
                0x0000000000001b2c       0x18 zephyr/arch/arch/arm/core/aarch32/libarch__arm__core__aarch32.a(cpu_idle.S.obj)
                0x0000000000001b2c                arch_cpu_atomic_idle
 .text.z_arm_fatal_error
                0x0000000000001b44       0x5c zephyr/arch/arch/arm/core/aarch32/libarch__arm__core__aarch32.a(fatal.c.obj)
                0x0000000000001b44                z_arm_fatal_error
 .text.arch_irq_enable
                0x0000000000001ba0       0x1c zephyr/arch/arch/arm/core/aarch32/libarch__arm__core__aarch32.a(irq_manage.c.obj)
                0x0000000000001ba0                arch_irq_enable
 .text.arch_irq_is_enabled
                0x0000000000001bbc       0x1c zephyr/arch/arch/arm/core/aarch32/libarch__arm__core__aarch32.a(irq_manage.c.obj)
                0x0000000000001bbc                arch_irq_is_enabled
 .text.z_arm_irq_priority_set
                0x0000000000001bd8       0x30 zephyr/arch/arch/arm/core/aarch32/libarch__arm__core__aarch32.a(irq_manage.c.obj)
                0x0000000000001bd8                z_arm_irq_priority_set
 .text.z_SysNmiOnReset
                0x0000000000001c08        0x8 zephyr/arch/arch/arm/core/aarch32/libarch__arm__core__aarch32.a(nmi_on_reset.S.obj)
                0x0000000000001c08                z_SysNmiOnReset
 .text.z_arm_prep_c
                0x0000000000001c10       0x5c zephyr/arch/arch/arm/core/aarch32/libarch__arm__core__aarch32.a(prep_c.c.obj)
                0x0000000000001c10                z_arm_prep_c
 .text.z_arm_svc
                0x0000000000001c6c       0x20 zephyr/arch/arch/arm/core/aarch32/libarch__arm__core__aarch32.a(swap_helper.S.obj)
                0x0000000000001c6c                z_arm_svc
 .text.z_check_thread_stack_fail
                0x0000000000001c8c       0x2c zephyr/arch/arch/arm/core/aarch32/libarch__arm__core__aarch32.a(thread.c.obj)
                0x0000000000001c8c                z_check_thread_stack_fail
 .text.z_arm_switch_to_main_no_multithreading
                0x0000000000001cb8       0x34 zephyr/arch/arch/arm/core/aarch32/libarch__arm__core__aarch32.a(thread.c.obj)
                0x0000000000001cb8                z_arm_switch_to_main_no_multithreading
 .text._isr_wrapper
                0x0000000000001cec       0x28 zephyr/arch/arch/arm/core/aarch32/libarch__arm__core__aarch32.a(isr_wrapper.S.obj)
                0x0000000000001cec                _isr_wrapper
 .text._HandlerModeExit
                0x0000000000001d14        0x4 zephyr/arch/arch/arm/core/aarch32/cortex_m/libarch__arm__core__aarch32__cortex_m.a(exc_exit.S.obj)
                0x0000000000001d14                z_arm_int_exit
                0x0000000000001d14                z_arm_exc_exit
 .text.mem_manage_fault
                0x0000000000001d18       0xf0 zephyr/arch/arch/arm/core/aarch32/cortex_m/libarch__arm__core__aarch32__cortex_m.a(fault.c.obj)
 .text.usage_fault.constprop.0
                0x0000000000001e08       0x98 zephyr/arch/arch/arm/core/aarch32/cortex_m/libarch__arm__core__aarch32__cortex_m.a(fault.c.obj)
 .text.bus_fault.constprop.0
                0x0000000000001ea0       0xb4 zephyr/arch/arch/arm/core/aarch32/cortex_m/libarch__arm__core__aarch32__cortex_m.a(fault.c.obj)
 .text.z_arm_fault
                0x0000000000001f54      0x1a8 zephyr/arch/arch/arm/core/aarch32/cortex_m/libarch__arm__core__aarch32__cortex_m.a(fault.c.obj)
                0x0000000000001f54                z_arm_fault
 .text.z_arm_fault_init
                0x00000000000020fc       0x10 zephyr/arch/arch/arm/core/aarch32/cortex_m/libarch__arm__core__aarch32__cortex_m.a(fault.c.obj)
                0x00000000000020fc                z_arm_fault_init
 .text.__fault  0x000000000000210c       0x14 zephyr/arch/arch/arm/core/aarch32/cortex_m/libarch__arm__core__aarch32__cortex_m.a(fault_s.S.obj)
                0x000000000000210c                z_arm_usage_fault
                0x000000000000210c                z_arm_mpu_fault
                0x000000000000210c                z_arm_exc_spurious
                0x000000000000210c                z_arm_debug_monitor
                0x000000000000210c                z_arm_hard_fault
                0x000000000000210c                z_arm_bus_fault
 .text.z_arm_interrupt_init
                0x0000000000002120       0x18 zephyr/arch/arch/arm/core/aarch32/cortex_m/libarch__arm__core__aarch32__cortex_m.a(irq_init.c.obj)
                0x0000000000002120                z_arm_interrupt_init
 .text._reset_section
                0x0000000000002138       0x54 zephyr/arch/arch/arm/core/aarch32/cortex_m/libarch__arm__core__aarch32__cortex_m.a(reset.S.obj)
                0x0000000000002138                __start
                0x0000000000002138                z_arm_reset
 .text.z_arm_clear_arm_mpu_config
                0x000000000000218c       0x24 zephyr/arch/arch/arm/core/aarch32/cortex_m/libarch__arm__core__aarch32__cortex_m.a(scb.c.obj)
                0x000000000000218c                z_arm_clear_arm_mpu_config
 .text.z_arm_init_arch_hw_at_boot
                0x00000000000021b0       0x64 zephyr/arch/arch/arm/core/aarch32/cortex_m/libarch__arm__core__aarch32__cortex_m.a(scb.c.obj)
                0x00000000000021b0                z_arm_init_arch_hw_at_boot
 .text.z_arm_configure_static_mpu_regions
                0x0000000000002214       0x18 zephyr/arch/arch/arm/core/aarch32/mpu/libarch__arm__core__aarch32__mpu.a(arm_core_mpu.c.obj)
                0x0000000000002214                z_arm_configure_static_mpu_regions
 .text.mpu_configure_regions
                0x000000000000222c       0xa0 zephyr/arch/arch/arm/core/aarch32/mpu/libarch__arm__core__aarch32__mpu.a(arm_mpu.c.obj)
 .text.arm_core_mpu_enable
                0x00000000000022cc       0x18 zephyr/arch/arch/arm/core/aarch32/mpu/libarch__arm__core__aarch32__mpu.a(arm_mpu.c.obj)
                0x00000000000022cc                arm_core_mpu_enable
 .text.arm_core_mpu_disable
                0x00000000000022e4       0x14 zephyr/arch/arch/arm/core/aarch32/mpu/libarch__arm__core__aarch32__mpu.a(arm_mpu.c.obj)
                0x00000000000022e4                arm_core_mpu_disable
 .text.arm_core_mpu_configure_static_mpu_regions
                0x00000000000022f8       0x14 zephyr/arch/arch/arm/core/aarch32/mpu/libarch__arm__core__aarch32__mpu.a(arm_mpu.c.obj)
                0x00000000000022f8                arm_core_mpu_configure_static_mpu_regions
 .text.z_arm_mpu_init
                0x000000000000230c       0x60 zephyr/arch/arch/arm/core/aarch32/mpu/libarch__arm__core__aarch32__mpu.a(arm_mpu.c.obj)
                0x000000000000230c                z_arm_mpu_init
 .text.__stdout_hook_install
                0x000000000000236c        0xc zephyr/lib/libc/minimal/liblib__libc__minimal.a(stdout_console.c.obj)
                0x000000000000236c                __stdout_hook_install
 .text.nordicsemi_nrf52_init
                0x0000000000002378       0x60 zephyr/soc/arm/nordic_nrf/nrf52/libsoc__arm__nordic_nrf__nrf52.a(soc.c.obj)
 .text.sys_arch_reboot
                0x00000000000023d8       0x2c zephyr/soc/arm/nordic_nrf/nrf52/libsoc__arm__nordic_nrf__nrf52.a(soc.c.obj)
                0x00000000000023d8                sys_arch_reboot
 .text.arch_busy_wait
                0x0000000000002404       0x14 zephyr/soc/arm/nordic_nrf/nrf52/libsoc__arm__nordic_nrf__nrf52.a(soc.c.obj)
                0x0000000000002404                arch_busy_wait
 .text.onoff_stop
                0x0000000000002418       0x30 zephyr/drivers/clock_control/libdrivers__clock_control.a(clock_control_nrf.c.obj)
 .text.onoff_start
                0x0000000000002448       0x44 zephyr/drivers/clock_control/libdrivers__clock_control.a(clock_control_nrf.c.obj)
 .text.generic_hfclk_stop
                0x000000000000248c       0x34 zephyr/drivers/clock_control/libdrivers__clock_control.a(clock_control_nrf.c.obj)
 .text.clk_init
                0x00000000000024c0       0x58 zephyr/drivers/clock_control/libdrivers__clock_control.a(clock_control_nrf.c.obj)
 .text.clkstarted_handle.constprop.0
                0x0000000000002518       0x34 zephyr/drivers/clock_control/libdrivers__clock_control.a(clock_control_nrf.c.obj)
 .text.clock_event_handler
                0x000000000000254c       0x1c zephyr/drivers/clock_control/libdrivers__clock_control.a(clock_control_nrf.c.obj)
 .text.generic_hfclk_start
                0x0000000000002568       0x64 zephyr/drivers/clock_control/libdrivers__clock_control.a(clock_control_nrf.c.obj)
 .text.z_nrf_clock_control_lf_on
                0x00000000000025cc       0xf4 zephyr/drivers/clock_control/libdrivers__clock_control.a(clock_control_nrf.c.obj)
                0x00000000000025cc                z_nrf_clock_control_lf_on
 .text.uart_console_init
                0x00000000000026c0       0x28 zephyr/drivers/console/libdrivers__console.a(uart_console.c.obj)
 .text.console_out
                0x00000000000026e8       0x28 zephyr/drivers/console/libdrivers__console.a(uart_console.c.obj)
 .text.gpio_nrfx_pin_interrupt_configure
                0x0000000000002710       0xd4 zephyr/drivers/gpio/libdrivers__gpio.a(gpio_nrfx.c.obj)
 .text.gpio_nrfx_init
                0x00000000000027e4       0x38 zephyr/drivers/gpio/libdrivers__gpio.a(gpio_nrfx.c.obj)
 .text.nrfx_gpio_handler
                0x000000000000281c       0x4c zephyr/drivers/gpio/libdrivers__gpio.a(gpio_nrfx.c.obj)
 .text.gpio_nrfx_pin_configure
                0x0000000000002868      0x128 zephyr/drivers/gpio/libdrivers__gpio.a(gpio_nrfx.c.obj)
 .text.flash_nrf_pages_layout
                0x0000000000002990       0x10 zephyr/drivers/flash/libdrivers__flash.a(soc_flash_nrf.c.obj)
 .text.flash_nrf_get_parameters
                0x00000000000029a0        0x8 zephyr/drivers/flash/libdrivers__flash.a(soc_flash_nrf.c.obj)
 .text.nrf_flash_init
                0x00000000000029a8       0x18 zephyr/drivers/flash/libdrivers__flash.a(soc_flash_nrf.c.obj)
 .text.flash_nrf_read
                0x00000000000029c0       0x38 zephyr/drivers/flash/libdrivers__flash.a(soc_flash_nrf.c.obj)
 .text.restore_pofwarn.part.0
                0x00000000000029f8       0x2c zephyr/drivers/flash/libdrivers__flash.a(soc_flash_nrf.c.obj)
 .text.suspend_pofwarn
                0x0000000000002a24       0x58 zephyr/drivers/flash/libdrivers__flash.a(soc_flash_nrf.c.obj)
 .text.flash_nrf_erase
                0x0000000000002a7c       0x8c zephyr/drivers/flash/libdrivers__flash.a(soc_flash_nrf.c.obj)
 .text.flash_nrf_write
                0x0000000000002b08       0x94 zephyr/drivers/flash/libdrivers__flash.a(soc_flash_nrf.c.obj)
 .text.uarte_nrfx_poll_out
                0x0000000000002b9c       0xc4 zephyr/drivers/serial/libdrivers__serial.a(uart_nrfx_uarte.c.obj)
 .text.uarte_nrfx_configure
                0x0000000000002c60      0x168 zephyr/drivers/serial/libdrivers__serial.a(uart_nrfx_uarte.c.obj)
 .text.uarte_instance_init.constprop.0
                0x0000000000002dc8       0xf0 zephyr/drivers/serial/libdrivers__serial.a(uart_nrfx_uarte.c.obj)
 .text.compare_int_lock
                0x0000000000002eb8       0x48 zephyr/drivers/timer/libdrivers__timer.a(nrf_rtc_timer.c.obj)
 .text.sys_clock_timeout_handler
                0x0000000000002f00       0x48 zephyr/drivers/timer/libdrivers__timer.a(nrf_rtc_timer.c.obj)
 .text.compare_int_unlock
                0x0000000000002f48       0x5c zephyr/drivers/timer/libdrivers__timer.a(nrf_rtc_timer.c.obj)
 .text.z_nrf_rtc_timer_read
                0x0000000000002fa4       0x44 zephyr/drivers/timer/libdrivers__timer.a(nrf_rtc_timer.c.obj)
                0x0000000000002fa4                z_nrf_rtc_timer_read
 .text.compare_set
                0x0000000000002fe8      0x11c zephyr/drivers/timer/libdrivers__timer.a(nrf_rtc_timer.c.obj)
 .text.sys_clock_driver_init
                0x0000000000003104       0x80 zephyr/drivers/timer/libdrivers__timer.a(nrf_rtc_timer.c.obj)
 .text.rtc_nrf_isr
                0x0000000000003184       0xd4 zephyr/drivers/timer/libdrivers__timer.a(nrf_rtc_timer.c.obj)
                0x0000000000003184                rtc_nrf_isr
 .text.sys_clock_set_timeout
                0x0000000000003258       0x64 zephyr/drivers/timer/libdrivers__timer.a(nrf_rtc_timer.c.obj)
                0x0000000000003258                sys_clock_set_timeout
 .text.sys_clock_elapsed
                0x00000000000032bc       0x14 zephyr/drivers/timer/libdrivers__timer.a(nrf_rtc_timer.c.obj)
                0x00000000000032bc                sys_clock_elapsed
 .text.pinctrl_configure_pins
                0x00000000000032d0      0x174 zephyr/drivers/pinctrl/libdrivers__pinctrl.a(pinctrl_nrf.c.obj)
                0x00000000000032d0                pinctrl_configure_pins
 .text.find_free_region
                0x0000000000003444       0x3c modules/nrf/lib/fprotect/lib..__nrf__lib__fprotect.a(fprotect_acl.c.obj)
 .text.k_sys_fatal_error_handler
                0x0000000000003480       0x14 modules/nrf/lib/fatal_error/lib..__nrf__lib__fatal_error.a(fatal_error.c.obj)
                0x0000000000003480                k_sys_fatal_error_handler
 .text.boot_write_magic
                0x0000000000003494       0x40 modules/mcuboot/boot/bootutil/zephyr/libmcuboot_util.a(bootutil_public.c.obj)
                0x0000000000003494                boot_write_magic
 .text.boot_read_swap_state
                0x00000000000034d4       0xac modules/mcuboot/boot/bootutil/zephyr/libmcuboot_util.a(bootutil_public.c.obj)
                0x00000000000034d4                boot_read_swap_state
 .text.boot_swap_type_multi
                0x0000000000003580       0xec modules/mcuboot/boot/bootutil/zephyr/libmcuboot_util.a(bootutil_public.c.obj)
                0x0000000000003580                boot_swap_type_multi
 .text.nrf52_errata_98
                0x000000000000366c       0x24 modules/hal_nordic/nrfx/libmodules__hal_nordic__nrfx.a(system_nrf52840.c.obj)
 .text.nvmc_wait
                0x0000000000003690       0x10 modules/hal_nordic/nrfx/libmodules__hal_nordic__nrfx.a(system_nrf52840.c.obj)
                0x0000000000003690                nvmc_wait
 .text.SystemInit
                0x00000000000036a0      0x1e8 modules/hal_nordic/nrfx/libmodules__hal_nordic__nrfx.a(system_nrf52840.c.obj)
                0x00000000000036a0                SystemInit
 .text.nrfx_flag32_alloc
                0x0000000000003888       0x40 modules/hal_nordic/nrfx/libmodules__hal_nordic__nrfx.a(nrfx_flag32_allocator.c.obj)
                0x0000000000003888                nrfx_flag32_alloc
 .text.nrfx_flag32_free
                0x00000000000038c8       0x40 modules/hal_nordic/nrfx/libmodules__hal_nordic__nrfx.a(nrfx_flag32_allocator.c.obj)
                0x00000000000038c8                nrfx_flag32_free
 .text.clock_stop
                0x0000000000003908       0xc8 modules/hal_nordic/nrfx/libmodules__hal_nordic__nrfx.a(nrfx_clock.c.obj)
 .text.nrfx_clock_init
                0x00000000000039d0       0x20 modules/hal_nordic/nrfx/libmodules__hal_nordic__nrfx.a(nrfx_clock.c.obj)
                0x00000000000039d0                nrfx_clock_init
 .text.nrfx_power_clock_irq_handler
                0x00000000000039f0       0x68 modules/hal_nordic/nrfx/libmodules__hal_nordic__nrfx.a(nrfx_clock.c.obj)
                0x00000000000039f0                nrfx_power_clock_irq_handler
 .text.nrf_gpio_pin_port_decode
                0x0000000000003a58       0x1c modules/hal_nordic/nrfx/libmodules__hal_nordic__nrfx.a(nrfx_gpiote.c.obj)
 .text.pin_in_use_by_te
                0x0000000000003a74       0x14 modules/hal_nordic/nrfx/libmodules__hal_nordic__nrfx.a(nrfx_gpiote.c.obj)
 .text.call_handler
                0x0000000000003a88       0x3c modules/hal_nordic/nrfx/libmodules__hal_nordic__nrfx.a(nrfx_gpiote.c.obj)
 .text.release_handler
                0x0000000000003ac4       0x58 modules/hal_nordic/nrfx/libmodules__hal_nordic__nrfx.a(nrfx_gpiote.c.obj)
 .text.pin_handler_trigger_uninit
                0x0000000000003b1c       0x38 modules/hal_nordic/nrfx/libmodules__hal_nordic__nrfx.a(nrfx_gpiote.c.obj)
 .text.nrfx_gpiote_input_configure
                0x0000000000003b54      0x15c modules/hal_nordic/nrfx/libmodules__hal_nordic__nrfx.a(nrfx_gpiote.c.obj)
                0x0000000000003b54                nrfx_gpiote_input_configure
 .text.nrfx_gpiote_output_configure
                0x0000000000003cb0       0xe4 modules/hal_nordic/nrfx/libmodules__hal_nordic__nrfx.a(nrfx_gpiote.c.obj)
                0x0000000000003cb0                nrfx_gpiote_output_configure
 .text.nrfx_gpiote_global_callback_set
                0x0000000000003d94        0xc modules/hal_nordic/nrfx/libmodules__hal_nordic__nrfx.a(nrfx_gpiote.c.obj)
                0x0000000000003d94                nrfx_gpiote_global_callback_set
 .text.nrfx_gpiote_channel_get
                0x0000000000003da0       0x2c modules/hal_nordic/nrfx/libmodules__hal_nordic__nrfx.a(nrfx_gpiote.c.obj)
                0x0000000000003da0                nrfx_gpiote_channel_get
 .text.nrfx_gpiote_init
                0x0000000000003dcc       0x50 modules/hal_nordic/nrfx/libmodules__hal_nordic__nrfx.a(nrfx_gpiote.c.obj)
                0x0000000000003dcc                nrfx_gpiote_init
 .text.nrfx_gpiote_is_init
                0x0000000000003e1c       0x14 modules/hal_nordic/nrfx/libmodules__hal_nordic__nrfx.a(nrfx_gpiote.c.obj)
                0x0000000000003e1c                nrfx_gpiote_is_init
 .text.nrfx_gpiote_channel_free
                0x0000000000003e30        0xc modules/hal_nordic/nrfx/libmodules__hal_nordic__nrfx.a(nrfx_gpiote.c.obj)
                0x0000000000003e30                nrfx_gpiote_channel_free
 .text.nrfx_gpiote_channel_alloc
                0x0000000000003e3c        0xc modules/hal_nordic/nrfx/libmodules__hal_nordic__nrfx.a(nrfx_gpiote.c.obj)
                0x0000000000003e3c                nrfx_gpiote_channel_alloc
 .text.nrfx_gpiote_trigger_enable
                0x0000000000003e48       0x90 modules/hal_nordic/nrfx/libmodules__hal_nordic__nrfx.a(nrfx_gpiote.c.obj)
                0x0000000000003e48                nrfx_gpiote_trigger_enable
 .text.nrfx_gpiote_trigger_disable
                0x0000000000003ed8       0x50 modules/hal_nordic/nrfx/libmodules__hal_nordic__nrfx.a(nrfx_gpiote.c.obj)
                0x0000000000003ed8                nrfx_gpiote_trigger_disable
 .text.nrfx_gpiote_pin_uninit
                0x0000000000003f28       0x48 modules/hal_nordic/nrfx/libmodules__hal_nordic__nrfx.a(nrfx_gpiote.c.obj)
                0x0000000000003f28                nrfx_gpiote_pin_uninit
 .text.nrfx_gpiote_irq_handler
                0x0000000000003f70      0x1bc modules/hal_nordic/nrfx/libmodules__hal_nordic__nrfx.a(nrfx_gpiote.c.obj)
                0x0000000000003f70                nrfx_gpiote_irq_handler
 .text.nvmc_word_write
                0x000000000000412c       0x18 modules/hal_nordic/nrfx/libmodules__hal_nordic__nrfx.a(nrfx_nvmc.c.obj)
 .text.nrfx_nvmc_page_erase
                0x0000000000004144       0x40 modules/hal_nordic/nrfx/libmodules__hal_nordic__nrfx.a(nrfx_nvmc.c.obj)
                0x0000000000004144                nrfx_nvmc_page_erase
 .text.nrfx_nvmc_word_write
                0x0000000000004184       0x1c modules/hal_nordic/nrfx/libmodules__hal_nordic__nrfx.a(nrfx_nvmc.c.obj)
                0x0000000000004184                nrfx_nvmc_word_write
 .text.nrfx_ppi_channel_alloc
                0x00000000000041a0        0xc modules/hal_nordic/nrfx/libmodules__hal_nordic__nrfx.a(nrfx_ppi.c.obj)
                0x00000000000041a0                nrfx_ppi_channel_alloc
 .text._DoInit  0x00000000000041ac       0x6c modules/segger/libmodules__segger.a(SEGGER_RTT.c.obj)
 .text.z_fatal_error
                0x0000000000004218       0x7c zephyr/kernel/libkernel.a(fatal.c.obj)
                0x0000000000004218                z_fatal_error
 .text.z_sys_init_run_level
                0x0000000000004294       0x44 zephyr/kernel/libkernel.a(init.c.obj)
 .text.bg_thread_main
                0x00000000000042d8       0x30 zephyr/kernel/libkernel.a(init.c.obj)
 .text.z_bss_zero
                0x0000000000004308       0x18 zephyr/kernel/libkernel.a(init.c.obj)
                0x0000000000004308                z_bss_zero
 .text.z_cstart
                0x0000000000004320       0x78 zephyr/kernel/libkernel.a(init.c.obj)
                0x0000000000004320                z_cstart
 .text.z_data_copy
                0x0000000000004398       0x34 zephyr/kernel/libkernel.a(xip.c.obj)
                0x0000000000004398                z_data_copy
 .text.elapsed  0x00000000000043cc       0x14 zephyr/kernel/libkernel.a(timeout.c.obj)
 .text.next_timeout
                0x00000000000043e0       0x40 zephyr/kernel/libkernel.a(timeout.c.obj)
 .text.remove_timeout
                0x0000000000004420       0x38 zephyr/kernel/libkernel.a(timeout.c.obj)
 .text.sys_clock_announce
                0x0000000000004458       0xb8 zephyr/kernel/libkernel.a(timeout.c.obj)
                0x0000000000004458                sys_clock_announce
 .text.boot_banner
                0x0000000000004510        0xc zephyr/kernel/libkernel.a(banner.c.obj)
                0x0000000000004510                boot_banner
 .text.nrf_cc3xx_platform_init_no_rng
                0x000000000000451c       0x38 D:/ncs/v2.3.0/nrfxlib/crypto/nrf_cc310_platform/lib/cortex-m4/hard-float/no-interrupts/libnrf_cc310_platform_0.9.16.a(nrf_cc3xx_platform.c.obj)
                0x000000000000451c                nrf_cc3xx_platform_init_no_rng
 .text.nrf_cc3xx_platform_abort
                0x0000000000004554       0x24 D:/ncs/v2.3.0/nrfxlib/crypto/nrf_cc310_platform/lib/cortex-m4/hard-float/no-interrupts/libnrf_cc310_platform_0.9.16.a(nrf_cc3xx_platform_abort.c.obj)
 .text.CC_PalAbort
                0x0000000000004578       0x38 D:/ncs/v2.3.0/nrfxlib/crypto/nrf_cc310_platform/lib/cortex-m4/hard-float/no-interrupts/libnrf_cc310_platform_0.9.16.a(nrf_cc3xx_platform_abort.c.obj)
                0x0000000000004578                CC_PalAbort
 .text.nrf_cc3xx_platform_set_abort
                0x00000000000045b0       0x10 D:/ncs/v2.3.0/nrfxlib/crypto/nrf_cc310_platform/lib/cortex-m4/hard-float/no-interrupts/libnrf_cc310_platform_0.9.16.a(nrf_cc3xx_platform_abort.c.obj)
                0x00000000000045b0                nrf_cc3xx_platform_set_abort
 .text.mbedtls_platform_zeroize
                0x00000000000045c0       0x14 D:/ncs/v2.3.0/nrfxlib/crypto/nrf_cc310_platform/lib/cortex-m4/hard-float/no-interrupts/libnrf_cc310_platform_0.9.16.a(mbedtls_common.c.obj)
                0x00000000000045c0                mbedtls_platform_zeroize
 .text.CC_LibInitNoRng
                0x00000000000045d4       0x64 D:/ncs/v2.3.0/nrfxlib/crypto/nrf_cc310_platform/lib/cortex-m4/hard-float/no-interrupts/libnrf_cc310_platform_0.9.16.a(cc_lib.c.obj)
                0x00000000000045d4                CC_LibInitNoRng
 .text.CC_HalInit
                0x0000000000004638        0x4 D:/ncs/v2.3.0/nrfxlib/crypto/nrf_cc310_platform/lib/cortex-m4/hard-float/no-interrupts/libnrf_cc310_platform_0.9.16.a(cc_hal.c.obj)
                0x0000000000004638                CC_HalInit
 .text.CC_HalTerminate
                0x000000000000463c        0x4 D:/ncs/v2.3.0/nrfxlib/crypto/nrf_cc310_platform/lib/cortex-m4/hard-float/no-interrupts/libnrf_cc310_platform_0.9.16.a(cc_hal.c.obj)
                0x000000000000463c                CC_HalTerminate
 .text.CC_HalMaskInterrupt
                0x0000000000004640        0xc D:/ncs/v2.3.0/nrfxlib/crypto/nrf_cc310_platform/lib/cortex-m4/hard-float/no-interrupts/libnrf_cc310_platform_0.9.16.a(cc_hal.c.obj)
                0x0000000000004640                CC_HalMaskInterrupt
 .text.CC_PalInit
                0x000000000000464c       0x5c D:/ncs/v2.3.0/nrfxlib/crypto/nrf_cc310_platform/lib/cortex-m4/hard-float/no-interrupts/libnrf_cc310_platform_0.9.16.a(cc_pal.c.obj)
                0x000000000000464c                CC_PalInit
 .text.CC_PalTerminate
                0x00000000000046a8       0x34 D:/ncs/v2.3.0/nrfxlib/crypto/nrf_cc310_platform/lib/cortex-m4/hard-float/no-interrupts/libnrf_cc310_platform_0.9.16.a(cc_pal.c.obj)
                0x00000000000046a8                CC_PalTerminate
 .text.CC_PalDmaInit
                0x00000000000046dc        0x4 D:/ncs/v2.3.0/nrfxlib/crypto/nrf_cc310_platform/lib/cortex-m4/hard-float/no-interrupts/libnrf_cc310_platform_0.9.16.a(cc_pal_dma.c.obj)
                0x00000000000046dc                CC_PalDmaInit
 .text.CC_PalDmaTerminate
                0x00000000000046e0        0x4 D:/ncs/v2.3.0/nrfxlib/crypto/nrf_cc310_platform/lib/cortex-m4/hard-float/no-interrupts/libnrf_cc310_platform_0.9.16.a(cc_pal_dma.c.obj)
                0x00000000000046e0                CC_PalDmaTerminate
 .text.CC_PalMutexCreate
                0x00000000000046e4       0x14 D:/ncs/v2.3.0/nrfxlib/crypto/nrf_cc310_platform/lib/cortex-m4/hard-float/no-interrupts/libnrf_cc310_platform_0.9.16.a(cc_pal_mutex.c.obj)
                0x00000000000046e4                CC_PalMutexCreate
 .text.CC_PalMutexDestroy
                0x00000000000046f8       0x14 D:/ncs/v2.3.0/nrfxlib/crypto/nrf_cc310_platform/lib/cortex-m4/hard-float/no-interrupts/libnrf_cc310_platform_0.9.16.a(cc_pal_mutex.c.obj)
                0x00000000000046f8                CC_PalMutexDestroy
 .text.CC_PalPowerSaveModeInit
                0x000000000000470c       0x3c D:/ncs/v2.3.0/nrfxlib/crypto/nrf_cc310_platform/lib/cortex-m4/hard-float/no-interrupts/libnrf_cc310_platform_0.9.16.a(cc_pal_pm.c.obj)
                0x000000000000470c                CC_PalPowerSaveModeInit
 .text.CC_PalPowerSaveModeSelect
                0x0000000000004748       0x84 D:/ncs/v2.3.0/nrfxlib/crypto/nrf_cc310_platform/lib/cortex-m4/hard-float/no-interrupts/libnrf_cc310_platform_0.9.16.a(cc_pal_pm.c.obj)
                0x0000000000004748                CC_PalPowerSaveModeSelect
 .text.mutex_free
                0x00000000000047cc       0x34 D:/ncs/v2.3.0/nrfxlib/crypto/nrf_cc310_platform/lib/cortex-m4/hard-float/no-interrupts/libnrf_cc310_platform_0.9.16.a(nrf_cc3xx_platform_mutex.c.obj)
 .text.mutex_lock
                0x0000000000004800       0x48 D:/ncs/v2.3.0/nrfxlib/crypto/nrf_cc310_platform/lib/cortex-m4/hard-float/no-interrupts/libnrf_cc310_platform_0.9.16.a(nrf_cc3xx_platform_mutex.c.obj)
 .text.mutex_unlock
                0x0000000000004848       0x38 D:/ncs/v2.3.0/nrfxlib/crypto/nrf_cc310_platform/lib/cortex-m4/hard-float/no-interrupts/libnrf_cc310_platform_0.9.16.a(nrf_cc3xx_platform_mutex.c.obj)
 .text.mutex_init
                0x0000000000004880       0x20 D:/ncs/v2.3.0/nrfxlib/crypto/nrf_cc310_platform/lib/cortex-m4/hard-float/no-interrupts/libnrf_cc310_platform_0.9.16.a(nrf_cc3xx_platform_mutex.c.obj)
 .text.verify_context_ecdsa_verify_secp256r1
                0x00000000000048a0       0x20 D:/ncs/v2.3.0/nrfxlib/crypto/nrf_cc310_bl/lib/cortex-m4/hard-float/no-interrupts/libnrf_cc310_bl_0.9.12.a(nrf_cc310_bl_ecdsa_verify_secp256r1.c.obj)
 .text.nrf_cc310_bl_ecdsa_verify_init_secp256r1
                0x00000000000048c0       0x4c D:/ncs/v2.3.0/nrfxlib/crypto/nrf_cc310_bl/lib/cortex-m4/hard-float/no-interrupts/libnrf_cc310_bl_0.9.12.a(nrf_cc310_bl_ecdsa_verify_secp256r1.c.obj)
                0x00000000000048c0                nrf_cc310_bl_ecdsa_verify_init_secp256r1
 .text.nrf_cc310_bl_ecdsa_verify_hash_secp256r1
                0x000000000000490c      0x168 D:/ncs/v2.3.0/nrfxlib/crypto/nrf_cc310_bl/lib/cortex-m4/hard-float/no-interrupts/libnrf_cc310_bl_0.9.12.a(nrf_cc310_bl_ecdsa_verify_secp256r1.c.obj)
                0x000000000000490c                nrf_cc310_bl_ecdsa_verify_hash_secp256r1
 .text.set_digest_in_hw_sha256
                0x0000000000004a74       0x38 D:/ncs/v2.3.0/nrfxlib/crypto/nrf_cc310_bl/lib/cortex-m4/hard-float/no-interrupts/libnrf_cc310_bl_0.9.12.a(nrf_cc310_bl_hash_sha256.c.obj)
 .text.read_digest_in_hw_sha256
                0x0000000000004aac       0x54 D:/ncs/v2.3.0/nrfxlib/crypto/nrf_cc310_bl/lib/cortex-m4/hard-float/no-interrupts/libnrf_cc310_bl_0.9.12.a(nrf_cc310_bl_hash_sha256.c.obj)
 .text.verify_context_hash_sha256
                0x0000000000004b00       0x20 D:/ncs/v2.3.0/nrfxlib/crypto/nrf_cc310_bl/lib/cortex-m4/hard-float/no-interrupts/libnrf_cc310_bl_0.9.12.a(nrf_cc310_bl_hash_sha256.c.obj)
 .text.nrf_cc310_bl_hash_sha256_init
                0x0000000000004b20       0x34 D:/ncs/v2.3.0/nrfxlib/crypto/nrf_cc310_bl/lib/cortex-m4/hard-float/no-interrupts/libnrf_cc310_bl_0.9.12.a(nrf_cc310_bl_hash_sha256.c.obj)
                0x0000000000004b20                nrf_cc310_bl_hash_sha256_init
 .text.nrf_cc310_bl_hash_sha256_update
                0x0000000000004b54       0xb0 D:/ncs/v2.3.0/nrfxlib/crypto/nrf_cc310_bl/lib/cortex-m4/hard-float/no-interrupts/libnrf_cc310_bl_0.9.12.a(nrf_cc310_bl_hash_sha256.c.obj)
                0x0000000000004b54                nrf_cc310_bl_hash_sha256_update
 .text.nrf_cc310_bl_hash_sha256_finalize
                0x0000000000004c04       0x60 D:/ncs/v2.3.0/nrfxlib/crypto/nrf_cc310_bl/lib/cortex-m4/hard-float/no-interrupts/libnrf_cc310_bl_0.9.12.a(nrf_cc310_bl_hash_sha256.c.obj)
                0x0000000000004c04                nrf_cc310_bl_hash_sha256_finalize
 .text.nrf_cc310_bl_init
                0x0000000000004c64       0x34 D:/ncs/v2.3.0/nrfxlib/crypto/nrf_cc310_bl/lib/cortex-m4/hard-float/no-interrupts/libnrf_cc310_bl_0.9.12.a(nrf_cc310_bl_init.c.obj)
                0x0000000000004c64                nrf_cc310_bl_init
 .text.PkaSetRegsMapTab
                0x0000000000004c98       0x48 D:/ncs/v2.3.0/nrfxlib/crypto/nrf_cc310_bl/lib/cortex-m4/hard-float/no-interrupts/libnrf_cc310_bl_0.9.12.a(pka.c.obj)
                0x0000000000004c98                PkaSetRegsMapTab
 .text.PkaGetRegEffectiveSizeInBits
                0x0000000000004ce0       0x8c D:/ncs/v2.3.0/nrfxlib/crypto/nrf_cc310_bl/lib/cortex-m4/hard-float/no-interrupts/libnrf_cc310_bl_0.9.12.a(pka.c.obj)
                0x0000000000004ce0                PkaGetRegEffectiveSizeInBits
 .text.PkaGetNextMsBit
                0x0000000000004d6c       0x74 D:/ncs/v2.3.0/nrfxlib/crypto/nrf_cc310_bl/lib/cortex-m4/hard-float/no-interrupts/libnrf_cc310_bl_0.9.12.a(pka.c.obj)
                0x0000000000004d6c                PkaGetNextMsBit
 .text.PkaSetRegsSizesTab
                0x0000000000004de0       0x3c D:/ncs/v2.3.0/nrfxlib/crypto/nrf_cc310_bl/lib/cortex-m4/hard-float/no-interrupts/libnrf_cc310_bl_0.9.12.a(pka.c.obj)
                0x0000000000004de0                PkaSetRegsSizesTab
 .text.PkaInitPka
                0x0000000000004e1c       0x74 D:/ncs/v2.3.0/nrfxlib/crypto/nrf_cc310_bl/lib/cortex-m4/hard-float/no-interrupts/libnrf_cc310_bl_0.9.12.a(pka.c.obj)
                0x0000000000004e1c                PkaInitPka
 .text.PkaClearBlockOfRegs
                0x0000000000004e90      0x130 D:/ncs/v2.3.0/nrfxlib/crypto/nrf_cc310_bl/lib/cortex-m4/hard-float/no-interrupts/libnrf_cc310_bl_0.9.12.a(pka.c.obj)
                0x0000000000004e90                PkaClearBlockOfRegs
 .text.PkaFinishAndMutexUnlock
                0x0000000000004fc0       0x24 D:/ncs/v2.3.0/nrfxlib/crypto/nrf_cc310_bl/lib/cortex-m4/hard-float/no-interrupts/libnrf_cc310_bl_0.9.12.a(pka.c.obj)
                0x0000000000004fc0                PkaFinishAndMutexUnlock
 .text.PkaCopyDataIntoPkaReg
                0x0000000000004fe4       0xb8 D:/ncs/v2.3.0/nrfxlib/crypto/nrf_cc310_bl/lib/cortex-m4/hard-float/no-interrupts/libnrf_cc310_bl_0.9.12.a(pka.c.obj)
                0x0000000000004fe4                PkaCopyDataIntoPkaReg
 .text.PkaEcdsaVerify
                0x000000000000509c      0x284 D:/ncs/v2.3.0/nrfxlib/crypto/nrf_cc310_bl/lib/cortex-m4/hard-float/no-interrupts/libnrf_cc310_bl_0.9.12.a(pka_ec_wrst_dsa_verify.c.obj)
                0x000000000000509c                PkaEcdsaVerify
 .text.nrf_cc310_bl_hash_update_internal
                0x0000000000005320       0xf0 D:/ncs/v2.3.0/nrfxlib/crypto/nrf_cc310_bl/lib/cortex-m4/hard-float/no-interrupts/libnrf_cc310_bl_0.9.12.a(nrf_cc310_bl_hash.c.obj)
                0x0000000000005320                nrf_cc310_bl_hash_update_internal
 .text.PkaDoubleMdf2Mdf
                0x0000000000005410      0x1ac D:/ncs/v2.3.0/nrfxlib/crypto/nrf_cc310_bl/lib/cortex-m4/hard-float/no-interrupts/libnrf_cc310_bl_0.9.12.a(pka_ec_wrst.c.obj)
                0x0000000000005410                PkaDoubleMdf2Mdf
 .text.PkaDoubleMdf2Jcb
                0x00000000000055bc      0x178 D:/ncs/v2.3.0/nrfxlib/crypto/nrf_cc310_bl/lib/cortex-m4/hard-float/no-interrupts/libnrf_cc310_bl_0.9.12.a(pka_ec_wrst.c.obj)
                0x00000000000055bc                PkaDoubleMdf2Jcb
 .text.PkaAddJcbAfn2Mdf
                0x0000000000005734      0x194 D:/ncs/v2.3.0/nrfxlib/crypto/nrf_cc310_bl/lib/cortex-m4/hard-float/no-interrupts/libnrf_cc310_bl_0.9.12.a(pka_ec_wrst.c.obj)
                0x0000000000005734                PkaAddJcbAfn2Mdf
 .text.PkaJcb2Afn
                0x00000000000058c8       0xb0 D:/ncs/v2.3.0/nrfxlib/crypto/nrf_cc310_bl/lib/cortex-m4/hard-float/no-interrupts/libnrf_cc310_bl_0.9.12.a(pka_ec_wrst.c.obj)
                0x00000000000058c8                PkaJcb2Afn
 .text.PkaAddAff
                0x0000000000005978      0x114 D:/ncs/v2.3.0/nrfxlib/crypto/nrf_cc310_bl/lib/cortex-m4/hard-float/no-interrupts/libnrf_cc310_bl_0.9.12.a(pka_ec_wrst.c.obj)
                0x0000000000005978                PkaAddAff
 .text.PkaSum2ScalarMullt
                0x0000000000005a8c      0x1e4 D:/ncs/v2.3.0/nrfxlib/crypto/nrf_cc310_bl/lib/cortex-m4/hard-float/no-interrupts/libnrf_cc310_bl_0.9.12.a(pka_ec_wrst.c.obj)
                0x0000000000005a8c                PkaSum2ScalarMullt
 .text.SaSi_HalClearInterruptBit
                0x0000000000005c70        0xc D:/ncs/v2.3.0/nrfxlib/crypto/nrf_cc310_bl/lib/cortex-m4/hard-float/no-interrupts/libnrf_cc310_bl_0.9.12.a(ssi_hal.c.obj)
                0x0000000000005c70                SaSi_HalClearInterruptBit
 .text.SaSi_HalMaskInterrupt
                0x0000000000005c7c        0xc D:/ncs/v2.3.0/nrfxlib/crypto/nrf_cc310_bl/lib/cortex-m4/hard-float/no-interrupts/libnrf_cc310_bl_0.9.12.a(ssi_hal.c.obj)
                0x0000000000005c7c                SaSi_HalMaskInterrupt
 .text.SaSi_HalWaitInterrupt
                0x0000000000005c88       0x18 D:/ncs/v2.3.0/nrfxlib/crypto/nrf_cc310_bl/lib/cortex-m4/hard-float/no-interrupts/libnrf_cc310_bl_0.9.12.a(ssi_hal.c.obj)
                0x0000000000005c88                SaSi_HalWaitInterrupt
 .text.flash_area_id_from_multi_image_slot
                0x0000000000005ca0       0x12 app/libapp.a(flash_map_extended.c.obj)
                0x0000000000005ca0                flash_area_id_from_multi_image_slot
 .text.flash_area_get_device_id
                0x0000000000005cb2        0x4 app/libapp.a(flash_map_extended.c.obj)
                0x0000000000005cb2                flash_area_get_device_id
 .text.os_heap_init
                0x0000000000005cb6        0x2 app/libapp.a(os.c.obj)
                0x0000000000005cb6                os_heap_init
 .text.bootutil_tlv_iter_begin
                0x0000000000005cb8       0x9c app/libapp.a(tlv.c.obj)
                0x0000000000005cb8                bootutil_tlv_iter_begin
 .text.bootutil_tlv_iter_next
                0x0000000000005d54       0x98 app/libapp.a(tlv.c.obj)
                0x0000000000005d54                bootutil_tlv_iter_next
 .text.bootutil_read_bigint
                0x0000000000005dec       0x58 app/libapp.a(image_ec256.c.obj)
 .text.boot_fih_memequal
                0x0000000000005e44        0x4 app/libapp.a(bootutil_misc.c.obj)
                0x0000000000005e44                boot_fih_memequal
 .text.boot_trailer_sz
                0x0000000000005e48        0xa app/libapp.a(bootutil_misc.c.obj)
                0x0000000000005e48                boot_trailer_sz
 .text.boot_status_entries
                0x0000000000005e52       0x1a app/libapp.a(bootutil_misc.c.obj)
                0x0000000000005e52                boot_status_entries
 .text.boot_status_off
                0x0000000000005e6c       0x16 app/libapp.a(bootutil_misc.c.obj)
                0x0000000000005e6c                boot_status_off
 .text.boot_write_copy_done
                0x0000000000005e82       0x10 app/libapp.a(bootutil_misc.c.obj)
                0x0000000000005e82                boot_write_copy_done
 .text.boot_write_swap_size
                0x0000000000005e92       0x1e app/libapp.a(bootutil_misc.c.obj)
                0x0000000000005e92                boot_write_swap_size
 .text.boot_read_image_headers
                0x0000000000005eb0       0x2c app/libapp.a(loader.c.obj)
 .text.boot_read_image_size.constprop.0.isra.0
                0x0000000000005edc       0x82 app/libapp.a(loader.c.obj)
 .text.boot_read_sectors
                0x0000000000005f5e       0x42 app/libapp.a(loader.c.obj)
 .text.boot_status_reset
                0x0000000000005fa0       0x12 app/libapp.a(loader.c.obj)
                0x0000000000005fa0                boot_status_reset
 .text.boot_status_is_reset
                0x0000000000005fb2       0x1a app/libapp.a(loader.c.obj)
                0x0000000000005fb2                boot_status_is_reset
 .text.boot_write_status
                0x0000000000005fcc       0x64 app/libapp.a(loader.c.obj)
                0x0000000000005fcc                boot_write_status
 .text.boot_erase_region
                0x0000000000006030        0x4 app/libapp.a(loader.c.obj)
                0x0000000000006030                boot_erase_region
 .text.swap_erase_trailer_sectors
                0x0000000000006034       0x6c app/libapp.a(swap_misc.c.obj)
                0x0000000000006034                swap_erase_trailer_sectors
 .text.swap_status_init
                0x00000000000060a0       0x3e app/libapp.a(swap_misc.c.obj)
                0x00000000000060a0                swap_status_init
 .text.swap_read_status
                0x00000000000060de       0x78 app/libapp.a(swap_misc.c.obj)
                0x00000000000060de                swap_read_status
 .text.swap_set_copy_done
                0x0000000000006156       0x24 app/libapp.a(swap_misc.c.obj)
                0x0000000000006156                swap_set_copy_done
 .text.swap_set_image_ok
                0x000000000000617a       0x3c app/libapp.a(swap_misc.c.obj)
                0x000000000000617a                swap_set_image_ok
 .text.boot_status_internal_off
                0x00000000000061b6       0x26 app/libapp.a(swap_move.c.obj)
                0x00000000000061b6                boot_status_internal_off
 .text.mbedtls_asn1_get_len
                0x00000000000061dc       0x98 app/libapp.a(asn1parse.c.obj)
                0x00000000000061dc                mbedtls_asn1_get_len
 .text.mbedtls_asn1_get_tag
                0x0000000000006274       0x28 app/libapp.a(asn1parse.c.obj)
                0x0000000000006274                mbedtls_asn1_get_tag
 .text.mbedtls_asn1_get_bitstring_null
                0x000000000000629c       0x28 app/libapp.a(asn1parse.c.obj)
                0x000000000000629c                mbedtls_asn1_get_bitstring_null
 .text.mbedtls_asn1_get_alg
                0x00000000000062c4       0x94 app/libapp.a(asn1parse.c.obj)
                0x00000000000062c4                mbedtls_asn1_get_alg
 .text.cc310_sha256_update
                0x0000000000006358       0x36 app/libapp.a(cc310_glue.c.obj)
                0x0000000000006358                cc310_sha256_update
 .text.arch_printk_char_out
                0x000000000000638e        0x4 zephyr/libzephyr.a(printk.c.obj)
                0x000000000000638e                arch_printk_char_out
 .text.printk   0x0000000000006392       0x1a zephyr/libzephyr.a(printk.c.obj)
                0x0000000000006392                printk
 .text.process_recheck
                0x00000000000063ac       0x38 zephyr/libzephyr.a(onoff.c.obj)
 .text.validate_args
                0x00000000000063e4       0x20 zephyr/libzephyr.a(onoff.c.obj)
 .text.notify_one
                0x0000000000006404       0x2c zephyr/libzephyr.a(onoff.c.obj)
 .text.transition_complete
                0x0000000000006430       0x1e zephyr/libzephyr.a(onoff.c.obj)
 .text.onoff_manager_init
                0x000000000000644e       0x26 zephyr/libzephyr.a(onoff.c.obj)
                0x000000000000644e                onoff_manager_init
 .text.onoff_request
                0x0000000000006474       0xb0 zephyr/libzephyr.a(onoff.c.obj)
                0x0000000000006474                onoff_request
 .text.sys_notify_validate
                0x0000000000006524       0x22 zephyr/libzephyr.a(notify.c.obj)
                0x0000000000006524                sys_notify_validate
 .text.sys_notify_finalize
                0x0000000000006546       0x1a zephyr/libzephyr.a(notify.c.obj)
                0x0000000000006546                sys_notify_finalize
 .text._ConfigAbsSyms
                0x0000000000006560        0x2 zephyr/libzephyr.a(configs.c.obj)
                0x0000000000006560                _ConfigAbsSyms
 .text.z_log_minimal_printk
                0x0000000000006562       0x1a zephyr/libzephyr.a(log_minimal.c.obj)
                0x0000000000006562                z_log_minimal_printk
 .text.flash_area_close
                0x000000000000657c        0x2 zephyr/libzephyr.a(flash_map.c.obj)
                0x000000000000657c                flash_area_close
 .text.flash_area_read
                0x000000000000657e       0x2a zephyr/libzephyr.a(flash_map.c.obj)
                0x000000000000657e                flash_area_read
 .text.flash_area_write
                0x00000000000065a8       0x2a zephyr/libzephyr.a(flash_map.c.obj)
                0x00000000000065a8                flash_area_write
 .text.flash_area_erase
                0x00000000000065d2       0x2c zephyr/libzephyr.a(flash_map.c.obj)
                0x00000000000065d2                flash_area_erase
 .text.flash_area_align
                0x00000000000065fe        0xe zephyr/libzephyr.a(flash_map.c.obj)
                0x00000000000065fe                flash_area_align
 .text.flash_area_erased_val
                0x000000000000660c        0xe zephyr/libzephyr.a(flash_map.c.obj)
                0x000000000000660c                flash_area_erased_val
 .text.get_sectors_cb
                0x000000000000661a       0x44 zephyr/libzephyr.a(flash_map_layout.c.obj)
 .text.abort_function
                0x000000000000665e        0x8 zephyr/libzephyr.a(nrf_cc3xx_platform_abort_zephyr.c.obj)
 .text.nrf_cc3xx_platform_mutex_init
                0x0000000000006666        0x2 zephyr/libzephyr.a(nrf_cc3xx_platform_no_mutex_zephyr.c.obj)
                0x0000000000006666                nrf_cc3xx_platform_mutex_init
 .text.z_do_kernel_oops
                0x0000000000006668        0x8 zephyr/arch/arch/arm/core/aarch32/libarch__arm__core__aarch32.a(fatal.c.obj)
                0x0000000000006668                z_do_kernel_oops
 .text.z_irq_spurious
                0x0000000000006670        0x8 zephyr/arch/arch/arm/core/aarch32/libarch__arm__core__aarch32.a(irq_manage.c.obj)
                0x0000000000006670                z_irq_spurious
 .text.z_arm_nmi
                0x0000000000006678        0xe zephyr/arch/arch/arm/core/aarch32/libarch__arm__core__aarch32.a(nmi.c.obj)
                0x0000000000006678                z_arm_nmi
 .text.strcpy   0x0000000000006686       0x14 zephyr/lib/libc/minimal/liblib__libc__minimal.a(string.c.obj)
                0x0000000000006686                strcpy
 .text.strlen   0x000000000000669a        0xe zephyr/lib/libc/minimal/liblib__libc__minimal.a(string.c.obj)
                0x000000000000669a                strlen
 .text.memcmp   0x00000000000066a8       0x20 zephyr/lib/libc/minimal/liblib__libc__minimal.a(string.c.obj)
                0x00000000000066a8                memcmp
 .text.memcpy   0x00000000000066c8       0x16 zephyr/lib/libc/minimal/liblib__libc__minimal.a(string.c.obj)
                0x00000000000066c8                memcpy
 .text.memset   0x00000000000066de       0x12 zephyr/lib/libc/minimal/liblib__libc__minimal.a(string.c.obj)
                0x00000000000066de                memset
 .text._stdout_hook_default
                0x00000000000066f0        0x6 zephyr/lib/libc/minimal/liblib__libc__minimal.a(stdout_console.c.obj)
 .text.get_status
                0x00000000000066f6       0x12 zephyr/drivers/clock_control/libdrivers__clock_control.a(clock_control_nrf.c.obj)
 .text.set_on_state
                0x0000000000006708       0x26 zephyr/drivers/clock_control/libdrivers__clock_control.a(clock_control_nrf.c.obj)
 .text.stop     0x000000000000672e       0x52 zephyr/drivers/clock_control/libdrivers__clock_control.a(clock_control_nrf.c.obj)
 .text.api_stop
                0x0000000000006780        0x6 zephyr/drivers/clock_control/libdrivers__clock_control.a(clock_control_nrf.c.obj)
 .text.async_start
                0x0000000000006786       0x5c zephyr/drivers/clock_control/libdrivers__clock_control.a(clock_control_nrf.c.obj)
 .text.api_start
                0x00000000000067e2        0xe zephyr/drivers/clock_control/libdrivers__clock_control.a(clock_control_nrf.c.obj)
 .text.api_blocking_start
                0x00000000000067f0        0x6 zephyr/drivers/clock_control/libdrivers__clock_control.a(clock_control_nrf.c.obj)
 .text.onoff_started_callback
                0x00000000000067f6       0x14 zephyr/drivers/clock_control/libdrivers__clock_control.a(clock_control_nrf.c.obj)
 .text.lfclk_start
                0x000000000000680a        0x6 zephyr/drivers/clock_control/libdrivers__clock_control.a(clock_control_nrf.c.obj)
 .text.lfclk_stop
                0x0000000000006810        0x6 zephyr/drivers/clock_control/libdrivers__clock_control.a(clock_control_nrf.c.obj)
 .text.gpio_nrfx_port_get_raw
                0x0000000000006816        0xe zephyr/drivers/gpio/libdrivers__gpio.a(gpio_nrfx.c.obj)
 .text.gpio_nrfx_port_set_masked_raw
                0x0000000000006824       0x18 zephyr/drivers/gpio/libdrivers__gpio.a(gpio_nrfx.c.obj)
 .text.gpio_nrfx_port_set_bits_raw
                0x000000000000683c        0xc zephyr/drivers/gpio/libdrivers__gpio.a(gpio_nrfx.c.obj)
 .text.gpio_nrfx_port_clear_bits_raw
                0x0000000000006848        0xc zephyr/drivers/gpio/libdrivers__gpio.a(gpio_nrfx.c.obj)
 .text.gpio_nrfx_port_toggle_bits
                0x0000000000006854       0x1a zephyr/drivers/gpio/libdrivers__gpio.a(gpio_nrfx.c.obj)
 .text.gpio_nrfx_manage_callback
                0x000000000000686e       0x52 zephyr/drivers/gpio/libdrivers__gpio.a(gpio_nrfx.c.obj)
 .text.is_regular_addr_valid
                0x00000000000068c0       0x22 zephyr/drivers/flash/libdrivers__flash.a(soc_flash_nrf.c.obj)
 .text.flash_get_page_info
                0x00000000000068e2       0x66 zephyr/drivers/flash/libdrivers__flash.a(flash_page_layout.c.obj)
 .text.z_impl_flash_get_page_info_by_offs
                0x0000000000006948        0x8 zephyr/drivers/flash/libdrivers__flash.a(flash_page_layout.c.obj)
                0x0000000000006948                z_impl_flash_get_page_info_by_offs
 .text.flash_page_foreach
                0x0000000000006950       0x58 zephyr/drivers/flash/libdrivers__flash.a(flash_page_layout.c.obj)
                0x0000000000006950                flash_page_foreach
 .text.uarte_nrfx_config_get
                0x00000000000069a8       0x10 zephyr/drivers/serial/libdrivers__serial.a(uart_nrfx_uarte.c.obj)
 .text.uarte_nrfx_err_check
                0x00000000000069b8        0xe zephyr/drivers/serial/libdrivers__serial.a(uart_nrfx_uarte.c.obj)
 .text.uarte_nrfx_poll_in
                0x00000000000069c6       0x28 zephyr/drivers/serial/libdrivers__serial.a(uart_nrfx_uarte.c.obj)
 .text.is_tx_ready.isra.0
                0x00000000000069ee       0x20 zephyr/drivers/serial/libdrivers__serial.a(uart_nrfx_uarte.c.obj)
 .text.uarte_nrfx_isr_int
                0x0000000000006a0e       0x72 zephyr/drivers/serial/libdrivers__serial.a(uart_nrfx_uarte.c.obj)
 .text.uarte_1_init
                0x0000000000006a80       0x1e zephyr/drivers/serial/libdrivers__serial.a(uart_nrfx_uarte.c.obj)
 .text.uarte_0_init
                0x0000000000006a9e       0x1e zephyr/drivers/serial/libdrivers__serial.a(uart_nrfx_uarte.c.obj)
 .text.event_clear
                0x0000000000006abc       0x18 zephyr/drivers/timer/libdrivers__timer.a(nrf_rtc_timer.c.obj)
 .text.pinctrl_lookup_state
                0x0000000000006ad4       0x26 zephyr/drivers/pinctrl/libdrivers__pinctrl.a(common.c.obj)
                0x0000000000006ad4                pinctrl_lookup_state
 .text.fprotect_set_permission
                0x0000000000006afa       0x7e modules/nrf/lib/fprotect/lib..__nrf__lib__fprotect.a(fprotect_acl.c.obj)
 .text.fprotect_area
                0x0000000000006b78        0x6 modules/nrf/lib/fprotect/lib..__nrf__lib__fprotect.a(fprotect_acl.c.obj)
                0x0000000000006b78                fprotect_area
 .text.hw_cc3xx_init_internal
                0x0000000000006b7e        0x4 modules/nrf/drivers/hw_cc310/lib..__nrf__drivers__hw_cc310.a(hw_cc310.c.obj)
 .text.hw_cc3xx_init
                0x0000000000006b82       0x12 modules/nrf/drivers/hw_cc310/lib..__nrf__drivers__hw_cc310.a(hw_cc310.c.obj)
 .text.boot_swap_info_off
                0x0000000000006b94        0xc modules/mcuboot/boot/bootutil/zephyr/libmcuboot_util.a(bootutil_public.c.obj)
                0x0000000000006b94                boot_swap_info_off
 .text.boot_magic_compatible_check
                0x0000000000006ba0       0x1c modules/mcuboot/boot/bootutil/zephyr/libmcuboot_util.a(bootutil_public.c.obj)
                0x0000000000006ba0                boot_magic_compatible_check
 .text.bootutil_buffer_is_erased
                0x0000000000006bbc       0x26 modules/mcuboot/boot/bootutil/zephyr/libmcuboot_util.a(bootutil_public.c.obj)
                0x0000000000006bbc                bootutil_buffer_is_erased
 .text.boot_read_flag
                0x0000000000006be2       0x38 modules/mcuboot/boot/bootutil/zephyr/libmcuboot_util.a(bootutil_public.c.obj)
 .text.boot_write_trailer
                0x0000000000006c1a       0x58 modules/mcuboot/boot/bootutil/zephyr/libmcuboot_util.a(bootutil_public.c.obj)
                0x0000000000006c1a                boot_write_trailer
 .text.boot_write_trailer_flag
                0x0000000000006c72       0x14 modules/mcuboot/boot/bootutil/zephyr/libmcuboot_util.a(bootutil_public.c.obj)
                0x0000000000006c72                boot_write_trailer_flag
 .text.boot_write_image_ok
                0x0000000000006c86        0xe modules/mcuboot/boot/bootutil/zephyr/libmcuboot_util.a(bootutil_public.c.obj)
                0x0000000000006c86                boot_write_image_ok
 .text.boot_read_image_ok
                0x0000000000006c94        0xc modules/mcuboot/boot/bootutil/zephyr/libmcuboot_util.a(bootutil_public.c.obj)
                0x0000000000006c94                boot_read_image_ok
 .text.boot_read_swap_state_by_id
                0x0000000000006ca0       0x28 modules/mcuboot/boot/bootutil/zephyr/libmcuboot_util.a(bootutil_public.c.obj)
                0x0000000000006ca0                boot_read_swap_state_by_id
 .text.boot_write_swap_info
                0x0000000000006cc8       0x22 modules/mcuboot/boot/bootutil/zephyr/libmcuboot_util.a(bootutil_public.c.obj)
                0x0000000000006cc8                boot_write_swap_info
 .text.nrfx_isr
                0x0000000000006cea        0x2 modules/hal_nordic/nrfx/libmodules__hal_nordic__nrfx.a(nrfx_glue.c.obj)
                0x0000000000006cea                nrfx_isr
 .text.nrfx_busy_wait
                0x0000000000006cec        0x4 modules/hal_nordic/nrfx/libmodules__hal_nordic__nrfx.a(nrfx_glue.c.obj)
                0x0000000000006cec                nrfx_busy_wait
 .text.nrfx_clock_enable
                0x0000000000006cf0       0x1a modules/hal_nordic/nrfx/libmodules__hal_nordic__nrfx.a(nrfx_clock.c.obj)
                0x0000000000006cf0                nrfx_clock_enable
 .text.nrfx_clock_start
                0x0000000000006d0a       0x78 modules/hal_nordic/nrfx/libmodules__hal_nordic__nrfx.a(nrfx_clock.c.obj)
                0x0000000000006d0a                nrfx_clock_start
 .text.nrfx_clock_stop
                0x0000000000006d82        0x4 modules/hal_nordic/nrfx/libmodules__hal_nordic__nrfx.a(nrfx_clock.c.obj)
                0x0000000000006d82                nrfx_clock_stop
 .text.nrf_gpio_reconfigure
                0x0000000000006d86       0x92 modules/hal_nordic/nrfx/libmodules__hal_nordic__nrfx.a(nrfx_gpiote.c.obj)
 .text.nrf_gpio_cfg_sense_set
                0x0000000000006e18       0x1e modules/hal_nordic/nrfx/libmodules__hal_nordic__nrfx.a(nrfx_gpiote.c.obj)
 .text.nrfx_nvmc_flash_size_get
                0x0000000000006e36        0xc modules/hal_nordic/nrfx/libmodules__hal_nordic__nrfx.a(nrfx_nvmc.c.obj)
                0x0000000000006e36                nrfx_nvmc_flash_size_get
 .text.nrfx_nvmc_flash_page_size_get
                0x0000000000006e42        0x8 modules/hal_nordic/nrfx/libmodules__hal_nordic__nrfx.a(nrfx_nvmc.c.obj)
                0x0000000000006e42                nrfx_nvmc_flash_page_size_get
 .text.nrfx_nvmc_flash_page_count_get
                0x0000000000006e4a        0x8 modules/hal_nordic/nrfx/libmodules__hal_nordic__nrfx.a(nrfx_nvmc.c.obj)
                0x0000000000006e4a                nrfx_nvmc_flash_page_count_get
 .text.SEGGER_RTT_Init
                0x0000000000006e52        0x4 modules/segger/libmodules__segger.a(SEGGER_RTT.c.obj)
                0x0000000000006e52                SEGGER_RTT_Init
 .text.rtt_init
                0x0000000000006e56        0xa modules/segger/libmodules__segger.a(SEGGER_RTT_zephyr.c.obj)
 .text.z_device_state_init
                0x0000000000006e60        0x2 zephyr/kernel/libkernel.a(device.c.obj)
                0x0000000000006e60                z_device_state_init
 .text.z_device_is_ready
                0x0000000000006e62       0x16 zephyr/kernel/libkernel.a(device.c.obj)
                0x0000000000006e62                z_device_is_ready
 .text.z_early_memset
                0x0000000000006e78        0x4 zephyr/kernel/libkernel.a(init.c.obj)
                0x0000000000006e78                z_early_memset
 .text.z_early_memcpy
                0x0000000000006e7c        0x4 zephyr/kernel/libkernel.a(init.c.obj)
                0x0000000000006e7c                z_early_memcpy
 .text.k_is_in_isr
                0x0000000000006e80        0xc zephyr/kernel/libkernel.a(thread.c.obj)
                0x0000000000006e80                k_is_in_isr
 .text.z_impl_k_busy_wait
                0x0000000000006e8c        0x8 zephyr/kernel/libkernel.a(timeout.c.obj)
                0x0000000000006e8c                z_impl_k_busy_wait
 .text._OffsetAbsSyms
                0x0000000000006e94        0x2 zephyr/CMakeFiles/offsets.dir/./arch/arm/core/offsets/offsets.c.obj
                0x0000000000006e94                _OffsetAbsSyms
 .text.nrf_cc310_bl_ecdsa_verify_secp256r1
                0x0000000000006e96       0x26 D:/ncs/v2.3.0/nrfxlib/crypto/nrf_cc310_bl/lib/cortex-m4/hard-float/no-interrupts/libnrf_cc310_bl_0.9.12.a(nrf_cc310_bl_ecdsa_verify_secp256r1.c.obj)
                0x0000000000006e96                nrf_cc310_bl_ecdsa_verify_secp256r1
 .text.PkaInitAndMutexLock
                0x0000000000006ebc        0x8 D:/ncs/v2.3.0/nrfxlib/crypto/nrf_cc310_bl/lib/cortex-m4/hard-float/no-interrupts/libnrf_cc310_bl_0.9.12.a(pka.c.obj)
                0x0000000000006ebc                PkaInitAndMutexLock
 .text.SaSi_PalMemCopy
                0x0000000000006ec4        0x4 D:/ncs/v2.3.0/nrfxlib/crypto/nrf_cc310_bl/lib/cortex-m4/hard-float/no-interrupts/libnrf_cc310_bl_0.9.12.a(ssi_pal_mem.c.obj)
                0x0000000000006ec4                SaSi_PalMemCopy
 .text.SaSi_PalMemSet
                0x0000000000006ec8        0x4 D:/ncs/v2.3.0/nrfxlib/crypto/nrf_cc310_bl/lib/cortex-m4/hard-float/no-interrupts/libnrf_cc310_bl_0.9.12.a(ssi_pal_mem.c.obj)
                0x0000000000006ec8                SaSi_PalMemSet
 .text.SaSi_PalMemSetZero
                0x0000000000006ecc        0x8 D:/ncs/v2.3.0/nrfxlib/crypto/nrf_cc310_bl/lib/cortex-m4/hard-float/no-interrupts/libnrf_cc310_bl_0.9.12.a(ssi_pal_mem.c.obj)
                0x0000000000006ecc                SaSi_PalMemSetZero
 .text.CRYS_COMMON_ReverseMemcpy32
                0x0000000000006ed4       0x1a D:/ncs/v2.3.0/nrfxlib/crypto/nrf_cc310_bl/lib/cortex-m4/hard-float/no-interrupts/libnrf_cc310_bl_0.9.12.a(crys_common_conv_endian.c.obj)
                0x0000000000006ed4                CRYS_COMMON_ReverseMemcpy32
 *(SORT_BY_ALIGNMENT(.TEXT.*))
 *(SORT_BY_ALIGNMENT(.gnu.linkonce.t.*))
 *(SORT_BY_ALIGNMENT(.glue_7t))
 .glue_7t       0x0000000000006eee        0x0 linker stubs
 *(SORT_BY_ALIGNMENT(.glue_7))
 .glue_7        0x0000000000006eee        0x0 linker stubs
 *(SORT_BY_ALIGNMENT(.vfp11_veneer))
 .vfp11_veneer  0x0000000000006eee        0x0 linker stubs
 *(SORT_BY_ALIGNMENT(.v4_bx))
 .v4_bx         0x0000000000006eee        0x0 linker stubs
                0x0000000000006ef0                . = ALIGN (0x4)
 *fill*         0x0000000000006eee        0x2 
                0x0000000000006ef0                __text_region_end = .

.ARM.exidx      0x0000000000006ef0        0x8
                0x0000000000006ef0                __exidx_start = .
 *(SORT_BY_ALIGNMENT(.ARM.exidx*) SORT_BY_ALIGNMENT(gnu.linkonce.armexidx.*))
 .ARM.exidx     0x0000000000006ef0        0x8 d:/ncs/toolchains/v2.3.0/opt/zephyr-sdk/arm-zephyr-eabi/bin/../lib/gcc/arm-zephyr-eabi/12.1.0/thumb/v7e-m+fp/hard\libgcc.a(_udivmoddi4.o)
                0x0000000000006ef8                __exidx_end = .
                0x0000000000006ef8                __rodata_region_start = .

initlevel       0x0000000000006ef8       0x60
                0x0000000000006ef8                __init_start = .
                0x0000000000006ef8                __init_EARLY_start = .
 *(SORT_BY_NAME(SORT_BY_ALIGNMENT(.z_init_EARLY[0-9]_*)))
 *(SORT_BY_NAME(SORT_BY_ALIGNMENT(.z_init_EARLY[1-9][0-9]_*)))
                0x0000000000006ef8                __init_PRE_KERNEL_1_start = .
 *(SORT_BY_NAME(SORT_BY_ALIGNMENT(.z_init_PRE_KERNEL_1[0-9]_*)))
 .z_init_PRE_KERNEL_10_
                0x0000000000006ef8        0x8 zephyr/soc/arm/nordic_nrf/nrf52/libsoc__arm__nordic_nrf__nrf52.a(soc.c.obj)
 *(SORT_BY_NAME(SORT_BY_ALIGNMENT(.z_init_PRE_KERNEL_1[1-9][0-9]_*)))
 .z_init_PRE_KERNEL_130_
                0x0000000000006f00        0x8 zephyr/drivers/clock_control/libdrivers__clock_control.a(clock_control_nrf.c.obj)
 .z_init_PRE_KERNEL_130_
                0x0000000000006f08        0x8 modules/segger/libmodules__segger.a(SEGGER_RTT_zephyr.c.obj)
 .z_init_PRE_KERNEL_140_
                0x0000000000006f10       0x10 zephyr/drivers/gpio/libdrivers__gpio.a(gpio_nrfx.c.obj)
 .z_init_PRE_KERNEL_140_
                0x0000000000006f20        0x8 modules/nrf/drivers/hw_cc310/lib..__nrf__drivers__hw_cc310.a(hw_cc310.c.obj)
 .z_init_PRE_KERNEL_155_
                0x0000000000006f28       0x10 zephyr/drivers/serial/libdrivers__serial.a(uart_nrfx_uarte.c.obj)
 .z_init_PRE_KERNEL_160_
                0x0000000000006f38        0x8 zephyr/drivers/console/libdrivers__console.a(uart_console.c.obj)
                0x0000000000006f40                __init_PRE_KERNEL_2_start = .
 *(SORT_BY_NAME(SORT_BY_ALIGNMENT(.z_init_PRE_KERNEL_2[0-9]_*)))
 .z_init_PRE_KERNEL_20_
                0x0000000000006f40        0x8 zephyr/drivers/timer/libdrivers__timer.a(nrf_rtc_timer.c.obj)
 *(SORT_BY_NAME(SORT_BY_ALIGNMENT(.z_init_PRE_KERNEL_2[1-9][0-9]_*)))
                0x0000000000006f48                __init_POST_KERNEL_start = .
 *(SORT_BY_NAME(SORT_BY_ALIGNMENT(.z_init_POST_KERNEL[0-9]_*)))
 *(SORT_BY_NAME(SORT_BY_ALIGNMENT(.z_init_POST_KERNEL[1-9][0-9]_*)))
 .z_init_POST_KERNEL40_
                0x0000000000006f48        0x8 modules/nrf/drivers/hw_cc310/lib..__nrf__drivers__hw_cc310.a(hw_cc310.c.obj)
 .z_init_POST_KERNEL50_
                0x0000000000006f50        0x8 zephyr/drivers/flash/libdrivers__flash.a(soc_flash_nrf.c.obj)
                0x0000000000006f58                __init_APPLICATION_start = .
 *(SORT_BY_NAME(SORT_BY_ALIGNMENT(.z_init_APPLICATION[0-9]_*)))
 *(SORT_BY_NAME(SORT_BY_ALIGNMENT(.z_init_APPLICATION[1-9][0-9]_*)))
                0x0000000000006f58                __init_SMP_start = .
 *(SORT_BY_NAME(SORT_BY_ALIGNMENT(.z_init_SMP[0-9]_*)))
 *(SORT_BY_NAME(SORT_BY_ALIGNMENT(.z_init_SMP[1-9][0-9]_*)))
                0x0000000000006f58                __init_end = .

devices         0x0000000000006f58       0x90
                0x0000000000006f58                __device_start = .
                0x0000000000006f58                __device_EARLY_start = .
 *(SORT_BY_NAME(SORT_BY_ALIGNMENT(.z_device_EARLY[0-9]_*)))
 *(SORT_BY_NAME(SORT_BY_ALIGNMENT(.z_device_EARLY[1-9][0-9]_*)))
                0x0000000000006f58                __device_PRE_KERNEL_1_start = .
 *(SORT_BY_NAME(SORT_BY_ALIGNMENT(.z_device_PRE_KERNEL_1[0-9]_*)))
 *(SORT_BY_NAME(SORT_BY_ALIGNMENT(.z_device_PRE_KERNEL_1[1-9][0-9]_*)))
 .z_device_PRE_KERNEL_130_
                0x0000000000006f58       0x18 zephyr/drivers/clock_control/libdrivers__clock_control.a(clock_control_nrf.c.obj)
                0x0000000000006f58                __device_dts_ord_74
 .z_device_PRE_KERNEL_140_
                0x0000000000006f70       0x30 zephyr/drivers/gpio/libdrivers__gpio.a(gpio_nrfx.c.obj)
                0x0000000000006f70                __device_dts_ord_105
                0x0000000000006f88                __device_dts_ord_11
 .z_device_PRE_KERNEL_155_
                0x0000000000006fa0       0x30 zephyr/drivers/serial/libdrivers__serial.a(uart_nrfx_uarte.c.obj)
                0x0000000000006fa0                __device_dts_ord_114
                0x0000000000006fb8                __device_dts_ord_113
                0x0000000000006fd0                __device_PRE_KERNEL_2_start = .
 *(SORT_BY_NAME(SORT_BY_ALIGNMENT(.z_device_PRE_KERNEL_2[0-9]_*)))
 *(SORT_BY_NAME(SORT_BY_ALIGNMENT(.z_device_PRE_KERNEL_2[1-9][0-9]_*)))
                0x0000000000006fd0                __device_POST_KERNEL_start = .
 *(SORT_BY_NAME(SORT_BY_ALIGNMENT(.z_device_POST_KERNEL[0-9]_*)))
 *(SORT_BY_NAME(SORT_BY_ALIGNMENT(.z_device_POST_KERNEL[1-9][0-9]_*)))
 .z_device_POST_KERNEL50_
                0x0000000000006fd0       0x18 zephyr/drivers/flash/libdrivers__flash.a(soc_flash_nrf.c.obj)
                0x0000000000006fd0                __device_dts_ord_119
                0x0000000000006fe8                __device_APPLICATION_start = .
 *(SORT_BY_NAME(SORT_BY_ALIGNMENT(.z_device_APPLICATION[0-9]_*)))
 *(SORT_BY_NAME(SORT_BY_ALIGNMENT(.z_device_APPLICATION[1-9][0-9]_*)))
                0x0000000000006fe8                __device_SMP_start = .
 *(SORT_BY_NAME(SORT_BY_ALIGNMENT(.z_device_SMP[0-9]_*)))
 *(SORT_BY_NAME(SORT_BY_ALIGNMENT(.z_device_SMP[1-9][0-9]_*)))
                0x0000000000006fe8                __device_end = .

sw_isr_table    0x0000000000006fe8      0x180
                0x0000000000006fe8                . = ALIGN (0x4)
 *(SORT_BY_ALIGNMENT(.gnu.linkonce.sw_isr_table*))
 .gnu.linkonce.sw_isr_table
                0x0000000000006fe8      0x180 zephyr/arch/common/libisr_tables.a(isr_tables.c.obj)
                0x0000000000006fe8                _sw_isr_table

initlevel_error
                0x0000000000006ef8        0x0
 *(SORT_BY_NAME(SORT_BY_ALIGNMENT(.z_init_[_A-Z0-9]*)))
                0x0000000000000001                ASSERT ((SIZEOF (initlevel_error) == 0x0), Undefined initialization levels used.)

app_shmem_regions
                0x0000000000007168        0x0
                0x0000000000007168                __app_shmem_regions_start = .
 *(SORT_BY_NAME(SORT_BY_ALIGNMENT(.app_regions.*)))
                0x0000000000007168                __app_shmem_regions_end = .

k_p4wq_initparam_area
                0x0000000000007168        0x0
                0x0000000000007168                _k_p4wq_initparam_list_start = .
 *(SORT_BY_NAME(SORT_BY_ALIGNMENT(._k_p4wq_initparam.static.*)))
                0x0000000000007168                _k_p4wq_initparam_list_end = .

_static_thread_data_area
                0x0000000000007168        0x0
                0x0000000000007168                __static_thread_data_list_start = .
 *(SORT_BY_NAME(SORT_BY_ALIGNMENT(.__static_thread_data.static.*)))
                0x0000000000007168                __static_thread_data_list_end = .

device_handles  0x0000000000007168       0x52
                0x0000000000007168                __device_handles_start = .
 *(SORT_BY_NAME(SORT_BY_ALIGNMENT(.__device_handles_pass1*)))
 .__device_handles_pass1
                0x0000000000007168        0xa zephyr/drivers/clock_control/libdrivers__clock_control.a(clock_control_nrf.c.obj)
                0x0000000000007168                __devicehdl_dts_ord_74
 .__device_handles_pass1
                0x0000000000007172       0x22 zephyr/drivers/gpio/libdrivers__gpio.a(gpio_nrfx.c.obj)
                0x0000000000007172                __devicehdl_dts_ord_105
                0x000000000000717c                __devicehdl_dts_ord_11
 .__device_handles_pass1
                0x0000000000007194        0xa zephyr/drivers/flash/libdrivers__flash.a(soc_flash_nrf.c.obj)
                0x0000000000007194                __devicehdl_dts_ord_119
 .__device_handles_pass1
                0x000000000000719e       0x1c zephyr/drivers/serial/libdrivers__serial.a(uart_nrfx_uarte.c.obj)
                0x000000000000719e                __devicehdl_dts_ord_114
                0x00000000000071ac                __devicehdl_dts_ord_113
                0x00000000000071ba                __device_handles_end = .

ztest           0x00000000000071ba        0x0
                0x00000000000071ba                _ztest_expected_result_entry_list_start = .
 *(SORT_BY_NAME(SORT_BY_ALIGNMENT(._ztest_expected_result_entry.static.*)))
                0x00000000000071ba                _ztest_expected_result_entry_list_end = .
                0x00000000000071ba                _ztest_suite_node_list_start = .
 *(SORT_BY_NAME(SORT_BY_ALIGNMENT(._ztest_suite_node.static.*)))
                0x00000000000071ba                _ztest_suite_node_list_end = .
                0x00000000000071ba                _ztest_unit_test_list_start = .
 *(SORT_BY_NAME(SORT_BY_ALIGNMENT(._ztest_unit_test.static.*)))
                0x00000000000071ba                _ztest_unit_test_list_end = .
                0x00000000000071ba                _ztest_test_rule_list_start = .
 *(SORT_BY_NAME(SORT_BY_ALIGNMENT(._ztest_test_rule.static.*)))
                0x00000000000071ba                _ztest_test_rule_list_end = .

bt_l2cap_fixed_chan_area
                0x00000000000071ba        0x0
                0x00000000000071ba                _bt_l2cap_fixed_chan_list_start = .
 *(SORT_BY_NAME(SORT_BY_ALIGNMENT(._bt_l2cap_fixed_chan.static.*)))
                0x00000000000071ba                _bt_l2cap_fixed_chan_list_end = .

bt_gatt_service_static_area
                0x00000000000071ba        0x0
                0x00000000000071ba                _bt_gatt_service_static_list_start = .
 *(SORT_BY_NAME(SORT_BY_ALIGNMENT(._bt_gatt_service_static.static.*)))
                0x00000000000071ba                _bt_gatt_service_static_list_end = .

log_strings_sections
                0x00000000000071ba        0x0
                0x00000000000071ba                __log_strings_start = .
 *(SORT_BY_NAME(SORT_BY_ALIGNMENT(.log_strings*)))
                0x00000000000071ba                __log_strings_end = .

log_const_sections
                0x00000000000071bc       0x68
                0x00000000000071bc                __log_const_start = .
 *(SORT_BY_NAME(SORT_BY_ALIGNMENT(.log_const_*)))
 .log_const_NRFX_CLOCK
                0x00000000000071bc        0x8 modules/hal_nordic/nrfx/libmodules__hal_nordic__nrfx.a(nrfx_clock.c.obj)
                0x00000000000071bc                log_const_NRFX_CLOCK
 .log_const_NRFX_GPIOTE
                0x00000000000071c4        0x8 modules/hal_nordic/nrfx/libmodules__hal_nordic__nrfx.a(nrfx_gpiote.c.obj)
                0x00000000000071c4                log_const_NRFX_GPIOTE
 .log_const_NRFX_PPI
                0x00000000000071cc        0x8 modules/hal_nordic/nrfx/libmodules__hal_nordic__nrfx.a(nrfx_ppi.c.obj)
                0x00000000000071cc                log_const_NRFX_PPI
 .log_const_NRFX_WDT
                0x00000000000071d4        0x8 modules/hal_nordic/nrfx/libmodules__hal_nordic__nrfx.a(nrfx_wdt.c.obj)
                0x00000000000071d4                log_const_NRFX_WDT
 .log_const_cbprintf_package
                0x00000000000071dc        0x8 zephyr/libzephyr.a(cbprintf_packaged.c.obj)
                0x00000000000071dc                log_const_cbprintf_package
 .log_const_clock_control
                0x00000000000071e4        0x8 zephyr/drivers/clock_control/libdrivers__clock_control.a(clock_control_nrf.c.obj)
                0x00000000000071e4                log_const_clock_control
 .log_const_fatal_error
                0x00000000000071ec        0x8 modules/nrf/lib/fatal_error/lib..__nrf__lib__fatal_error.a(fatal_error.c.obj)
                0x00000000000071ec                log_const_fatal_error
 .log_const_flash_nrf
                0x00000000000071f4        0x8 zephyr/drivers/flash/libdrivers__flash.a(soc_flash_nrf.c.obj)
                0x00000000000071f4                log_const_flash_nrf
 .log_const_mcuboot
                0x00000000000071fc        0x8 app/libapp.a(main.c.obj)
                0x00000000000071fc                log_const_mcuboot
 .log_const_mpu
                0x0000000000007204        0x8 zephyr/arch/arch/arm/core/aarch32/mpu/libarch__arm__core__aarch32__mpu.a(arm_core_mpu.c.obj)
                0x0000000000007204                log_const_mpu
 .log_const_os  0x000000000000720c        0x8 zephyr/kernel/libkernel.a(init.c.obj)
                0x000000000000720c                log_const_os
 .log_const_soc
                0x0000000000007214        0x8 zephyr/soc/arm/nordic_nrf/nrf52/libsoc__arm__nordic_nrf__nrf52.a(soc.c.obj)
                0x0000000000007214                log_const_soc
 .log_const_uart_nrfx_uarte
                0x000000000000721c        0x8 zephyr/drivers/serial/libdrivers__serial.a(uart_nrfx_uarte.c.obj)
                0x000000000000721c                log_const_uart_nrfx_uarte
                0x0000000000007224                __log_const_end = .

log_backend_area
                0x0000000000007224        0x0
                0x0000000000007224                _log_backend_list_start = .
 *(SORT_BY_NAME(SORT_BY_ALIGNMENT(._log_backend.static.*)))
                0x0000000000007224                _log_backend_list_end = .

log_link_area   0x0000000000007224        0x0
                0x0000000000007224                _log_link_list_start = .
 *(SORT_BY_NAME(SORT_BY_ALIGNMENT(._log_link.static.*)))
                0x0000000000007224                _log_link_list_end = .

tracing_backend_area
                0x0000000000007224        0x0
                0x0000000000007224                _tracing_backend_list_start = .
 *(SORT_BY_NAME(SORT_BY_ALIGNMENT(._tracing_backend.static.*)))
                0x0000000000007224                _tracing_backend_list_end = .

zephyr_dbg_info
 *(SORT_BY_ALIGNMENT(.dbg_thread_info))

symbol_to_keep  0x0000000000007224        0x0
                0x0000000000007224                __symbol_to_keep_start = .
 *(SORT_BY_NAME(SORT_BY_ALIGNMENT(.symbol_to_keep*)))
                0x0000000000007224                __symbol_to_keep_end = .

shell_area      0x0000000000007224        0x0
                0x0000000000007224                _shell_list_start = .
 *(SORT_BY_NAME(SORT_BY_ALIGNMENT(._shell.static.*)))
                0x0000000000007224                _shell_list_end = .

shell_root_cmds_sections
                0x0000000000007224        0x0
                0x0000000000007224                __shell_root_cmds_start = .
 *(SORT_BY_NAME(SORT_BY_ALIGNMENT(.shell_root_cmd_*)))
                0x0000000000007224                __shell_root_cmds_end = .

shell_subcmds_sections
                0x0000000000007224        0x0
                0x0000000000007224                __shell_subcmds_start = .
 *(SORT_BY_NAME(SORT_BY_ALIGNMENT(.shell_subcmd_*)))
                0x0000000000007224                __shell_subcmds_end = .

shell_dynamic_subcmds_sections
                0x0000000000007224        0x0
                0x0000000000007224                __shell_dynamic_subcmds_start = .
 *(SORT_BY_NAME(SORT_BY_ALIGNMENT(.shell_dynamic_subcmd_*)))
                0x0000000000007224                __shell_dynamic_subcmds_end = .

font_entry_sections
                0x0000000000007224        0x0
                0x0000000000007224                __font_entry_start = .
 *(SORT_BY_NAME(SORT_BY_ALIGNMENT(._cfb_font.*)))
                0x0000000000007224                __font_entry_end = .

rodata          0x0000000000007230     0x10ac
 *(SORT_BY_ALIGNMENT(.rodata))
 .rodata        0x0000000000007230       0x10 D:/ncs/v2.3.0/nrfxlib/crypto/nrf_cc310_bl/lib/cortex-m4/hard-float/no-interrupts/libnrf_cc310_bl_0.9.12.a(nrf_cc310_bl_hash_sha256.c.obj)
 *(SORT_BY_ALIGNMENT(.rodata.*))
 .rodata.delay_machine_code.0
                0x0000000000007240        0x6 zephyr/soc/arm/nordic_nrf/nrf52/libsoc__arm__nordic_nrf__nrf52.a(soc.c.obj)
 *fill*         0x0000000000007246        0x2 
 .rodata.bootutil_key_cnt
                0x0000000000007248        0x4 app/libapp.a(keys.c.obj)
                0x0000000000007248                bootutil_key_cnt
 .rodata.bootutil_keys
                0x000000000000724c        0x8 app/libapp.a(keys.c.obj)
                0x000000000000724c                bootutil_keys
 .rodata.ecdsa_pub_key_len
                0x0000000000007254        0x4 app/libapp.a(autogen-pubkey.c.obj)
                0x0000000000007254                ecdsa_pub_key_len
 .rodata.flash_map_entries
                0x0000000000007258        0x4 zephyr/libzephyr.a(flash_map_partition_manager.c.obj)
                0x0000000000007258                flash_map_entries
 .rodata.default_flash_map
                0x000000000000725c       0x70 zephyr/libzephyr.a(flash_map_partition_manager.c.obj)
                0x000000000000725c                default_flash_map
 .rodata.apis   0x00000000000072cc        0x8 zephyr/libzephyr.a(nrf_cc3xx_platform_abort_zephyr.c.obj)
 .rodata.static_regions
                0x00000000000072d4       0x18 zephyr/arch/arch/arm/core/aarch32/mpu/libarch__arm__core__aarch32__mpu.a(arm_core_mpu.c.obj)
 .rodata.mpu_config
                0x00000000000072ec        0x8 zephyr/soc/arm/common/cortex_m/libsoc__arm__common__cortex_m.a(arm_mpu_regions.c.obj)
                0x00000000000072ec                mpu_config
 .rodata.mpu_regions
                0x00000000000072f4       0x18 zephyr/soc/arm/common/cortex_m/libsoc__arm__common__cortex_m.a(arm_mpu_regions.c.obj)
 .rodata.transitions.0
                0x000000000000730c        0xc zephyr/drivers/clock_control/libdrivers__clock_control.a(clock_control_nrf.c.obj)
 .rodata.config
                0x0000000000007318       0x18 zephyr/drivers/clock_control/libdrivers__clock_control.a(clock_control_nrf.c.obj)
 .rodata.clock_control_api
                0x0000000000007330       0x1c zephyr/drivers/clock_control/libdrivers__clock_control.a(clock_control_nrf.c.obj)
 .rodata.gpio_nrfx_p1_cfg
                0x000000000000734c       0x10 zephyr/drivers/gpio/libdrivers__gpio.a(gpio_nrfx.c.obj)
 .rodata.gpio_nrfx_p0_cfg
                0x000000000000735c       0x10 zephyr/drivers/gpio/libdrivers__gpio.a(gpio_nrfx.c.obj)
 .rodata.gpio_nrfx_drv_api_funcs
                0x000000000000736c       0x24 zephyr/drivers/gpio/libdrivers__gpio.a(gpio_nrfx.c.obj)
 .rodata.flash_nrf_api
                0x0000000000007390       0x14 zephyr/drivers/flash/libdrivers__flash.a(soc_flash_nrf.c.obj)
 .rodata.flash_nrf_parameters
                0x00000000000073a4        0x8 zephyr/drivers/flash/libdrivers__flash.a(soc_flash_nrf.c.obj)
 .rodata.uarte_1z_config
                0x00000000000073ac       0x10 zephyr/drivers/serial/libdrivers__serial.a(uart_nrfx_uarte.c.obj)
 .rodata.__pinctrl_dev_config__device_dts_ord_114
                0x00000000000073bc        0xc zephyr/drivers/serial/libdrivers__serial.a(uart_nrfx_uarte.c.obj)
 .rodata.__pinctrl_states__device_dts_ord_114
                0x00000000000073c8        0x8 zephyr/drivers/serial/libdrivers__serial.a(uart_nrfx_uarte.c.obj)
 .rodata.__pinctrl_state_pins_0__device_dts_ord_114
                0x00000000000073d0        0x8 zephyr/drivers/serial/libdrivers__serial.a(uart_nrfx_uarte.c.obj)
 .rodata.uarte_0z_config
                0x00000000000073d8       0x10 zephyr/drivers/serial/libdrivers__serial.a(uart_nrfx_uarte.c.obj)
 .rodata.__pinctrl_dev_config__device_dts_ord_113
                0x00000000000073e8        0xc zephyr/drivers/serial/libdrivers__serial.a(uart_nrfx_uarte.c.obj)
 .rodata.__pinctrl_states__device_dts_ord_113
                0x00000000000073f4        0x8 zephyr/drivers/serial/libdrivers__serial.a(uart_nrfx_uarte.c.obj)
 .rodata.__pinctrl_state_pins_0__device_dts_ord_113
                0x00000000000073fc       0x10 zephyr/drivers/serial/libdrivers__serial.a(uart_nrfx_uarte.c.obj)
 .rodata.uart_nrfx_uarte_driver_api
                0x000000000000740c       0x14 zephyr/drivers/serial/libdrivers__serial.a(uart_nrfx_uarte.c.obj)
 .rodata.CSWTCH.475
                0x0000000000007420       0x14 zephyr/kernel/libkernel.a(fatal.c.obj)
 .rodata.levels.0
                0x0000000000007434       0x18 zephyr/kernel/libkernel.a(init.c.obj)
 .rodata.CSWTCH.10
                0x000000000000744c       0x1c D:/ncs/v2.3.0/nrfxlib/crypto/nrf_cc310_platform/lib/cortex-m4/hard-float/no-interrupts/libnrf_cc310_platform_0.9.16.a(nrf_cc3xx_platform.c.obj)
 .rodata.CC_PalPowerSaveModeInit.str1.4
                0x0000000000007468       0x20 D:/ncs/v2.3.0/nrfxlib/crypto/nrf_cc310_platform/lib/cortex-m4/hard-float/no-interrupts/libnrf_cc310_platform_0.9.16.a(cc_pal_pm.c.obj)
 .rodata.mutex_free.str1.4
                0x0000000000007488       0x26 D:/ncs/v2.3.0/nrfxlib/crypto/nrf_cc310_platform/lib/cortex-m4/hard-float/no-interrupts/libnrf_cc310_platform_0.9.16.a(nrf_cc3xx_platform_mutex.c.obj)
 *fill*         0x00000000000074ae        0x2 
 .rodata.mutex_init.str1.4
                0x00000000000074b0       0x23 D:/ncs/v2.3.0/nrfxlib/crypto/nrf_cc310_platform/lib/cortex-m4/hard-float/no-interrupts/libnrf_cc310_platform_0.9.16.a(nrf_cc3xx_platform_mutex.c.obj)
 *fill*         0x00000000000074d3        0x1 
 .rodata.domain_secp256r1
                0x00000000000074d4       0xcc D:/ncs/v2.3.0/nrfxlib/crypto/nrf_cc310_bl/lib/cortex-m4/hard-float/no-interrupts/libnrf_cc310_bl_0.9.12.a(nrf_cc310_bl_ecdsa_verify_secp256r1.c.obj)
                0x00000000000074d4                domain_secp256r1
 .rodata.NRF_CC310_BL_HASH_LARVAL_SHA256
                0x00000000000075a0       0x20 D:/ncs/v2.3.0/nrfxlib/crypto/nrf_cc310_bl/lib/cortex-m4/hard-float/no-interrupts/libnrf_cc310_bl_0.9.12.a(nrf_cc310_bl_hash_sha256.c.obj)
                0x00000000000075a0                NRF_CC310_BL_HASH_LARVAL_SHA256
 .rodata.boot_img_magic
                0x00000000000075c0       0x10 modules/mcuboot/boot/bootutil/zephyr/libmcuboot_util.a(bootutil_public.c.obj)
                0x00000000000075c0                boot_img_magic
 .rodata.main.str1.1
                0x00000000000075d0       0xde app/libapp.a(main.c.obj)
 .rodata.str1.1
                0x00000000000076ae        0x8 app/libapp.a(main.c.obj)
 .rodata.flash_device_base.str1.1
                0x00000000000076b6       0x26 app/libapp.a(flash_map_extended.c.obj)
 .rodata.ec_secp256r1_oid
                0x00000000000076dc        0x9 app/libapp.a(image_ec256.c.obj)
 .rodata.ec_pubkey_oid
                0x00000000000076e5        0x8 app/libapp.a(image_ec256.c.obj)
 .rodata.bootutil_max_image_size.str1.1
                0x00000000000076ed       0x3b app/libapp.a(bootutil_misc.c.obj)
 .rodata.boot_validate_slot.isra.0.str1.1
                0x0000000000007728       0x3a app/libapp.a(loader.c.obj)
 .rodata.boot_swap_image.str1.1
                0x0000000000007762       0x2f app/libapp.a(loader.c.obj)
 .rodata.context_boot_go.str1.1
                0x0000000000007791       0xa4 app/libapp.a(loader.c.obj)
 .rodata.swap_read_status_bytes.str1.1
                0x0000000000007835       0x23 app/libapp.a(swap_move.c.obj)
 .rodata.boot_slots_compatible.str1.1
                0x0000000000007858       0x93 app/libapp.a(swap_move.c.obj)
 .rodata.swap_status_source.str1.1
                0x00000000000078eb       0xa4 app/libapp.a(swap_move.c.obj)
 .rodata.swap_run.str1.1
                0x000000000000798f       0x89 app/libapp.a(swap_move.c.obj)
 .rodata.ecdsa_pub_key
                0x0000000000007a18       0x5b app/libapp.a(autogen-pubkey.c.obj)
                0x0000000000007a18                ecdsa_pub_key
 .rodata.str1.1
                0x0000000000007a73       0x11 zephyr/libzephyr.a(cbprintf_packaged.c.obj)
 .rodata.z_cbvprintf_impl.str1.1
                0x0000000000007a84       0x10 zephyr/libzephyr.a(cbprintf_nano.c.obj)
                                         0x13 (size before relaxing)
 .rodata.sys_reboot.str1.1
                0x0000000000007a94       0x29 zephyr/libzephyr.a(reboot.c.obj)
 .rodata.z_arm_fatal_error.str1.1
                0x0000000000007abd       0xaf zephyr/arch/arch/arm/core/aarch32/libarch__arm__core__aarch32.a(fatal.c.obj)
 .rodata.mem_manage_fault.str1.1
                0x0000000000007b6c       0xfb zephyr/arch/arch/arm/core/aarch32/cortex_m/libarch__arm__core__aarch32__cortex_m.a(fault.c.obj)
 .rodata.usage_fault.constprop.0.str1.1
                0x0000000000007c67       0xf0 zephyr/arch/arch/arm/core/aarch32/cortex_m/libarch__arm__core__aarch32__cortex_m.a(fault.c.obj)
 .rodata.bus_fault.constprop.0.str1.1
                0x0000000000007d57       0xa6 zephyr/arch/arch/arm/core/aarch32/cortex_m/libarch__arm__core__aarch32__cortex_m.a(fault.c.obj)
 .rodata.z_arm_fault.str1.1
                0x0000000000007dfd      0x139 zephyr/arch/arch/arm/core/aarch32/cortex_m/libarch__arm__core__aarch32__cortex_m.a(fault.c.obj)
 .rodata.str1.1
                0x0000000000007f36        0x4 zephyr/arch/arch/arm/core/aarch32/mpu/libarch__arm__core__aarch32__mpu.a(arm_core_mpu.c.obj)
 .rodata.mpu_configure_regions.str1.1
                0x0000000000007f3a       0x53 zephyr/arch/arch/arm/core/aarch32/mpu/libarch__arm__core__aarch32__mpu.a(arm_mpu.c.obj)
 .rodata.str1.1
                0x0000000000007f8d        0xf zephyr/soc/arm/common/cortex_m/libsoc__arm__common__cortex_m.a(arm_mpu_regions.c.obj)
 .rodata.CSWTCH.9
                0x0000000000007f9c        0x6 zephyr/soc/arm/nordic_nrf/nrf52/libsoc__arm__nordic_nrf__nrf52.a(soc.c.obj)
 .rodata.str1.1
                0x0000000000007fa2        0x4 zephyr/soc/arm/nordic_nrf/nrf52/libsoc__arm__nordic_nrf__nrf52.a(soc.c.obj)
 .rodata.str1.1
                0x0000000000007fa6       0x29 zephyr/drivers/clock_control/libdrivers__clock_control.a(clock_control_nrf.c.obj)
 .rodata.str1.1
                0x0000000000007fcf       0x1c zephyr/drivers/gpio/libdrivers__gpio.a(gpio_nrfx.c.obj)
 .rodata.flash_nrf_read.str1.1
                0x0000000000007feb       0x22 zephyr/drivers/flash/libdrivers__flash.a(soc_flash_nrf.c.obj)
 .rodata.flash_nrf_erase.str1.1
                0x000000000000800d       0x24 zephyr/drivers/flash/libdrivers__flash.a(soc_flash_nrf.c.obj)
 .rodata.flash_nrf_write.str1.1
                0x0000000000008031       0x23 zephyr/drivers/flash/libdrivers__flash.a(soc_flash_nrf.c.obj)
 .rodata.str1.1
                0x0000000000008054       0x24 zephyr/drivers/flash/libdrivers__flash.a(soc_flash_nrf.c.obj)
 .rodata.uarte_instance_init.constprop.0.str1.1
                0x0000000000008078       0x24 zephyr/drivers/serial/libdrivers__serial.a(uart_nrfx_uarte.c.obj)
 .rodata.str1.1
                0x000000000000809c       0x2c zephyr/drivers/serial/libdrivers__serial.a(uart_nrfx_uarte.c.obj)
 .rodata.k_sys_fatal_error_handler.str1.1
                0x00000000000080c8       0x16 modules/nrf/lib/fatal_error/lib..__nrf__lib__fatal_error.a(fatal_error.c.obj)
 .rodata.str1.1
                0x00000000000080de        0xc modules/nrf/lib/fatal_error/lib..__nrf__lib__fatal_error.a(fatal_error.c.obj)
 .rodata.boot_swap_type_multi.str1.1
                0x00000000000080ea       0x96 modules/mcuboot/boot/bootutil/zephyr/libmcuboot_util.a(bootutil_public.c.obj)
 .rodata.boot_swap_tables
                0x0000000000008180       0x12 modules/mcuboot/boot/bootutil/zephyr/libmcuboot_util.a(bootutil_public.c.obj)
 .rodata.CSWTCH.15
                0x0000000000008192        0x6 modules/hal_nordic/nrfx/libmodules__hal_nordic__nrfx.a(system_nrf52840.c.obj)
 .rodata.CSWTCH.6
                0x0000000000008198        0x6 modules/hal_nordic/nrfx/libmodules__hal_nordic__nrfx.a(system_nrf52840.c.obj)
 .rodata.str1.1
                0x000000000000819e        0xb modules/hal_nordic/nrfx/libmodules__hal_nordic__nrfx.a(nrfx_clock.c.obj)
 .rodata.str1.1
                0x00000000000081a9        0xc modules/hal_nordic/nrfx/libmodules__hal_nordic__nrfx.a(nrfx_gpiote.c.obj)
 .rodata.str1.1
                0x00000000000081b5        0x9 modules/hal_nordic/nrfx/libmodules__hal_nordic__nrfx.a(nrfx_ppi.c.obj)
 .rodata.str1.1
                0x00000000000081be        0x9 modules/hal_nordic/nrfx/libmodules__hal_nordic__nrfx.a(nrfx_wdt.c.obj)
 .rodata._DoInit.str1.1