Archive member included to satisfy reference by file (symbol)

app/libapp.a(main.c.obj)      (--whole-archive)
app/libapp.a(io.c.obj)        (--whole-archive)
app/libapp.a(flash_map_extended.c.obj)
                              (--whole-archive)
app/libapp.a(os.c.obj)        (--whole-archive)
app/libapp.a(keys.c.obj)      (--whole-archive)
app/libapp.a(image_validate.c.obj)
                              (--whole-archive)
app/libapp.a(tlv.c.obj)       (--whole-archive)
app/libapp.a(encrypted.c.obj)
                              (--whole-archive)
app/libapp.a(image_rsa.c.obj)
                              (--whole-archive)
app/libapp.a(image_ecdsa.c.obj)
                              (--whole-archive)
app/libapp.a(image_ed25519.c.obj)
                              (--whole-archive)
app/libapp.a(bootutil_misc.c.obj)
                              (--whole-archive)
app/libapp.a(fault_injection_hardening.c.obj)
                              (--whole-archive)
app/libapp.a(loader_legacy_child_parent.c.obj)
                              (--whole-archive)
app/libapp.a(swap_misc.c.obj)
                              (--whole-archive)
app/libapp.a(swap_scratch.c.obj)
                              (--whole-archive)
app/libapp.a(swap_move.c.obj)
                              (--whole-archive)
app/libapp.a(caps.c.obj)      (--whole-archive)
app/libapp.a(asn1parse.c.obj)
                              (--whole-archive)
app/libapp.a(platform_util.c.obj)
                              (--whole-archive)
app/libapp.a(cc310_glue.c.obj)
                              (--whole-archive)
app/libapp.a(autogen-pubkey.c.obj)
                              (--whole-archive)
app/libapp.a(arm_cleanup.c.obj)
                              (--whole-archive)
app/libapp.a(nrf_cleanup.c.obj)
                              (--whole-archive)
zephyr/libzephyr.a(heap.c.obj)
                              (--whole-archive)
zephyr/libzephyr.a(cbprintf_packaged.c.obj)
                              (--whole-archive)
zephyr/libzephyr.a(printk.c.obj)
                              (--whole-archive)
zephyr/libzephyr.a(sem.c.obj)
                              (--whole-archive)
zephyr/libzephyr.a(thread_entry.c.obj)
                              (--whole-archive)
zephyr/libzephyr.a(cbprintf_nano.c.obj)
                              (--whole-archive)
zephyr/libzephyr.a(cbprintf.c.obj)
                              (--whole-archive)
zephyr/libzephyr.a(assert.c.obj)
                              (--whole-archive)
zephyr/libzephyr.a(dec.c.obj)
                              (--whole-archive)
zephyr/libzephyr.a(hex.c.obj)
                              (--whole-archive)
zephyr/libzephyr.a(rb.c.obj)  (--whole-archive)
zephyr/libzephyr.a(timeutil.c.obj)
                              (--whole-archive)
zephyr/libzephyr.a(bitarray.c.obj)
                              (--whole-archive)
zephyr/libzephyr.a(onoff.c.obj)
                              (--whole-archive)
zephyr/libzephyr.a(notify.c.obj)
                              (--whole-archive)
zephyr/libzephyr.a(configs.c.obj)
                              (--whole-archive)
zephyr/libzephyr.a(log_minimal.c.obj)
                              (--whole-archive)
zephyr/libzephyr.a(mem_attr.c.obj)
                              (--whole-archive)
zephyr/libzephyr.a(flash_map.c.obj)
                              (--whole-archive)
zephyr/libzephyr.a(flash_map_layout.c.obj)
                              (--whole-archive)
zephyr/libzephyr.a(tracing_none.c.obj)
                              (--whole-archive)
zephyr/libzephyr.a(flash_util.c.obj)
                              (--whole-archive)
zephyr/libzephyr.a(banner.c.obj)
                              (--whole-archive)
zephyr/libzephyr.a(flash_map_partition_manager.c.obj)
                              (--whole-archive)
zephyr/libzephyr.a(nrf_cc3xx_platform_abort_zephyr.c.obj)
                              (--whole-archive)
zephyr/libzephyr.a(nrf_cc3xx_platform_no_mutex_zephyr.c.obj)
                              (--whole-archive)
zephyr/arch/common/libarch__common.a(sw_isr_common.c.obj)
                              (--whole-archive)
zephyr/arch/arch/arm/core/libarch__arm__core.a(fatal.c.obj)
                              (--whole-archive)
zephyr/arch/arch/arm/core/libarch__arm__core.a(nmi.c.obj)
                              (--whole-archive)
zephyr/arch/arch/arm/core/libarch__arm__core.a(nmi_on_reset.S.obj)
                              (--whole-archive)
zephyr/arch/arch/arm/core/cortex_m/libarch__arm__core__cortex_m.a(exc_exit.c.obj)
                              (--whole-archive)
zephyr/arch/arch/arm/core/cortex_m/libarch__arm__core__cortex_m.a(fault.c.obj)
                              (--whole-archive)
zephyr/arch/arch/arm/core/cortex_m/libarch__arm__core__cortex_m.a(fault_s.S.obj)
                              (--whole-archive)
zephyr/arch/arch/arm/core/cortex_m/libarch__arm__core__cortex_m.a(fpu.c.obj)
                              (--whole-archive)
[...]
Memory Configuration

Name             Origin             Length             Attributes
FLASH            0x0000000000000000 0x000000000000c000 xr
RAM              0x0000000020000000 0x0000000000040000 xw
IDT_LIST         0x00000000ffff7fff 0x0000000000008000 xw
*default*        0x0000000000000000 0xffffffffffffffff

Linker script and memory map

LOAD zephyr/CMakeFiles/zephyr_final.dir/misc/empty_file.c.obj
LOAD zephyr/CMakeFiles/zephyr_final.dir/isr_tables.c.obj
LOAD zephyr/CMakeFiles/offsets.dir/./arch/arm/core/offsets/offsets.c.obj
LOAD app/libapp.a
LOAD zephyr/libzephyr.a
LOAD zephyr/arch/common/libarch__common.a
LOAD zephyr/arch/arch/arm/core/libarch__arm__core.a
LOAD zephyr/arch/arch/arm/core/cortex_m/libarch__arm__core__cortex_m.a
LOAD zephyr/arch/arch/arm/core/mpu/libarch__arm__core__mpu.a
LOAD zephyr/lib/libc/minimal/liblib__libc__minimal.a
LOAD zephyr/lib/libc/common/liblib__libc__common.a
LOAD zephyr/soc/soc/arm/nordic_nrf/lib..__modules__soc-hwmv1__soc__arm__nordic_nrf.a
LOAD zephyr/drivers/clock_control/libdrivers__clock_control.a
LOAD zephyr/drivers/console/libdrivers__console.a
LOAD zephyr/drivers/flash/libdrivers__flash.a
LOAD zephyr/drivers/gpio/libdrivers__gpio.a
LOAD zephyr/drivers/pinctrl/libdrivers__pinctrl.a
LOAD zephyr/drivers/serial/libdrivers__serial.a
LOAD zephyr/drivers/timer/libdrivers__timer.a
LOAD modules/nrf/lib/fprotect/lib..__nrf__lib__fprotect.a
LOAD modules/nrf/drivers/hw_cc3xx/lib..__nrf__drivers__hw_cc3xx.a
LOAD modules/mcuboot/boot/bootutil/zephyr/libmcuboot_util.a
LOAD modules/hal_nordic/nrfx/libmodules__hal_nordic__nrfx.a
LOAD modules/segger/libmodules__segger.a
LOAD zephyr/kernel/libkernel.a
LOAD zephyr/arch/common/libisr_tables.a
LOAD C:/ncs/v2.9.1/nrfxlib/crypto/nrf_cc310_platform/lib/cortex-m4/hard-float/no-interrupts/libnrf_cc310_platform_0.9.19.a
LOAD C:/ncs/v2.9.1/nrfxlib/crypto/nrf_cc310_bl/lib/cortex-m4/hard-float/no-interrupts/libnrf_cc310_bl_0.9.12.a
LOAD c:/ncs/toolchains/b620d30767/opt/zephyr-sdk/arm-zephyr-eabi/bin/../lib/gcc/arm-zephyr-eabi/12.2.0/../../../../arm-zephyr-eabi/lib/thumb/v7e-m+fp/hard\libc.a
LOAD c:/ncs/toolchains/b620d30767/opt/zephyr-sdk/arm-zephyr-eabi/bin/../lib/gcc/arm-zephyr-eabi/12.2.0/thumb/v7e-m+fp/hard\libgcc.a
                0x0000000000000020                _region_min_align = 0x20

.rel.plt        0x0000000000000000        0x0
 *(SORT_BY_ALIGNMENT(.rel.plt))
                [!provide]                        PROVIDE (__rel_iplt_start = .)
 *(SORT_BY_ALIGNMENT(.rel.iplt))
 .rel.iplt      0x0000000000000000        0x0 zephyr/CMakeFiles/zephyr_final.dir/isr_tables.c.obj
                [!provide]                        PROVIDE (__rel_iplt_end = .)

.rela.plt       0x0000000000000000        0x0
 *(SORT_BY_ALIGNMENT(.rela.plt))
                [!provide]                        PROVIDE (__rela_iplt_start = .)
 *(SORT_BY_ALIGNMENT(.rela.iplt))
                [!provide]                        PROVIDE (__rela_iplt_end = .)

.rel.dyn
 *(SORT_BY_ALIGNMENT(.rel.*))

.rela.dyn
 *(SORT_BY_ALIGNMENT(.rela.*))

/DISCARD/
 *(SORT_BY_ALIGNMENT(.plt))

/DISCARD/
 *(SORT_BY_ALIGNMENT(.iplt))
                0x0000000000000000                __rom_region_start = 0x0

rom_start       0x0000000000000000      0x100
                0x0000000000000000                __rom_start_address = .
 FILL mask 0x00
                0x0000000000000000                . = (. + (0x0 - (. - __rom_start_address)))
                0x0000000000000000                . = ALIGN (0x4)
                0x0000000000000000                . = ALIGN (0x80)
                0x0000000000000000                . = ALIGN (0x100)
                0x0000000000000000                _vector_start = .
 *(SORT_BY_ALIGNMENT(.exc_vector_table))
 *(SORT_BY_ALIGNMENT(.exc_vector_table.*))
 .exc_vector_table._vector_table_section
                0x0000000000000000       0x40 zephyr/arch/arch/arm/core/cortex_m/libarch__arm__core__cortex_m.a(vector_table.S.obj)
                0x0000000000000000                _vector_table
 *(SORT_BY_ALIGNMENT(.vectors))
                0x0000000000000100                _vector_end = .
                0x0000000000000040                . = ALIGN (0x4)
 *(SORT_BY_ALIGNMENT(.gnu.linkonce.irq_vector_table*))
 .gnu.linkonce.irq_vector_table
                0x0000000000000040       0xc0 zephyr/CMakeFiles/zephyr_final.dir/isr_tables.c.obj
                0x0000000000000040                _irq_vector_table
                0x0000000000000100                _vector_end = .

text            0x0000000000000100     0x6c68
                0x0000000000000100                __text_region_start = .
 *(SORT_BY_ALIGNMENT(.text))
 .text          0x0000000000000100       0x30 c:/ncs/toolchains/b620d30767/opt/zephyr-sdk/arm-zephyr-eabi/bin/../lib/gcc/arm-zephyr-eabi/12.2.0/thumb/v7e-m+fp/hard\libgcc.a(_aeabi_uldivmod.o)
                0x0000000000000100                __aeabi_uldivmod
 .text          0x0000000000000130        0x4 c:/ncs/toolchains/b620d30767/opt/zephyr-sdk/arm-zephyr-eabi/bin/../lib/gcc/arm-zephyr-eabi/12.2.0/thumb/v7e-m+fp/hard\libgcc.a(_dvmd_tls.o)
                0x0000000000000130                __aeabi_idiv0
                0x0000000000000130                __aeabi_ldiv0
 .text          0x0000000000000134      0x2a0 c:/ncs/toolchains/b620d30767/opt/zephyr-sdk/arm-zephyr-eabi/bin/../lib/gcc/arm-zephyr-eabi/12.2.0/thumb/v7e-m+fp/hard\libgcc.a(_udivmoddi4.o)
                0x0000000000000134                __udivmoddi4
 *(SORT_BY_ALIGNMENT(.text.*))
 .text.main     0x00000000000003d4       0xe0 app/libapp.a(main.c.obj)
                0x00000000000003d4                main
 .text.flash_device_base
                0x00000000000004b4       0x20 app/libapp.a(flash_map_extended.c.obj)
                0x00000000000004b4                flash_device_base
 .text.flash_area_id_from_multi_image_slot
                0x00000000000004d4       0x24 app/libapp.a(flash_map_extended.c.obj)
                0x00000000000004d4                flash_area_id_from_multi_image_slot
 .text.bootutil_img_validate
                0x00000000000004f8      0x234 app/libapp.a(image_validate.c.obj)
                0x00000000000004f8                bootutil_img_validate
 .text.bootutil_verify_sig
                0x000000000000072c      0x100 app/libapp.a(image_ecdsa.c.obj)
                0x000000000000072c                bootutil_verify_sig
 .text.boot_status_entries
                0x000000000000082c       0x2c app/libapp.a(bootutil_misc.c.obj)
                0x000000000000082c                boot_status_entries
 .text.boot_find_status
                0x0000000000000858       0x48 app/libapp.a(bootutil_misc.c.obj)
                0x0000000000000858                boot_find_status
 .text.bootutil_max_image_size
                0x00000000000008a0       0x2c app/libapp.a(bootutil_misc.c.obj)
                0x00000000000008a0                bootutil_max_image_size
 .text.boot_validate_slot.isra.0
                0x00000000000008cc      0x108 app/libapp.a(loader_legacy_child_parent.c.obj)
 .text.boot_swap_image.isra.0
                0x00000000000009d4       0x88 app/libapp.a(loader_legacy_child_parent.c.obj)
 .text.boot_copy_region
                0x0000000000000a5c       0x84 app/libapp.a(loader_legacy_child_parent.c.obj)
                0x0000000000000a5c                boot_copy_region
 .text.context_boot_go
                0x0000000000000ae0      0x290 app/libapp.a(loader_legacy_child_parent.c.obj)
                0x0000000000000ae0                context_boot_go
 .text.boot_go  0x0000000000000d70       0x20 app/libapp.a(loader_legacy_child_parent.c.obj)
                0x0000000000000d70                boot_go
 .text.swap_set_copy_done
                0x0000000000000d90       0x2c app/libapp.a(swap_misc.c.obj)
                0x0000000000000d90                swap_set_copy_done
 .text.swap_set_image_ok
                0x0000000000000dbc       0x44 app/libapp.a(swap_misc.c.obj)
                0x0000000000000dbc                swap_set_image_ok
 .text.boot_read_image_header
                0x0000000000000e00       0xcc app/libapp.a(swap_move.c.obj)
                0x0000000000000e00                boot_read_image_header
 .text.swap_read_status_bytes
                0x0000000000000ecc       0xc8 app/libapp.a(swap_move.c.obj)
                0x0000000000000ecc                swap_read_status_bytes
 .text.boot_slots_compatible
                0x0000000000000f94       0x78 app/libapp.a(swap_move.c.obj)
                0x0000000000000f94                boot_slots_compatible
 .text.swap_status_source
                0x000000000000100c       0xcc app/libapp.a(swap_move.c.obj)
                0x000000000000100c                swap_status_source
 .text.fixup_revert
                0x00000000000010d8       0x98 app/libapp.a(swap_move.c.obj)
                0x00000000000010d8                fixup_revert
 .text.swap_run
                0x0000000000001170      0x1f0 app/libapp.a(swap_move.c.obj)
                0x0000000000001170                swap_run
 .text.mbedtls_platform_zeroize
                0x0000000000001360       0x14 app/libapp.a(platform_util.c.obj)
                0x0000000000001360                mbedtls_platform_zeroize
 .text.cc310_init
                0x0000000000001374       0x30 app/libapp.a(cc310_glue.c.obj)
                0x0000000000001374                cc310_init
 .text.cc310_ecdsa_verify_secp256r1
                0x00000000000013a4       0x3c app/libapp.a(cc310_glue.c.obj)
                0x00000000000013a4                cc310_ecdsa_verify_secp256r1
 .text.cleanup_arm_nvic
                0x00000000000013e0       0x54 app/libapp.a(arm_cleanup.c.obj)
                0x00000000000013e0                cleanup_arm_nvic
 .text.nrf_cleanup_peripheral
                0x0000000000001434       0xa4 app/libapp.a(nrf_cleanup.c.obj)
                0x0000000000001434                nrf_cleanup_peripheral
 .text.char_out
                0x00000000000014d8        0xc zephyr/libzephyr.a(printk.c.obj)
 .text.__printk_hook_install
                0x00000000000014e4        0xc zephyr/libzephyr.a(printk.c.obj)
                0x00000000000014e4                __printk_hook_install
 .text.vprintk  0x00000000000014f0       0x1c zephyr/libzephyr.a(printk.c.obj)
                0x00000000000014f0                vprintk
 .text.z_cbvprintf_impl
                0x000000000000150c      0x444 zephyr/libzephyr.a(cbprintf_nano.c.obj)
                0x000000000000150c                z_cbvprintf_impl
 .text.process_event
                0x0000000000001950      0x21c zephyr/libzephyr.a(onoff.c.obj)
 .text.mem_attr_get_regions
                0x0000000000001b6c        0xc zephyr/libzephyr.a(mem_attr.c.obj)
                0x0000000000001b6c                mem_attr_get_regions
 .text.flash_area_open
                0x0000000000001b78       0x50 zephyr/libzephyr.a(flash_map.c.obj)
                0x0000000000001b78                flash_area_open
 .text.flash_area_get_sectors
                0x0000000000001bc8       0x60 zephyr/libzephyr.a(flash_map_layout.c.obj)
                0x0000000000001bc8                flash_area_get_sectors
 .text.boot_banner
                0x0000000000001c28       0x24 zephyr/libzephyr.a(banner.c.obj)
                0x0000000000001c28                boot_banner
 .text.nrf_cc3xx_platform_abort_init
                0x0000000000001c4c        0xc zephyr/libzephyr.a(nrf_cc3xx_platform_abort_zephyr.c.obj)
                0x0000000000001c4c                nrf_cc3xx_platform_abort_init
 .text.z_SysNmiOnReset
                0x0000000000001c58        0x8 zephyr/arch/arch/arm/core/libarch__arm__core.a(nmi_on_reset.S.obj)
                0x0000000000001c58                z_SysNmiOnReset
 .text.mem_manage_fault
                0x0000000000001c60       0xa0 zephyr/arch/arch/arm/core/cortex_m/libarch__arm__core__cortex_m.a(fault.c.obj)
 .text.usage_fault.constprop.0
                0x0000000000001d00       0x54 zephyr/arch/arch/arm/core/cortex_m/libarch__arm__core__cortex_m.a(fault.c.obj)
 .text.bus_fault.constprop.0
                0x0000000000001d54       0x6c zephyr/arch/arch/arm/core/cortex_m/libarch__arm__core__cortex_m.a(fault.c.obj)
 .text.z_arm_fault
                0x0000000000001dc0      0x11c zephyr/arch/arch/arm/core/cortex_m/libarch__arm__core__cortex_m.a(fault.c.obj)
                0x0000000000001dc0                z_arm_fault
 .text.z_arm_fault_init
                0x0000000000001edc       0x18 zephyr/arch/arch/arm/core/cortex_m/libarch__arm__core__cortex_m.a(fault.c.obj)
                0x0000000000001edc                z_arm_fault_init
 .text.__fault  0x0000000000001ef4       0x14 zephyr/arch/arch/arm/core/cortex_m/libarch__arm__core__cortex_m.a(fault_s.S.obj)
                0x0000000000001ef4                z_arm_usage_fault
                0x0000000000001ef4                z_arm_mpu_fault
                0x0000000000001ef4                z_arm_exc_spurious
                0x0000000000001ef4                z_arm_debug_monitor
                0x0000000000001ef4                z_arm_hard_fault
                0x0000000000001ef4                z_arm_bus_fault
 .text._reset_section
                0x0000000000001f08       0x50 zephyr/arch/arch/arm/core/cortex_m/libarch__arm__core__cortex_m.a(reset.S.obj)
                0x0000000000001f08                __start
                0x0000000000001f08                z_arm_reset
 .text.z_arm_clear_arm_mpu_config
                0x0000000000001f58       0x24 zephyr/arch/arch/arm/core/cortex_m/libarch__arm__core__cortex_m.a(scb.c.obj)
                0x0000000000001f58                z_arm_clear_arm_mpu_config
 .text.z_arm_init_arch_hw_at_boot
                0x0000000000001f7c       0x64 zephyr/arch/arch/arm/core/cortex_m/libarch__arm__core__cortex_m.a(scb.c.obj)
                0x0000000000001f7c                z_arm_init_arch_hw_at_boot
 .text.z_arm_svc
                0x0000000000001fe0       0x20 zephyr/arch/arch/arm/core/cortex_m/libarch__arm__core__cortex_m.a(swap_helper.S.obj)
                0x0000000000001fe0                z_arm_svc
 .text.arch_irq_enable
                0x0000000000002000       0x1c zephyr/arch/arch/arm/core/cortex_m/libarch__arm__core__cortex_m.a(irq_manage.c.obj)
                0x0000000000002000                arch_irq_enable
 .text.arch_irq_disable
                0x000000000000201c       0x28 zephyr/arch/arch/arm/core/cortex_m/libarch__arm__core__cortex_m.a(irq_manage.c.obj)
                0x000000000000201c                arch_irq_disable
 .text.arch_irq_is_enabled
                0x0000000000002044       0x1c zephyr/arch/arch/arm/core/cortex_m/libarch__arm__core__cortex_m.a(irq_manage.c.obj)
                0x0000000000002044                arch_irq_is_enabled
 .text.z_arm_irq_priority_set
                0x0000000000002060       0x30 zephyr/arch/arch/arm/core/cortex_m/libarch__arm__core__cortex_m.a(irq_manage.c.obj)
                0x0000000000002060                z_arm_irq_priority_set
 .text.z_prep_c
                0x0000000000002090       0x5c zephyr/arch/arch/arm/core/cortex_m/libarch__arm__core__cortex_m.a(prep_c.c.obj)
                0x0000000000002090                z_prep_c
 .text.z_check_thread_stack_fail
                0x00000000000020ec       0x2c zephyr/arch/arch/arm/core/cortex_m/libarch__arm__core__cortex_m.a(thread.c.obj)
                0x00000000000020ec                z_check_thread_stack_fail
 .text.z_arm_switch_to_main_no_multithreading
                0x0000000000002118       0x38 zephyr/arch/arch/arm/core/cortex_m/libarch__arm__core__cortex_m.a(thread.c.obj)
                0x0000000000002118                z_arm_switch_to_main_no_multithreading
 .text.z_arm_cpu_idle_init
                0x0000000000002150        0xc zephyr/arch/arch/arm/core/cortex_m/libarch__arm__core__cortex_m.a(cpu_idle.c.obj)
                0x0000000000002150                z_arm_cpu_idle_init
 .text.z_arm_interrupt_init
                0x000000000000215c       0x18 zephyr/arch/arch/arm/core/cortex_m/libarch__arm__core__cortex_m.a(irq_init.c.obj)
                0x000000000000215c                z_arm_interrupt_init
 .text._isr_wrapper
                0x0000000000002174       0x24 zephyr/arch/arch/arm/core/cortex_m/libarch__arm__core__cortex_m.a(isr_wrapper.c.obj)
                0x0000000000002174                _isr_wrapper
 .text.z_arm_configure_static_mpu_regions
                0x0000000000002198       0x18 zephyr/arch/arch/arm/core/mpu/libarch__arm__core__mpu.a(arm_core_mpu.c.obj)
                0x0000000000002198                z_arm_configure_static_mpu_regions
 .text.region_init
                0x00000000000021b0       0x28 zephyr/arch/arch/arm/core/mpu/libarch__arm__core__mpu.a(arm_mpu.c.obj)
 .text.mpu_configure_regions
                0x00000000000021d8       0x6c zephyr/arch/arch/arm/core/mpu/libarch__arm__core__mpu.a(arm_mpu.c.obj)
 .text.arm_core_mpu_enable
                0x0000000000002244       0x18 zephyr/arch/arch/arm/core/mpu/libarch__arm__core__mpu.a(arm_mpu.c.obj)
                0x0000000000002244                arm_core_mpu_enable
 .text.arm_core_mpu_disable
                0x000000000000225c       0x14 zephyr/arch/arch/arm/core/mpu/libarch__arm__core__mpu.a(arm_mpu.c.obj)
                0x000000000000225c                arm_core_mpu_disable
 .text.arm_core_mpu_configure_static_mpu_regions
                0x0000000000002270       0x14 zephyr/arch/arch/arm/core/mpu/libarch__arm__core__mpu.a(arm_mpu.c.obj)
                0x0000000000002270                arm_core_mpu_configure_static_mpu_regions
 .text.z_arm_mpu_init
                0x0000000000002284      0x168 zephyr/arch/arch/arm/core/mpu/libarch__arm__core__mpu.a(arm_mpu.c.obj)
                0x0000000000002284                z_arm_mpu_init
 .text.__stdout_hook_install
                0x00000000000023ec        0xc zephyr/lib/libc/minimal/liblib__libc__minimal.a(stdout_console.c.obj)
                0x00000000000023ec                __stdout_hook_install
 .text.nordicsemi_nrf52_init
                0x00000000000023f8       0x10 zephyr/soc/soc/arm/nordic_nrf/lib..__modules__soc-hwmv1__soc__arm__nordic_nrf.a(soc.c.obj)
 .text.arch_busy_wait
                0x0000000000002408       0x14 zephyr/soc/soc/arm/nordic_nrf/lib..__modules__soc-hwmv1__soc__arm__nordic_nrf.a(soc.c.obj)
                0x0000000000002408                arch_busy_wait
 .text.onoff_stop
                0x000000000000241c       0x30 zephyr/drivers/clock_control/libdrivers__clock_control.a(clock_control_nrf.c.obj)
 .text.onoff_start
                0x000000000000244c       0x44 zephyr/drivers/clock_control/libdrivers__clock_control.a(clock_control_nrf.c.obj)
 .text.generic_hfclk_stop
                0x0000000000002490       0x34 zephyr/drivers/clock_control/libdrivers__clock_control.a(clock_control_nrf.c.obj)
 .text.clk_init
                0x00000000000024c4       0x58 zephyr/drivers/clock_control/libdrivers__clock_control.a(clock_control_nrf.c.obj)
 .text.clkstarted_handle.constprop.0
                0x000000000000251c       0x4c zephyr/drivers/clock_control/libdrivers__clock_control.a(clock_control_nrf.c.obj)
 .text.generic_hfclk_start
                0x0000000000002568       0x7c zephyr/drivers/clock_control/libdrivers__clock_control.a(clock_control_nrf.c.obj)
 .text.clock_event_handler
                0x00000000000025e4       0x1c zephyr/drivers/clock_control/libdrivers__clock_control.a(clock_control_nrf.c.obj)
 .text.z_nrf_clock_control_lf_on
                0x0000000000002600       0xf4 zephyr/drivers/clock_control/libdrivers__clock_control.a(clock_control_nrf.c.obj)
                0x0000000000002600                z_nrf_clock_control_lf_on
 .text.uart_console_init
                0x00000000000026f4       0x28 zephyr/drivers/console/libdrivers__console.a(uart_console.c.obj)
 .text.console_out
                0x000000000000271c       0x28 zephyr/drivers/console/libdrivers__console.a(uart_console.c.obj)
 .text.flash_nrf_pages_layout
                0x0000000000002744       0x10 zephyr/drivers/flash/libdrivers__flash.a(soc_flash_nrf.c.obj)
 .text.flash_nrf_get_parameters
                0x0000000000002754        0x8 zephyr/drivers/flash/libdrivers__flash.a(soc_flash_nrf.c.obj)
 .text.nrf_flash_init
                0x000000000000275c       0x18 zephyr/drivers/flash/libdrivers__flash.a(soc_flash_nrf.c.obj)
 .text.restore_pofwarn.part.0
                0x0000000000002774       0x2c zephyr/drivers/flash/libdrivers__flash.a(soc_flash_nrf.c.obj)
 .text.suspend_pofwarn
                0x00000000000027a0       0x58 zephyr/drivers/flash/libdrivers__flash.a(soc_flash_nrf.c.obj)
 .text.flash_nrf_erase
                0x00000000000027f8       0x70 zephyr/drivers/flash/libdrivers__flash.a(soc_flash_nrf.c.obj)
 .text.flash_nrf_write
                0x0000000000002868       0x74 zephyr/drivers/flash/libdrivers__flash.a(soc_flash_nrf.c.obj)
 .text.gpio_nrfx_pin_interrupt_configure
                0x00000000000028dc      0x100 zephyr/drivers/gpio/libdrivers__gpio.a(gpio_nrfx.c.obj)
 .text.gpio_nrfx_init
                0x00000000000029dc       0x48 zephyr/drivers/gpio/libdrivers__gpio.a(gpio_nrfx.c.obj)
 .text.nrfx_gpio_handler
                0x0000000000002a24       0x4c zephyr/drivers/gpio/libdrivers__gpio.a(gpio_nrfx.c.obj)
 .text.gpio_nrfx_pin_configure
                0x0000000000002a70      0x18c zephyr/drivers/gpio/libdrivers__gpio.a(gpio_nrfx.c.obj)
 .text.nrf_gpio_pin_port_decode
                0x0000000000002bfc       0x20 zephyr/drivers/pinctrl/libdrivers__pinctrl.a(pinctrl_nrf.c.obj)
 .text.pinctrl_configure_pins
                0x0000000000002c1c      0x158 zephyr/drivers/pinctrl/libdrivers__pinctrl.a(pinctrl_nrf.c.obj)
                0x0000000000002c1c                pinctrl_configure_pins
 .text.uart_nrfx_poll_in
                0x0000000000002d74       0x24 zephyr/drivers/serial/libdrivers__serial.a(uart_nrfx_uart.c.obj)
 .text.uart_nrfx_err_check
                0x0000000000002d98       0x10 zephyr/drivers/serial/libdrivers__serial.a(uart_nrfx_uart.c.obj)
 .text.uart_nrfx_poll_out
                0x0000000000002da8       0x7c zephyr/drivers/serial/libdrivers__serial.a(uart_nrfx_uart.c.obj)
 .text.uart_nrfx_init
                0x0000000000002e24      0x1ac zephyr/drivers/serial/libdrivers__serial.a(uart_nrfx_uart.c.obj)
 .text.compare_int_lock
                0x0000000000002fd0       0x48 zephyr/drivers/timer/libdrivers__timer.a(nrf_rtc_timer.c.obj)
 .text.sys_clock_timeout_handler
                0x0000000000003018       0x48 zephyr/drivers/timer/libdrivers__timer.a(nrf_rtc_timer.c.obj)
 .text.compare_int_unlock
                0x0000000000003060       0x5c zephyr/drivers/timer/libdrivers__timer.a(nrf_rtc_timer.c.obj)
 .text.z_nrf_rtc_timer_read
                0x00000000000030bc       0x44 zephyr/drivers/timer/libdrivers__timer.a(nrf_rtc_timer.c.obj)
                0x00000000000030bc                z_nrf_rtc_timer_read
 .text.compare_set
                0x0000000000003100      0x130 zephyr/drivers/timer/libdrivers__timer.a(nrf_rtc_timer.c.obj)
 .text.sys_clock_driver_init
                0x0000000000003230       0x90 zephyr/drivers/timer/libdrivers__timer.a(nrf_rtc_timer.c.obj)
 .text.rtc_nrf_isr
                0x00000000000032c0       0xd4 zephyr/drivers/timer/libdrivers__timer.a(nrf_rtc_timer.c.obj)
                0x00000000000032c0                rtc_nrf_isr
 .text.sys_clock_set_timeout
                0x0000000000003394       0x5c zephyr/drivers/timer/libdrivers__timer.a(nrf_rtc_timer.c.obj)
                0x0000000000003394                sys_clock_set_timeout
 .text.sys_clock_elapsed
                0x00000000000033f0       0x14 zephyr/drivers/timer/libdrivers__timer.a(nrf_rtc_timer.c.obj)
                0x00000000000033f0                sys_clock_elapsed
 .text.sys_clock_disable
                0x0000000000003404       0x30 zephyr/drivers/timer/libdrivers__timer.a(nrf_rtc_timer.c.obj)
                0x0000000000003404                sys_clock_disable
 .text.find_free_region
                0x0000000000003434       0x3c modules/nrf/lib/fprotect/lib..__nrf__lib__fprotect.a(fprotect_acl.c.obj)
 .text.boot_write_magic
                0x0000000000003470       0x40 modules/mcuboot/boot/bootutil/zephyr/libmcuboot_util.a(bootutil_public.c.obj)
                0x0000000000003470                boot_write_magic
 .text.boot_read_swap_state
                0x00000000000034b0       0xac modules/mcuboot/boot/bootutil/zephyr/libmcuboot_util.a(bootutil_public.c.obj)
                0x00000000000034b0                boot_read_swap_state
 .text.boot_swap_type_multi
                0x000000000000355c      0x100 modules/mcuboot/boot/bootutil/zephyr/libmcuboot_util.a(bootutil_public.c.obj)
                0x000000000000355c                boot_swap_type_multi
 .text.nrfx_flag32_alloc
                0x000000000000365c       0x48 modules/hal_nordic/nrfx/libmodules__hal_nordic__nrfx.a(nrfx_flag32_allocator.c.obj)
                0x000000000000365c                nrfx_flag32_alloc
 .text.nrfx_flag32_free
                0x00000000000036a4       0x40 modules/hal_nordic/nrfx/libmodules__hal_nordic__nrfx.a(nrfx_flag32_allocator.c.obj)
                0x00000000000036a4                nrfx_flag32_free
 .text.clock_stop
                0x00000000000036e4       0xc4 modules/hal_nordic/nrfx/libmodules__hal_nordic__nrfx.a(nrfx_clock.c.obj)
 .text.nrfx_clock_init
                0x00000000000037a8       0x20 modules/hal_nordic/nrfx/libmodules__hal_nordic__nrfx.a(nrfx_clock.c.obj)
                0x00000000000037a8                nrfx_clock_init
 .text.nrfx_clock_enable
                0x00000000000037c8       0x24 modules/hal_nordic/nrfx/libmodules__hal_nordic__nrfx.a(nrfx_clock.c.obj)
                0x00000000000037c8                nrfx_clock_enable
 .text.nrfx_clock_start
                0x00000000000037ec       0xa8 modules/hal_nordic/nrfx/libmodules__hal_nordic__nrfx.a(nrfx_clock.c.obj)
                0x00000000000037ec                nrfx_clock_start
 .text.nrfx_power_clock_irq_handler
                0x0000000000003894       0x68 modules/hal_nordic/nrfx/libmodules__hal_nordic__nrfx.a(nrfx_clock.c.obj)
                0x0000000000003894                nrfx_power_clock_irq_handler
 .text.nrf_gpio_pin_port_decode
                0x00000000000038fc       0x20 modules/hal_nordic/nrfx/libmodules__hal_nordic__nrfx.a(nrfx_gpiote.c.obj)
 .text.get_pin_idx
                0x000000000000391c       0x14 modules/hal_nordic/nrfx/libmodules__hal_nordic__nrfx.a(nrfx_gpiote.c.obj)
 .text.call_handler.constprop.0
                0x0000000000003930       0x40 modules/hal_nordic/nrfx/libmodules__hal_nordic__nrfx.a(nrfx_gpiote.c.obj)
 .text.pin_te_get.constprop.0
                0x0000000000003970       0x18 modules/hal_nordic/nrfx/libmodules__hal_nordic__nrfx.a(nrfx_gpiote.c.obj)
 .text.pin_is_output.constprop.0
                0x0000000000003988       0x18 modules/hal_nordic/nrfx/libmodules__hal_nordic__nrfx.a(nrfx_gpiote.c.obj)
 .text.pin_in_use_by_te.constprop.0
                0x00000000000039a0       0x18 modules/hal_nordic/nrfx/libmodules__hal_nordic__nrfx.a(nrfx_gpiote.c.obj)
 .text.latch_pending_read_and_check
                0x00000000000039b8       0x40 modules/hal_nordic/nrfx/libmodules__hal_nordic__nrfx.a(nrfx_gpiote.c.obj)
 .text.release_handler.isra.0
                0x00000000000039f8       0x58 modules/hal_nordic/nrfx/libmodules__hal_nordic__nrfx.a(nrfx_gpiote.c.obj)
 .text.__nrfy_internal_gpiote_events_process.constprop.0
                0x0000000000003a50       0x5c modules/hal_nordic/nrfx/libmodules__hal_nordic__nrfx.a(nrfx_gpiote.c.obj)
 .text.pin_uninit
                0x0000000000003aac       0x80 modules/hal_nordic/nrfx/libmodules__hal_nordic__nrfx.a(nrfx_gpiote.c.obj)
 .text.nrfx_gpiote_input_configure
                0x0000000000003b2c      0x174 modules/hal_nordic/nrfx/libmodules__hal_nordic__nrfx.a(nrfx_gpiote.c.obj)
                0x0000000000003b2c                nrfx_gpiote_input_configure
 .text.nrfx_gpiote_output_configure
                0x0000000000003ca0       0xfc modules/hal_nordic/nrfx/libmodules__hal_nordic__nrfx.a(nrfx_gpiote.c.obj)
                0x0000000000003ca0                nrfx_gpiote_output_configure
 .text.nrfx_gpiote_global_callback_set
                0x0000000000003d9c        0xc modules/hal_nordic/nrfx/libmodules__hal_nordic__nrfx.a(nrfx_gpiote.c.obj)
                0x0000000000003d9c                nrfx_gpiote_global_callback_set
 .text.nrfx_gpiote_channel_get
                0x0000000000003da8       0x34 modules/hal_nordic/nrfx/libmodules__hal_nordic__nrfx.a(nrfx_gpiote.c.obj)
                0x0000000000003da8                nrfx_gpiote_channel_get
 .text.nrfx_gpiote_init
                0x0000000000003ddc       0x68 modules/hal_nordic/nrfx/libmodules__hal_nordic__nrfx.a(nrfx_gpiote.c.obj)
                0x0000000000003ddc                nrfx_gpiote_init
 .text.nrfx_gpiote_init_check
                0x0000000000003e44       0x14 modules/hal_nordic/nrfx/libmodules__hal_nordic__nrfx.a(nrfx_gpiote.c.obj)
                0x0000000000003e44                nrfx_gpiote_init_check
 .text.nrfx_gpiote_channel_free
                0x0000000000003e58        0xc modules/hal_nordic/nrfx/libmodules__hal_nordic__nrfx.a(nrfx_gpiote.c.obj)
                0x0000000000003e58                nrfx_gpiote_channel_free
 .text.nrfx_gpiote_channel_alloc
                0x0000000000003e64        0xc modules/hal_nordic/nrfx/libmodules__hal_nordic__nrfx.a(nrfx_gpiote.c.obj)
                0x0000000000003e64                nrfx_gpiote_channel_alloc
 .text.nrfx_gpiote_trigger_enable
                0x0000000000003e70       0xb0 modules/hal_nordic/nrfx/libmodules__hal_nordic__nrfx.a(nrfx_gpiote.c.obj)
                0x0000000000003e70                nrfx_gpiote_trigger_enable
 .text.nrfx_gpiote_0_irq_handler
                0x0000000000003f20      0x1bc modules/hal_nordic/nrfx/libmodules__hal_nordic__nrfx.a(nrfx_gpiote.c.obj)
                0x0000000000003f20                nrfx_gpiote_0_irq_handler
 .text.nvmc_word_write
                0x00000000000040dc       0x18 modules/hal_nordic/nrfx/libmodules__hal_nordic__nrfx.a(nrfx_nvmc.c.obj)
 .text.nrfx_nvmc_page_erase
                0x00000000000040f4       0x40 modules/hal_nordic/nrfx/libmodules__hal_nordic__nrfx.a(nrfx_nvmc.c.obj)
                0x00000000000040f4                nrfx_nvmc_page_erase
 .text.nrfx_nvmc_word_write
                0x0000000000004134       0x1c modules/hal_nordic/nrfx/libmodules__hal_nordic__nrfx.a(nrfx_nvmc.c.obj)
                0x0000000000004134                nrfx_nvmc_word_write
 .text._DoInit  0x0000000000004150       0x68 modules/segger/libmodules__segger.a(SEGGER_RTT.c.obj)
 .text.z_sys_init_run_level
                0x00000000000041b8       0x2c zephyr/kernel/libkernel.a(init.c.obj)
 .text.bg_thread_main
                0x00000000000041e4       0x34 zephyr/kernel/libkernel.a(init.c.obj)
 .text.z_bss_zero
                0x0000000000004218       0x18 zephyr/kernel/libkernel.a(init.c.obj)
                0x0000000000004218                z_bss_zero
 .text.z_cstart
                0x0000000000004230       0x78 zephyr/kernel/libkernel.a(init.c.obj)
                0x0000000000004230                z_cstart
 .text.z_data_copy
                0x00000000000042a8       0x34 zephyr/kernel/libkernel.a(xip.c.obj)
                0x00000000000042a8                z_data_copy
 .text.elapsed  0x00000000000042dc       0x14 zephyr/kernel/libkernel.a(timeout.c.obj)
 .text.remove_timeout
                0x00000000000042f0       0x38 zephyr/kernel/libkernel.a(timeout.c.obj)
 .text.next_timeout
                0x0000000000004328       0x40 zephyr/kernel/libkernel.a(timeout.c.obj)
 .text.sys_clock_announce
                0x0000000000004368       0xcc zephyr/kernel/libkernel.a(timeout.c.obj)
                0x0000000000004368                sys_clock_announce
 .text.nrf_cc3xx_platform_init_no_rng
                0x0000000000004434       0x38 C:/ncs/v2.9.1/nrfxlib/crypto/nrf_cc310_platform/lib/cortex-m4/hard-float/no-interrupts/libnrf_cc310_platform_0.9.19.a(nrf_cc3xx_platform.c.obj)
                0x0000000000004434                nrf_cc3xx_platform_init_no_rng
 .text.nrf_cc3xx_platform_abort
                0x000000000000446c       0x24 C:/ncs/v2.9.1/nrfxlib/crypto/nrf_cc310_platform/lib/cortex-m4/hard-float/no-interrupts/libnrf_cc310_platform_0.9.19.a(nrf_cc3xx_platform_abort.c.obj)
 .text.CC_PalAbort
                0x0000000000004490       0x38 C:/ncs/v2.9.1/nrfxlib/crypto/nrf_cc310_platform/lib/cortex-m4/hard-float/no-interrupts/libnrf_cc310_platform_0.9.19.a(nrf_cc3xx_platform_abort.c.obj)
                0x0000000000004490                CC_PalAbort
 .text.nrf_cc3xx_platform_set_abort
                0x00000000000044c8       0x10 C:/ncs/v2.9.1/nrfxlib/crypto/nrf_cc310_platform/lib/cortex-m4/hard-float/no-interrupts/libnrf_cc310_platform_0.9.19.a(nrf_cc3xx_platform_abort.c.obj)
                0x00000000000044c8                nrf_cc3xx_platform_set_abort
 .text.CC_LibInitNoRng
                0x00000000000044d8       0x64 C:/ncs/v2.9.1/nrfxlib/crypto/nrf_cc310_platform/lib/cortex-m4/hard-float/no-interrupts/libnrf_cc310_platform_0.9.19.a(cc_lib.c.obj)
                0x00000000000044d8                CC_LibInitNoRng
 .text.CC_HalInit
                0x000000000000453c        0x4 C:/ncs/v2.9.1/nrfxlib/crypto/nrf_cc310_platform/lib/cortex-m4/hard-float/no-interrupts/libnrf_cc310_platform_0.9.19.a(cc_hal.c.obj)
                0x000000000000453c                CC_HalInit
 .text.CC_HalTerminate
                0x0000000000004540        0x4 C:/ncs/v2.9.1/nrfxlib/crypto/nrf_cc310_platform/lib/cortex-m4/hard-float/no-interrupts/libnrf_cc310_platform_0.9.19.a(cc_hal.c.obj)
                0x0000000000004540                CC_HalTerminate
 .text.CC_HalMaskInterrupt
                0x0000000000004544        0xc C:/ncs/v2.9.1/nrfxlib/crypto/nrf_cc310_platform/lib/cortex-m4/hard-float/no-interrupts/libnrf_cc310_platform_0.9.19.a(cc_hal.c.obj)
                0x0000000000004544                CC_HalMaskInterrupt
 .text.CC_PalInit
                0x0000000000004550       0x5c C:/ncs/v2.9.1/nrfxlib/crypto/nrf_cc310_platform/lib/cortex-m4/hard-float/no-interrupts/libnrf_cc310_platform_0.9.19.a(cc_pal.c.obj)
                0x0000000000004550                CC_PalInit
 .text.CC_PalTerminate
                0x00000000000045ac       0x34 C:/ncs/v2.9.1/nrfxlib/crypto/nrf_cc310_platform/lib/cortex-m4/hard-float/no-interrupts/libnrf_cc310_platform_0.9.19.a(cc_pal.c.obj)
                0x00000000000045ac                CC_PalTerminate
 .text.CC_PalDmaInit
                0x00000000000045e0        0x4 C:/ncs/v2.9.1/nrfxlib/crypto/nrf_cc310_platform/lib/cortex-m4/hard-float/no-interrupts/libnrf_cc310_platform_0.9.19.a(cc_pal_dma.c.obj)
                0x00000000000045e0                CC_PalDmaInit
 .text.CC_PalDmaTerminate
                0x00000000000045e4        0x4 C:/ncs/v2.9.1/nrfxlib/crypto/nrf_cc310_platform/lib/cortex-m4/hard-float/no-interrupts/libnrf_cc310_platform_0.9.19.a(cc_pal_dma.c.obj)
                0x00000000000045e4                CC_PalDmaTerminate
 .text.CC_PalMutexCreate
                0x00000000000045e8       0x14 C:/ncs/v2.9.1/nrfxlib/crypto/nrf_cc310_platform/lib/cortex-m4/hard-float/no-interrupts/libnrf_cc310_platform_0.9.19.a(cc_pal_mutex.c.obj)
                0x00000000000045e8                CC_PalMutexCreate
 .text.CC_PalMutexDestroy
                0x00000000000045fc       0x14 C:/ncs/v2.9.1/nrfxlib/crypto/nrf_cc310_platform/lib/cortex-m4/hard-float/no-interrupts/libnrf_cc310_platform_0.9.19.a(cc_pal_mutex.c.obj)
                0x00000000000045fc                CC_PalMutexDestroy
 .text.CC_PalPowerSaveModeInit
                0x0000000000004610       0x3c C:/ncs/v2.9.1/nrfxlib/crypto/nrf_cc310_platform/lib/cortex-m4/hard-float/no-interrupts/libnrf_cc310_platform_0.9.19.a(cc_pal_pm.c.obj)
                0x0000000000004610                CC_PalPowerSaveModeInit
 .text.CC_PalPowerSaveModeSelect
                0x000000000000464c       0x84 C:/ncs/v2.9.1/nrfxlib/crypto/nrf_cc310_platform/lib/cortex-m4/hard-float/no-interrupts/libnrf_cc310_platform_0.9.19.a(cc_pal_pm.c.obj)
                0x000000000000464c                CC_PalPowerSaveModeSelect
 .text.mutex_free
                0x00000000000046d0       0x34 C:/ncs/v2.9.1/nrfxlib/crypto/nrf_cc310_platform/lib/cortex-m4/hard-float/no-interrupts/libnrf_cc310_platform_0.9.19.a(nrf_cc3xx_platform_mutex.c.obj)
 .text.mutex_lock
                0x0000000000004704       0x48 C:/ncs/v2.9.1/nrfxlib/crypto/nrf_cc310_platform/lib/cortex-m4/hard-float/no-interrupts/libnrf_cc310_platform_0.9.19.a(nrf_cc3xx_platform_mutex.c.obj)
 .text.mutex_unlock
                0x000000000000474c       0x38 C:/ncs/v2.9.1/nrfxlib/crypto/nrf_cc310_platform/lib/cortex-m4/hard-float/no-interrupts/libnrf_cc310_platform_0.9.19.a(nrf_cc3xx_platform_mutex.c.obj)
 .text.mutex_init
                0x0000000000004784       0x20 C:/ncs/v2.9.1/nrfxlib/crypto/nrf_cc310_platform/lib/cortex-m4/hard-float/no-interrupts/libnrf_cc310_platform_0.9.19.a(nrf_cc3xx_platform_mutex.c.obj)
 .text.verify_context_ecdsa_verify_secp256r1
                0x00000000000047a4       0x20 C:/ncs/v2.9.1/nrfxlib/crypto/nrf_cc310_bl/lib/cortex-m4/hard-float/no-interrupts/libnrf_cc310_bl_0.9.12.a(nrf_cc310_bl_ecdsa_verify_secp256r1.c.obj)
 .text.nrf_cc310_bl_ecdsa_verify_init_secp256r1
                0x00000000000047c4       0x4c C:/ncs/v2.9.1/nrfxlib/crypto/nrf_cc310_bl/lib/cortex-m4/hard-float/no-interrupts/libnrf_cc310_bl_0.9.12.a(nrf_cc310_bl_ecdsa_verify_secp256r1.c.obj)
                0x00000000000047c4                nrf_cc310_bl_ecdsa_verify_init_secp256r1
 .text.nrf_cc310_bl_ecdsa_verify_hash_secp256r1
                0x0000000000004810      0x168 C:/ncs/v2.9.1/nrfxlib/crypto/nrf_cc310_bl/lib/cortex-m4/hard-float/no-interrupts/libnrf_cc310_bl_0.9.12.a(nrf_cc310_bl_ecdsa_verify_secp256r1.c.obj)
                0x0000000000004810                nrf_cc310_bl_ecdsa_verify_hash_secp256r1
 .text.set_digest_in_hw_sha256
                0x0000000000004978       0x38 C:/ncs/v2.9.1/nrfxlib/crypto/nrf_cc310_bl/lib/cortex-m4/hard-float/no-interrupts/libnrf_cc310_bl_0.9.12.a(nrf_cc310_bl_hash_sha256.c.obj)
 .text.read_digest_in_hw_sha256
                0x00000000000049b0       0x54 C:/ncs/v2.9.1/nrfxlib/crypto/nrf_cc310_bl/lib/cortex-m4/hard-float/no-interrupts/libnrf_cc310_bl_0.9.12.a(nrf_cc310_bl_hash_sha256.c.obj)
 .text.verify_context_hash_sha256
                0x0000000000004a04       0x20 C:/ncs/v2.9.1/nrfxlib/crypto/nrf_cc310_bl/lib/cortex-m4/hard-float/no-interrupts/libnrf_cc310_bl_0.9.12.a(nrf_cc310_bl_hash_sha256.c.obj)
 .text.nrf_cc310_bl_hash_sha256_init
                0x0000000000004a24       0x34 C:/ncs/v2.9.1/nrfxlib/crypto/nrf_cc310_bl/lib/cortex-m4/hard-float/no-interrupts/libnrf_cc310_bl_0.9.12.a(nrf_cc310_bl_hash_sha256.c.obj)
                0x0000000000004a24                nrf_cc310_bl_hash_sha256_init
 .text.nrf_cc310_bl_hash_sha256_update
                0x0000000000004a58       0xb0 C:/ncs/v2.9.1/nrfxlib/crypto/nrf_cc310_bl/lib/cortex-m4/hard-float/no-interrupts/libnrf_cc310_bl_0.9.12.a(nrf_cc310_bl_hash_sha256.c.obj)
                0x0000000000004a58                nrf_cc310_bl_hash_sha256_update
 .text.nrf_cc310_bl_hash_sha256_finalize
                0x0000000000004b08       0x60 C:/ncs/v2.9.1/nrfxlib/crypto/nrf_cc310_bl/lib/cortex-m4/hard-float/no-interrupts/libnrf_cc310_bl_0.9.12.a(nrf_cc310_bl_hash_sha256.c.obj)
                0x0000000000004b08                nrf_cc310_bl_hash_sha256_finalize
 .text.nrf_cc310_bl_init
                0x0000000000004b68       0x34 C:/ncs/v2.9.1/nrfxlib/crypto/nrf_cc310_bl/lib/cortex-m4/hard-float/no-interrupts/libnrf_cc310_bl_0.9.12.a(nrf_cc310_bl_init.c.obj)
                0x0000000000004b68                nrf_cc310_bl_init
 .text.PkaSetRegsMapTab
                0x0000000000004b9c       0x48 C:/ncs/v2.9.1/nrfxlib/crypto/nrf_cc310_bl/lib/cortex-m4/hard-float/no-interrupts/libnrf_cc310_bl_0.9.12.a(pka.c.obj)
                0x0000000000004b9c                PkaSetRegsMapTab
 .text.PkaGetRegEffectiveSizeInBits
                0x0000000000004be4       0x8c C:/ncs/v2.9.1/nrfxlib/crypto/nrf_cc310_bl/lib/cortex-m4/hard-float/no-interrupts/libnrf_cc310_bl_0.9.12.a(pka.c.obj)
                0x0000000000004be4                PkaGetRegEffectiveSizeInBits
 .text.PkaGetNextMsBit
                0x0000000000004c70       0x74 C:/ncs/v2.9.1/nrfxlib/crypto/nrf_cc310_bl/lib/cortex-m4/hard-float/no-interrupts/libnrf_cc310_bl_0.9.12.a(pka.c.obj)
                0x0000000000004c70                PkaGetNextMsBit
 .text.PkaSetRegsSizesTab
                0x0000000000004ce4       0x3c C:/ncs/v2.9.1/nrfxlib/crypto/nrf_cc310_bl/lib/cortex-m4/hard-float/no-interrupts/libnrf_cc310_bl_0.9.12.a(pka.c.obj)
                0x0000000000004ce4                PkaSetRegsSizesTab
 .text.PkaInitPka
                0x0000000000004d20       0x74 C:/ncs/v2.9.1/nrfxlib/crypto/nrf_cc310_bl/lib/cortex-m4/hard-float/no-interrupts/libnrf_cc310_bl_0.9.12.a(pka.c.obj)
                0x0000000000004d20                PkaInitPka
 .text.PkaClearBlockOfRegs
                0x0000000000004d94      0x130 C:/ncs/v2.9.1/nrfxlib/crypto/nrf_cc310_bl/lib/cortex-m4/hard-float/no-interrupts/libnrf_cc310_bl_0.9.12.a(pka.c.obj)
                0x0000000000004d94                PkaClearBlockOfRegs
 .text.PkaFinishAndMutexUnlock
                0x0000000000004ec4       0x24 C:/ncs/v2.9.1/nrfxlib/crypto/nrf_cc310_bl/lib/cortex-m4/hard-float/no-interrupts/libnrf_cc310_bl_0.9.12.a(pka.c.obj)
                0x0000000000004ec4                PkaFinishAndMutexUnlock
 .text.PkaCopyDataIntoPkaReg
                0x0000000000004ee8       0xb8 C:/ncs/v2.9.1/nrfxlib/crypto/nrf_cc310_bl/lib/cortex-m4/hard-float/no-interrupts/libnrf_cc310_bl_0.9.12.a(pka.c.obj)
                0x0000000000004ee8                PkaCopyDataIntoPkaReg
 .text.PkaEcdsaVerify
                0x0000000000004fa0      0x284 C:/ncs/v2.9.1/nrfxlib/crypto/nrf_cc310_bl/lib/cortex-m4/hard-float/no-interrupts/libnrf_cc310_bl_0.9.12.a(pka_ec_wrst_dsa_verify.c.obj)
                0x0000000000004fa0                PkaEcdsaVerify
 .text.nrf_cc310_bl_hash_update_internal
                0x0000000000005224       0xf0 C:/ncs/v2.9.1/nrfxlib/crypto/nrf_cc310_bl/lib/cortex-m4/hard-float/no-interrupts/libnrf_cc310_bl_0.9.12.a(nrf_cc310_bl_hash.c.obj)
                0x0000000000005224                nrf_cc310_bl_hash_update_internal
 .text.PkaDoubleMdf2Mdf
                0x0000000000005314      0x1ac C:/ncs/v2.9.1/nrfxlib/crypto/nrf_cc310_bl/lib/cortex-m4/hard-float/no-interrupts/libnrf_cc310_bl_0.9.12.a(pka_ec_wrst.c.obj)
                0x0000000000005314                PkaDoubleMdf2Mdf
 .text.PkaDoubleMdf2Jcb
                0x00000000000054c0      0x178 C:/ncs/v2.9.1/nrfxlib/crypto/nrf_cc310_bl/lib/cortex-m4/hard-float/no-interrupts/libnrf_cc310_bl_0.9.12.a(pka_ec_wrst.c.obj)
                0x00000000000054c0                PkaDoubleMdf2Jcb
 .text.PkaAddJcbAfn2Mdf
                0x0000000000005638      0x194 C:/ncs/v2.9.1/nrfxlib/crypto/nrf_cc310_bl/lib/cortex-m4/hard-float/no-interrupts/libnrf_cc310_bl_0.9.12.a(pka_ec_wrst.c.obj)
                0x0000000000005638                PkaAddJcbAfn2Mdf
 .text.PkaJcb2Afn
                0x00000000000057cc       0xb0 C:/ncs/v2.9.1/nrfxlib/crypto/nrf_cc310_bl/lib/cortex-m4/hard-float/no-interrupts/libnrf_cc310_bl_0.9.12.a(pka_ec_wrst.c.obj)
                0x00000000000057cc                PkaJcb2Afn
 .text.PkaAddAff
                0x000000000000587c      0x114 C:/ncs/v2.9.1/nrfxlib/crypto/nrf_cc310_bl/lib/cortex-m4/hard-float/no-interrupts/libnrf_cc310_bl_0.9.12.a(pka_ec_wrst.c.obj)
                0x000000000000587c                PkaAddAff
 .text.PkaSum2ScalarMullt
                0x0000000000005990      0x1e4 C:/ncs/v2.9.1/nrfxlib/crypto/nrf_cc310_bl/lib/cortex-m4/hard-float/no-interrupts/libnrf_cc310_bl_0.9.12.a(pka_ec_wrst.c.obj)
                0x0000000000005990                PkaSum2ScalarMullt
 .text.SaSi_HalClearInterruptBit
                0x0000000000005b74        0xc C:/ncs/v2.9.1/nrfxlib/crypto/nrf_cc310_bl/lib/cortex-m4/hard-float/no-interrupts/libnrf_cc310_bl_0.9.12.a(ssi_hal.c.obj)
                0x0000000000005b74                SaSi_HalClearInterruptBit
 .text.SaSi_HalMaskInterrupt
                0x0000000000005b80        0xc C:/ncs/v2.9.1/nrfxlib/crypto/nrf_cc310_bl/lib/cortex-m4/hard-float/no-interrupts/libnrf_cc310_bl_0.9.12.a(ssi_hal.c.obj)
                0x0000000000005b80                SaSi_HalMaskInterrupt
 .text.SaSi_HalWaitInterrupt
                0x0000000000005b8c       0x18 C:/ncs/v2.9.1/nrfxlib/crypto/nrf_cc310_bl/lib/cortex-m4/hard-float/no-interrupts/libnrf_cc310_bl_0.9.12.a(ssi_hal.c.obj)
                0x0000000000005b8c                SaSi_HalWaitInterrupt
 .text._OffsetAbsSyms
                0x0000000000005ba4        0x2 zephyr/CMakeFiles/offsets.dir/./arch/arm/core/offsets/offsets.c.obj
                0x0000000000005ba4                _OffsetAbsSyms
 .text.flash_area_get_device_id
                0x0000000000005ba6        0x4 app/libapp.a(flash_map_extended.c.obj)
                0x0000000000005ba6                flash_area_get_device_id
 .text.flash_area_get_sector
                0x0000000000005baa       0x32 app/libapp.a(flash_map_extended.c.obj)
                0x0000000000005baa                flash_area_get_sector
 .text.os_heap_init
                0x0000000000005bdc        0x2 app/libapp.a(os.c.obj)
                0x0000000000005bdc                os_heap_init
 .text.bootutil_tlv_iter_begin
                0x0000000000005bde       0x9c app/libapp.a(tlv.c.obj)
                0x0000000000005bde                bootutil_tlv_iter_begin
 .text.bootutil_tlv_iter_next
                0x0000000000005c7a       0x98 app/libapp.a(tlv.c.obj)
                0x0000000000005c7a                bootutil_tlv_iter_next
 .text.bootutil_tlv_iter_is_prot
                0x0000000000005d12       0x1c app/libapp.a(tlv.c.obj)
                0x0000000000005d12                bootutil_tlv_iter_is_prot
 .text.bootutil_read_bigint
                0x0000000000005d2e       0x58 app/libapp.a(image_ecdsa.c.obj)
 .text.boot_fih_memequal
                0x0000000000005d86        0x4 app/libapp.a(bootutil_misc.c.obj)
                0x0000000000005d86                boot_fih_memequal
 .text.boot_trailer_sz
                0x0000000000005d8a        0xa app/libapp.a(bootutil_misc.c.obj)
                0x0000000000005d8a                boot_trailer_sz
 .text.boot_status_off
                0x0000000000005d94       0x16 app/libapp.a(bootutil_misc.c.obj)
                0x0000000000005d94                boot_status_off
 .text.boot_read_swap_size
                0x0000000000005daa       0x1c app/libapp.a(bootutil_misc.c.obj)
                0x0000000000005daa                boot_read_swap_size
 .text.boot_write_swap_size
                0x0000000000005dc6       0x1e app/libapp.a(bootutil_misc.c.obj)
                0x0000000000005dc6                boot_write_swap_size
 .text.boot_read_image_headers
                0x0000000000005de4       0x2c app/libapp.a(loader_legacy_child_parent.c.obj)
 .text.boot_read_image_size.constprop.0.isra.0
                0x0000000000005e10       0x82 app/libapp.a(loader_legacy_child_parent.c.obj)
 .text.boot_read_sectors
                0x0000000000005e92       0x42 app/libapp.a(loader_legacy_child_parent.c.obj)
 .text.boot_status_reset
                0x0000000000005ed4       0x12 app/libapp.a(loader_legacy_child_parent.c.obj)
                0x0000000000005ed4                boot_status_reset
 .text.boot_status_is_reset
                0x0000000000005ee6       0x1a app/libapp.a(loader_legacy_child_parent.c.obj)
                0x0000000000005ee6                boot_status_is_reset
 .text.boot_write_status
                0x0000000000005f00       0x64 app/libapp.a(loader_legacy_child_parent.c.obj)
                0x0000000000005f00                boot_write_status
 .text.boot_erase_region
                0x0000000000005f64        0x4 app/libapp.a(loader_legacy_child_parent.c.obj)
                0x0000000000005f64                boot_erase_region
 .text.swap_erase_trailer_sectors
                0x0000000000005f68       0x6c app/libapp.a(swap_misc.c.obj)
                0x0000000000005f68                swap_erase_trailer_sectors
 .text.swap_status_init
                0x0000000000005fd4       0x3e app/libapp.a(swap_misc.c.obj)
                0x0000000000005fd4                swap_status_init
 .text.swap_read_status
                0x0000000000006012       0x78 app/libapp.a(swap_misc.c.obj)
                0x0000000000006012                swap_read_status
 .text.app_max_sectors
                0x000000000000608a       0x22 app/libapp.a(swap_move.c.obj)
 .text.find_last_idx
                0x00000000000060ac       0x14 app/libapp.a(swap_move.c.obj)
                0x00000000000060ac                find_last_idx
 .text.boot_status_internal_off
                0x00000000000060c0       0x26 app/libapp.a(swap_move.c.obj)
                0x00000000000060c0                boot_status_internal_off
 .text.mbedtls_asn1_get_len
                0x00000000000060e6       0x98 app/libapp.a(asn1parse.c.obj)
                0x00000000000060e6                mbedtls_asn1_get_len
 .text.mbedtls_asn1_get_tag
                0x000000000000617e       0x28 app/libapp.a(asn1parse.c.obj)
                0x000000000000617e                mbedtls_asn1_get_tag
 .text.mbedtls_asn1_get_bitstring_null
                0x00000000000061a6       0x28 app/libapp.a(asn1parse.c.obj)
                0x00000000000061a6                mbedtls_asn1_get_bitstring_null
 .text.mbedtls_asn1_get_alg
                0x00000000000061ce       0x94 app/libapp.a(asn1parse.c.obj)
                0x00000000000061ce                mbedtls_asn1_get_alg
 .text.cc310_sha256_update
                0x0000000000006262       0x36 app/libapp.a(cc310_glue.c.obj)
                0x0000000000006262                cc310_sha256_update
 .text.arch_printk_char_out
                0x0000000000006298        0x4 zephyr/libzephyr.a(printk.c.obj)
                0x0000000000006298                arch_printk_char_out
 .text.printk   0x000000000000629c       0x1a zephyr/libzephyr.a(printk.c.obj)
                0x000000000000629c                printk
 .text.process_recheck
                0x00000000000062b6       0x38 zephyr/libzephyr.a(onoff.c.obj)
 .text.validate_args
                0x00000000000062ee       0x20 zephyr/libzephyr.a(onoff.c.obj)
 .text.notify_one
                0x000000000000630e       0x2c zephyr/libzephyr.a(onoff.c.obj)
 .text.transition_complete
                0x000000000000633a       0x1c zephyr/libzephyr.a(onoff.c.obj)
 .text.onoff_manager_init
                0x0000000000006356       0x26 zephyr/libzephyr.a(onoff.c.obj)
                0x0000000000006356                onoff_manager_init
 .text.onoff_request
                0x000000000000637c       0xae zephyr/libzephyr.a(onoff.c.obj)
                0x000000000000637c                onoff_request
 .text.sys_notify_validate
                0x000000000000642a       0x22 zephyr/libzephyr.a(notify.c.obj)
                0x000000000000642a                sys_notify_validate
 .text.sys_notify_finalize
                0x000000000000644c       0x1a zephyr/libzephyr.a(notify.c.obj)
                0x000000000000644c                sys_notify_finalize
 .text._ConfigAbsSyms
                0x0000000000006466        0x2 zephyr/libzephyr.a(configs.c.obj)
                0x0000000000006466                _ConfigAbsSyms
 .text.z_log_minimal_printk
                0x0000000000006468       0x1a zephyr/libzephyr.a(log_minimal.c.obj)
                0x0000000000006468                z_log_minimal_printk
 .text.flash_area_close
                0x0000000000006482        0x2 zephyr/libzephyr.a(flash_map.c.obj)
                0x0000000000006482                flash_area_close
 .text.flash_area_read
                0x0000000000006484       0x2a zephyr/libzephyr.a(flash_map.c.obj)
                0x0000000000006484                flash_area_read
 .text.flash_area_write
                0x00000000000064ae       0x2a zephyr/libzephyr.a(flash_map.c.obj)
                0x00000000000064ae                flash_area_write
 .text.flash_area_erase
                0x00000000000064d8       0x34 zephyr/libzephyr.a(flash_map.c.obj)
                0x00000000000064d8                flash_area_erase
 .text.flash_area_align
                0x000000000000650c        0xe zephyr/libzephyr.a(flash_map.c.obj)
                0x000000000000650c                flash_area_align
 .text.flash_area_erased_val
                0x000000000000651a        0xe zephyr/libzephyr.a(flash_map.c.obj)
                0x000000000000651a                flash_area_erased_val
 .text.get_sectors_cb
                0x0000000000006528       0x44 zephyr/libzephyr.a(flash_map_layout.c.obj)
 .text.abort_function
                0x000000000000656c        0x2 zephyr/libzephyr.a(nrf_cc3xx_platform_abort_zephyr.c.obj)
 .text.nrf_cc3xx_platform_mutex_init
                0x000000000000656e        0x2 zephyr/libzephyr.a(nrf_cc3xx_platform_no_mutex_zephyr.c.obj)
                0x000000000000656e                nrf_cc3xx_platform_mutex_init
 .text.z_arm_fatal_error
                0x0000000000006570        0xc zephyr/arch/arch/arm/core/libarch__arm__core.a(fatal.c.obj)
                0x0000000000006570                z_arm_fatal_error
 .text.z_do_kernel_oops
                0x000000000000657c        0x8 zephyr/arch/arch/arm/core/libarch__arm__core.a(fatal.c.obj)
                0x000000000000657c                z_do_kernel_oops
 .text.z_arm_nmi
                0x0000000000006584        0xe zephyr/arch/arch/arm/core/libarch__arm__core.a(nmi.c.obj)
                0x0000000000006584                z_arm_nmi
 .text._HandlerModeExit
                0x0000000000006592        0x2 zephyr/arch/arch/arm/core/cortex_m/libarch__arm__core__cortex_m.a(exc_exit.c.obj)
                0x0000000000006592                z_arm_int_exit
                0x0000000000006592                z_arm_exc_exit
 .text.z_irq_spurious
                0x0000000000006594        0x8 zephyr/arch/arch/arm/core/cortex_m/libarch__arm__core__cortex_m.a(irq_manage.c.obj)
                0x0000000000006594                z_irq_spurious
 .text.arch_irq_unlock_outlined
                0x000000000000659c        0xe zephyr/arch/arch/arm/core/cortex_m/libarch__arm__core__cortex_m.a(thread.c.obj)
                0x000000000000659c                arch_irq_unlock_outlined
 .text.arch_irq_lock_outlined
                0x00000000000065aa       0x10 zephyr/arch/arch/arm/core/cortex_m/libarch__arm__core__cortex_m.a(thread.c.obj)
                0x00000000000065aa                arch_irq_lock_outlined
 .text.arch_cpu_atomic_idle
                0x00000000000065ba       0x1e zephyr/arch/arch/arm/core/cortex_m/libarch__arm__core__cortex_m.a(cpu_idle.c.obj)
                0x00000000000065ba                arch_cpu_atomic_idle
 .text.size_to_mpu_rasr_size
                0x00000000000065d8       0x20 zephyr/arch/arch/arm/core/mpu/libarch__arm__core__mpu.a(arm_mpu.c.obj)
 .text.strlen   0x00000000000065f8        0xe zephyr/lib/libc/minimal/liblib__libc__minimal.a(string.c.obj)
                0x00000000000065f8                strlen
 .text.memcmp   0x0000000000006606       0x20 zephyr/lib/libc/minimal/liblib__libc__minimal.a(string.c.obj)
                0x0000000000006606                memcmp
 .text.memcpy   0x0000000000006626       0x16 zephyr/lib/libc/minimal/liblib__libc__minimal.a(string.c.obj)
                0x0000000000006626                memcpy
 .text.memset   0x000000000000663c       0x12 zephyr/lib/libc/minimal/liblib__libc__minimal.a(string.c.obj)
                0x000000000000663c                memset
 .text._stdout_hook_default
                0x000000000000664e        0x6 zephyr/lib/libc/minimal/liblib__libc__minimal.a(stdout_console.c.obj)
 .text.get_status
                0x0000000000006654       0x12 zephyr/drivers/clock_control/libdrivers__clock_control.a(clock_control_nrf.c.obj)
 .text.stop     0x0000000000006666       0x50 zephyr/drivers/clock_control/libdrivers__clock_control.a(clock_control_nrf.c.obj)
 .text.api_stop
                0x00000000000066b6        0x6 zephyr/drivers/clock_control/libdrivers__clock_control.a(clock_control_nrf.c.obj)
 .text.async_start
                0x00000000000066bc       0x5a zephyr/drivers/clock_control/libdrivers__clock_control.a(clock_control_nrf.c.obj)
 .text.api_start
                0x0000000000006716        0xe zephyr/drivers/clock_control/libdrivers__clock_control.a(clock_control_nrf.c.obj)
 .text.api_blocking_start
                0x0000000000006724        0x6 zephyr/drivers/clock_control/libdrivers__clock_control.a(clock_control_nrf.c.obj)
 .text.onoff_started_callback
                0x000000000000672a       0x14 zephyr/drivers/clock_control/libdrivers__clock_control.a(clock_control_nrf.c.obj)
 .text.lfclk_start
                0x000000000000673e        0x6 zephyr/drivers/clock_control/libdrivers__clock_control.a(clock_control_nrf.c.obj)
 .text.lfclk_stop
                0x0000000000006744        0x6 zephyr/drivers/clock_control/libdrivers__clock_control.a(clock_control_nrf.c.obj)
 .text.is_regular_addr_valid
                0x000000000000674a       0x22 zephyr/drivers/flash/libdrivers__flash.a(soc_flash_nrf.c.obj)
 .text.flash_nrf_read
                0x000000000000676c       0x28 zephyr/drivers/flash/libdrivers__flash.a(soc_flash_nrf.c.obj)
 .text.flash_get_page_info
                0x0000000000006794       0x66 zephyr/drivers/flash/libdrivers__flash.a(flash_page_layout.c.obj)
 .text.z_impl_flash_get_page_info_by_offs
                0x00000000000067fa        0x8 zephyr/drivers/flash/libdrivers__flash.a(flash_page_layout.c.obj)
                0x00000000000067fa                z_impl_flash_get_page_info_by_offs
 .text.flash_page_foreach
                0x0000000000006802       0x58 zephyr/drivers/flash/libdrivers__flash.a(flash_page_layout.c.obj)
                0x0000000000006802                flash_page_foreach
 .text.gpio_nrfx_port_get_raw
                0x000000000000685a        0xe zephyr/drivers/gpio/libdrivers__gpio.a(gpio_nrfx.c.obj)
 .text.gpio_nrfx_port_set_masked_raw
                0x0000000000006868       0x18 zephyr/drivers/gpio/libdrivers__gpio.a(gpio_nrfx.c.obj)
 .text.gpio_nrfx_port_set_bits_raw
                0x0000000000006880        0xc zephyr/drivers/gpio/libdrivers__gpio.a(gpio_nrfx.c.obj)
 .text.gpio_nrfx_port_clear_bits_raw
                0x000000000000688c        0xc zephyr/drivers/gpio/libdrivers__gpio.a(gpio_nrfx.c.obj)
 .text.gpio_nrfx_port_toggle_bits
                0x0000000000006898       0x1a zephyr/drivers/gpio/libdrivers__gpio.a(gpio_nrfx.c.obj)
 .text.gpio_nrfx_manage_callback
                0x00000000000068b2       0x52 zephyr/drivers/gpio/libdrivers__gpio.a(gpio_nrfx.c.obj)
 .text.pinctrl_lookup_state
                0x0000000000006904       0x26 zephyr/drivers/pinctrl/libdrivers__pinctrl.a(common.c.obj)
                0x0000000000006904                pinctrl_lookup_state
 .text.event_clear
                0x000000000000692a       0x18 zephyr/drivers/timer/libdrivers__timer.a(nrf_rtc_timer.c.obj)
 .text.fprotect_set_permission
                0x0000000000006942       0x7e modules/nrf/lib/fprotect/lib..__nrf__lib__fprotect.a(fprotect_acl.c.obj)
 .text.fprotect_area
                0x00000000000069c0        0x6 modules/nrf/lib/fprotect/lib..__nrf__lib__fprotect.a(fprotect_acl.c.obj)
                0x00000000000069c0                fprotect_area
 .text.hw_cc3xx_init_internal
                0x00000000000069c6        0x4 modules/nrf/drivers/hw_cc3xx/lib..__nrf__drivers__hw_cc3xx.a(hw_cc3xx.c.obj)
 .text.hw_cc3xx_init
                0x00000000000069ca       0x12 modules/nrf/drivers/hw_cc3xx/lib..__nrf__drivers__hw_cc3xx.a(hw_cc3xx.c.obj)
 .text.boot_swap_info_off
                0x00000000000069dc        0xc modules/mcuboot/boot/bootutil/zephyr/libmcuboot_util.a(bootutil_public.c.obj)
                0x00000000000069dc                boot_swap_info_off
 .text.boot_magic_compatible_check
                0x00000000000069e8       0x1c modules/mcuboot/boot/bootutil/zephyr/libmcuboot_util.a(bootutil_public.c.obj)
                0x00000000000069e8                boot_magic_compatible_check
 .text.bootutil_buffer_is_erased
                0x0000000000006a04       0x26 modules/mcuboot/boot/bootutil/zephyr/libmcuboot_util.a(bootutil_public.c.obj)
                0x0000000000006a04                bootutil_buffer_is_erased
 .text.boot_read_flag
                0x0000000000006a2a       0x38 modules/mcuboot/boot/bootutil/zephyr/libmcuboot_util.a(bootutil_public.c.obj)
 .text.boot_write_trailer
                0x0000000000006a62       0x58 modules/mcuboot/boot/bootutil/zephyr/libmcuboot_util.a(bootutil_public.c.obj)
                0x0000000000006a62                boot_write_trailer
 .text.boot_write_trailer_flag
                0x0000000000006aba       0x14 modules/mcuboot/boot/bootutil/zephyr/libmcuboot_util.a(bootutil_public.c.obj)
                0x0000000000006aba                boot_write_trailer_flag
 .text.boot_write_image_ok
                0x0000000000006ace        0xe modules/mcuboot/boot/bootutil/zephyr/libmcuboot_util.a(bootutil_public.c.obj)
                0x0000000000006ace                boot_write_image_ok
 .text.boot_read_image_ok
                0x0000000000006adc        0xc modules/mcuboot/boot/bootutil/zephyr/libmcuboot_util.a(bootutil_public.c.obj)
                0x0000000000006adc                boot_read_image_ok
 .text.boot_read_swap_state_by_id
                0x0000000000006ae8       0x28 modules/mcuboot/boot/bootutil/zephyr/libmcuboot_util.a(bootutil_public.c.obj)
                0x0000000000006ae8                boot_read_swap_state_by_id
 .text.boot_write_swap_info
                0x0000000000006b10       0x22 modules/mcuboot/boot/bootutil/zephyr/libmcuboot_util.a(bootutil_public.c.obj)
                0x0000000000006b10                boot_write_swap_info
 .text.boot_write_copy_done
                0x0000000000006b32       0x10 modules/mcuboot/boot/bootutil/zephyr/libmcuboot_util.a(bootutil_public.c.obj)
                0x0000000000006b32                boot_write_copy_done
 .text.nrfx_isr
                0x0000000000006b42        0x2 modules/hal_nordic/nrfx/libmodules__hal_nordic__nrfx.a(nrfx_glue.c.obj)
                0x0000000000006b42                nrfx_isr
 .text.nrfx_busy_wait
                0x0000000000006b44        0x4 modules/hal_nordic/nrfx/libmodules__hal_nordic__nrfx.a(nrfx_glue.c.obj)
                0x0000000000006b44                nrfx_busy_wait
 .text.nrfx_clock_stop
                0x0000000000006b48        0x4 modules/hal_nordic/nrfx/libmodules__hal_nordic__nrfx.a(nrfx_clock.c.obj)
                0x0000000000006b48                nrfx_clock_stop
 .text.nrf_gpio_reconfigure
                0x0000000000006b4c       0x92 modules/hal_nordic/nrfx/libmodules__hal_nordic__nrfx.a(nrfx_gpiote.c.obj)
 .text.nrf_gpio_cfg_sense_set
                0x0000000000006bde       0x1e modules/hal_nordic/nrfx/libmodules__hal_nordic__nrfx.a(nrfx_gpiote.c.obj)
 .text.pin_trigger_disable
                0x0000000000006bfc       0x48 modules/hal_nordic/nrfx/libmodules__hal_nordic__nrfx.a(nrfx_gpiote.c.obj)
 .text.nrfx_gpiote_pin_uninit
                0x0000000000006c44        0x4 modules/hal_nordic/nrfx/libmodules__hal_nordic__nrfx.a(nrfx_gpiote.c.obj)
                0x0000000000006c44                nrfx_gpiote_pin_uninit
 .text.nrfx_gpiote_trigger_disable
                0x0000000000006c48        0x4 modules/hal_nordic/nrfx/libmodules__hal_nordic__nrfx.a(nrfx_gpiote.c.obj)
                0x0000000000006c48                nrfx_gpiote_trigger_disable
 .text.nrfx_nvmc_flash_size_get
                0x0000000000006c4c        0xc modules/hal_nordic/nrfx/libmodules__hal_nordic__nrfx.a(nrfx_nvmc.c.obj)
                0x0000000000006c4c                nrfx_nvmc_flash_size_get
 .text.nrfx_nvmc_flash_page_size_get
                0x0000000000006c58        0x8 modules/hal_nordic/nrfx/libmodules__hal_nordic__nrfx.a(nrfx_nvmc.c.obj)
                0x0000000000006c58                nrfx_nvmc_flash_page_size_get
 .text.nrfx_nvmc_flash_page_count_get
                0x0000000000006c60        0x8 modules/hal_nordic/nrfx/libmodules__hal_nordic__nrfx.a(nrfx_nvmc.c.obj)
                0x0000000000006c60                nrfx_nvmc_flash_page_count_get
 .text.SEGGER_RTT_Init
                0x0000000000006c68        0x4 modules/segger/libmodules__segger.a(SEGGER_RTT.c.obj)
                0x0000000000006c68                SEGGER_RTT_Init
 .text.rtt_init
                0x0000000000006c6c        0xa modules/segger/libmodules__segger.a(SEGGER_RTT_zephyr.c.obj)
 .text.z_impl_k_busy_wait
                0x0000000000006c76        0x8 zephyr/kernel/libkernel.a(busy_wait.c.obj)
                0x0000000000006c76                z_impl_k_busy_wait
 .text.z_device_state_init
                0x0000000000006c7e        0x2 zephyr/kernel/libkernel.a(device.c.obj)
                0x0000000000006c7e                z_device_state_init
 .text.z_impl_device_is_ready
                0x0000000000006c80       0x16 zephyr/kernel/libkernel.a(device.c.obj)
                0x0000000000006c80                z_impl_device_is_ready
 .text.arch_system_halt
                0x0000000000006c96       0x10 zephyr/kernel/libkernel.a(fatal.c.obj)
                0x0000000000006c96                arch_system_halt
 .text.k_sys_fatal_error_handler
                0x0000000000006ca6        0x6 zephyr/kernel/libkernel.a(fatal.c.obj)
                0x0000000000006ca6                k_sys_fatal_error_handler
 .text.z_fatal_error
                0x0000000000006cac       0x1e zephyr/kernel/libkernel.a(fatal.c.obj)
                0x0000000000006cac                z_fatal_error
 .text.do_device_init
                0x0000000000006cca       0x30 zephyr/kernel/libkernel.a(init.c.obj)
 .text.z_early_memset
                0x0000000000006cfa        0x4 zephyr/kernel/libkernel.a(init.c.obj)
                0x0000000000006cfa                z_early_memset
 .text.z_early_memcpy
                0x0000000000006cfe        0x4 zephyr/kernel/libkernel.a(init.c.obj)
                0x0000000000006cfe                z_early_memcpy
 .text.z_init_static
                0x0000000000006d02        0x2 zephyr/kernel/libkernel.a(init_static.c.obj)
                0x0000000000006d02                z_init_static
 .text.k_is_in_isr
                0x0000000000006d04        0xc zephyr/kernel/libkernel.a(nothread.c.obj)
                0x0000000000006d04                k_is_in_isr
 .text.nrf_cc310_bl_ecdsa_verify_secp256r1
                0x0000000000006d10       0x26 C:/ncs/v2.9.1/nrfxlib/crypto/nrf_cc310_bl/lib/cortex-m4/hard-float/no-interrupts/libnrf_cc310_bl_0.9.12.a(nrf_cc310_bl_ecdsa_verify_secp256r1.c.obj)
                0x0000000000006d10                nrf_cc310_bl_ecdsa_verify_secp256r1
 .text.PkaInitAndMutexLock
                0x0000000000006d36        0x8 C:/ncs/v2.9.1/nrfxlib/crypto/nrf_cc310_bl/lib/cortex-m4/hard-float/no-interrupts/libnrf_cc310_bl_0.9.12.a(pka.c.obj)
                0x0000000000006d36                PkaInitAndMutexLock
 .text.SaSi_PalMemCopy
                0x0000000000006d3e        0x4 C:/ncs/v2.9.1/nrfxlib/crypto/nrf_cc310_bl/lib/cortex-m4/hard-float/no-interrupts/libnrf_cc310_bl_0.9.12.a(ssi_pal_mem.c.obj)
                0x0000000000006d3e                SaSi_PalMemCopy
 .text.SaSi_PalMemSet
                0x0000000000006d42        0x4 C:/ncs/v2.9.1/nrfxlib/crypto/nrf_cc310_bl/lib/cortex-m4/hard-float/no-interrupts/libnrf_cc310_bl_0.9.12.a(ssi_pal_mem.c.obj)
                0x0000000000006d42                SaSi_PalMemSet
 .text.SaSi_PalMemSetZero
                0x0000000000006d46        0x8 C:/ncs/v2.9.1/nrfxlib/crypto/nrf_cc310_bl/lib/cortex-m4/hard-float/no-interrupts/libnrf_cc310_bl_0.9.12.a(ssi_pal_mem.c.obj)
                0x0000000000006d46                SaSi_PalMemSetZero
 .text.CRYS_COMMON_ReverseMemcpy32
                0x0000000000006d4e       0x1a C:/ncs/v2.9.1/nrfxlib/crypto/nrf_cc310_bl/lib/cortex-m4/hard-float/no-interrupts/libnrf_cc310_bl_0.9.12.a(crys_common_conv_endian.c.obj)
                0x0000000000006d4e                CRYS_COMMON_ReverseMemcpy32
 *(SORT_BY_ALIGNMENT(.TEXT.*))
 *(SORT_BY_ALIGNMENT(.gnu.linkonce.t.*))
 *(SORT_BY_ALIGNMENT(.glue_7t))
 .glue_7t       0x0000000000006d68        0x0 linker stubs
 *(SORT_BY_ALIGNMENT(.glue_7))
 .glue_7        0x0000000000006d68        0x0 linker stubs
 *(SORT_BY_ALIGNMENT(.vfp11_veneer))
 .vfp11_veneer  0x0000000000006d68        0x0 linker stubs
 *(SORT_BY_ALIGNMENT(.v4_bx))
 .v4_bx         0x0000000000006d68        0x0 linker stubs
                0x0000000000006d68                . = ALIGN (0x4)
                0x0000000000006d68                __text_region_end = .

.ARM.exidx      0x0000000000006d68        0x8
                0x0000000000006d68                __exidx_start = .
 *(SORT_BY_ALIGNMENT(.ARM.exidx*) SORT_BY_ALIGNMENT(gnu.linkonce.armexidx.*))
 .ARM.exidx     0x0000000000006d68        0x8 c:/ncs/toolchains/b620d30767/opt/zephyr-sdk/arm-zephyr-eabi/bin/../lib/gcc/arm-zephyr-eabi/12.2.0/thumb/v7e-m+fp/hard\libgcc.a(_udivmoddi4.o)
                0x0000000000006d70                __exidx_end = .
                0x0000000000006d70                __rodata_region_start = .

initlevel       0x0000000000006d70       0x58
                0x0000000000006d70                __init_start = .
                0x0000000000006d70                __init_EARLY_start = .
 *(SORT_BY_NAME(SORT_BY_ALIGNMENT(.z_init_EARLY?_*)))
 *(SORT_BY_NAME(SORT_BY_ALIGNMENT(.z_init_EARLY??_*)))
                0x0000000000006d70                __init_PRE_KERNEL_1_start = .
 *(SORT_BY_NAME(SORT_BY_ALIGNMENT(.z_init_PRE_KERNEL_1?_*)))
 .z_init_PRE_KERNEL_10_0_
                0x0000000000006d70        0x8 zephyr/soc/soc/arm/nordic_nrf/lib..__modules__soc-hwmv1__soc__arm__nordic_nrf.a(soc.c.obj)
 *(SORT_BY_NAME(SORT_BY_ALIGNMENT(.z_init_PRE_KERNEL_1??_*)))
 .z_init_PRE_KERNEL_130_00054_
                0x0000000000006d78        0x8 zephyr/drivers/clock_control/libdrivers__clock_control.a(clock_control_nrf.c.obj)
 .z_init_PRE_KERNEL_130_0_
                0x0000000000006d80        0x8 modules/segger/libmodules__segger.a(SEGGER_RTT_zephyr.c.obj)
 .z_init_PRE_KERNEL_140_00011_
                0x0000000000006d88        0x8 zephyr/drivers/gpio/libdrivers__gpio.a(gpio_nrfx.c.obj)
 .z_init_PRE_KERNEL_140_00065_
                0x0000000000006d90        0x8 zephyr/drivers/gpio/libdrivers__gpio.a(gpio_nrfx.c.obj)
 .z_init_PRE_KERNEL_140_0_
                0x0000000000006d98        0x8 modules/nrf/drivers/hw_cc3xx/lib..__nrf__drivers__hw_cc3xx.a(hw_cc3xx.c.obj)
 .z_init_PRE_KERNEL_150_00092_
                0x0000000000006da0        0x8 zephyr/drivers/serial/libdrivers__serial.a(uart_nrfx_uart.c.obj)
 .z_init_PRE_KERNEL_160_0_
                0x0000000000006da8        0x8 zephyr/drivers/console/libdrivers__console.a(uart_console.c.obj)
                0x0000000000006db0                __init_PRE_KERNEL_2_start = .
 *(SORT_BY_NAME(SORT_BY_ALIGNMENT(.z_init_PRE_KERNEL_2?_*)))
 .z_init_PRE_KERNEL_20_0_
                0x0000000000006db0        0x8 zephyr/drivers/timer/libdrivers__timer.a(nrf_rtc_timer.c.obj)
 *(SORT_BY_NAME(SORT_BY_ALIGNMENT(.z_init_PRE_KERNEL_2??_*)))
                0x0000000000006db8                __init_POST_KERNEL_start = .
 *(SORT_BY_NAME(SORT_BY_ALIGNMENT(.z_init_POST_KERNEL?_*)))
 *(SORT_BY_NAME(SORT_BY_ALIGNMENT(.z_init_POST_KERNEL??_*)))
 .z_init_POST_KERNEL40_0_
                0x0000000000006db8        0x8 modules/nrf/drivers/hw_cc3xx/lib..__nrf__drivers__hw_cc3xx.a(hw_cc3xx.c.obj)
 .z_init_POST_KERNEL50_00098_
                0x0000000000006dc0        0x8 zephyr/drivers/flash/libdrivers__flash.a(soc_flash_nrf.c.obj)
                0x0000000000006dc8                __init_APPLICATION_start = .
 *(SORT_BY_NAME(SORT_BY_ALIGNMENT(.z_init_APPLICATION?_*)))
 *(SORT_BY_NAME(SORT_BY_ALIGNMENT(.z_init_APPLICATION??_*)))
                0x0000000000006dc8                __init_SMP_start = .
 *(SORT_BY_NAME(SORT_BY_ALIGNMENT(.z_init_SMP?_*)))
 *(SORT_BY_NAME(SORT_BY_ALIGNMENT(.z_init_SMP??_*)))
                0x0000000000006dc8                __init_end = .
                0x0000000000006dc8                __deferred_init_list_start = .
 *(SORT_BY_ALIGNMENT(.z_deferred_init*))
                0x0000000000006dc8                __deferred_init_list_end = .

device_area     0x0000000000006dc8       0x64
                0x0000000000006dc8                _device_list_start = .
 *(SORT_BY_NAME(SORT_BY_ALIGNMENT(._device.static.*_?_*)))
 *(SORT_BY_NAME(SORT_BY_ALIGNMENT(._device.static.*_??_*)))
 ._device.static.1_30_
                0x0000000000006dc8       0x14 zephyr/drivers/clock_control/libdrivers__clock_control.a(clock_control_nrf.c.obj)
                0x0000000000006dc8                __device_dts_ord_54
 ._device.static.1_40_
                0x0000000000006ddc       0x28 zephyr/drivers/gpio/libdrivers__gpio.a(gpio_nrfx.c.obj)
                0x0000000000006ddc                __device_dts_ord_11
                0x0000000000006df0                __device_dts_ord_65
 ._device.static.1_50_
                0x0000000000006e04       0x14 zephyr/drivers/serial/libdrivers__serial.a(uart_nrfx_uart.c.obj)
                0x0000000000006e04                __device_dts_ord_92
 ._device.static.3_50_
                0x0000000000006e18       0x14 zephyr/drivers/flash/libdrivers__flash.a(soc_flash_nrf.c.obj)
                0x0000000000006e18                __device_dts_ord_98
                0x0000000000006e2c                _device_list_end = .

sw_isr_table    0x0000000000006e2c      0x180
                0x0000000000006e2c                . = ALIGN (0x4)
 *(SORT_BY_ALIGNMENT(.gnu.linkonce.sw_isr_table*))
 .gnu.linkonce.sw_isr_table
                0x0000000000006e2c      0x180 zephyr/CMakeFiles/zephyr_final.dir/isr_tables.c.obj
                0x0000000000006e2c                _sw_isr_table

initlevel_error
                0x0000000000006d70        0x0
 *(SORT_BY_NAME(SORT_BY_ALIGNMENT(.z_init_[_A-Z0-9]*)))
                0x0000000000000001                ASSERT ((SIZEOF (initlevel_error) == 0x0), Undefined initialization levels used.)

app_shmem_regions
                0x0000000000006fac        0x0
                0x0000000000006fac                __app_shmem_regions_start = .
 *(SORT_BY_NAME(SORT_BY_ALIGNMENT(.app_regions.*)))
                0x0000000000006fac                __app_shmem_regions_end = .

k_p4wq_initparam_area
                0x0000000000006fac        0x0
                0x0000000000006fac                _k_p4wq_initparam_list_start = .
 *(SORT_BY_NAME(SORT_BY_ALIGNMENT(._k_p4wq_initparam.static.*)))
                0x0000000000006fac                _k_p4wq_initparam_list_end = .

_static_thread_data_area
                0x0000000000006fac        0x0
                0x0000000000006fac                __static_thread_data_list_start = .
 *(SORT_BY_NAME(SORT_BY_ALIGNMENT(.__static_thread_data.static.*)))
                0x0000000000006fac                __static_thread_data_list_end = .

device_deps     0x0000000000006fac        0x0
                0x0000000000006fac                __device_deps_start = .
 *(SORT_BY_NAME(SORT_BY_ALIGNMENT(.__device_deps_pass2*)))
                0x0000000000006fac                __device_deps_end = .

ztest           0x0000000000006fac        0x0
                0x0000000000006fac                _ztest_expected_result_entry_list_start = .
 *(SORT_BY_NAME(SORT_BY_ALIGNMENT(._ztest_expected_result_entry.static.*)))
                0x0000000000006fac                _ztest_expected_result_entry_list_end = .
                0x0000000000006fac                _ztest_suite_node_list_start = .
 *(SORT_BY_NAME(SORT_BY_ALIGNMENT(._ztest_suite_node.static.*)))
                0x0000000000006fac                _ztest_suite_node_list_end = .
                0x0000000000006fac                _ztest_unit_test_list_start = .
 *(SORT_BY_NAME(SORT_BY_ALIGNMENT(._ztest_unit_test.static.*)))
                0x0000000000006fac                _ztest_unit_test_list_end = .
                0x0000000000006fac                _ztest_test_rule_list_start = .
 *(SORT_BY_NAME(SORT_BY_ALIGNMENT(._ztest_test_rule.static.*)))
                0x0000000000006fac                _ztest_test_rule_list_end = .

init_array      0x0000000000006fac        0x0
 *(SORT_BY_NAME(SORT_BY_ALIGNMENT(.ctors*)))
 *(SORT_BY_NAME(SORT_BY_ALIGNMENT(.init_array*)))
                0x0000000000000001                ASSERT ((SIZEOF (init_array) == 0x0), GNU-style constructors required but STATIC_INIT_GNU not enabled)

bt_l2cap_fixed_chan_area
                0x0000000000006fac        0x0
                0x0000000000006fac                _bt_l2cap_fixed_chan_list_start = .
 *(SORT_BY_NAME(SORT_BY_ALIGNMENT(._bt_l2cap_fixed_chan.static.*)))
                0x0000000000006fac                _bt_l2cap_fixed_chan_list_end = .

bt_gatt_service_static_area
                0x0000000000006fac        0x0
                0x0000000000006fac                _bt_gatt_service_static_list_start = .
 *(SORT_BY_NAME(SORT_BY_ALIGNMENT(._bt_gatt_service_static.static.*)))
                0x0000000000006fac                _bt_gatt_service_static_list_end = .

log_strings_area
                0x0000000000006fac        0x0
                0x0000000000006fac                _log_strings_list_start = .
 *(SORT_BY_NAME(SORT_BY_ALIGNMENT(._log_strings.static.*)))
                0x0000000000006fac                _log_strings_list_end = .

log_const_area  0x0000000000006fac        0x8
                0x0000000000006fac                _log_const_list_start = .
 *(SORT_BY_NAME(SORT_BY_ALIGNMENT(._log_const.static.*)))
 ._log_const.static.log_const_mcuboot_
                0x0000000000006fac        0x8 app/libapp.a(main.c.obj)
                0x0000000000006fac                log_const_mcuboot
                0x0000000000006fb4                _log_const_list_end = .

log_backend_area
                0x0000000000006fb4        0x0
                0x0000000000006fb4                _log_backend_list_start = .
 *(SORT_BY_NAME(SORT_BY_ALIGNMENT(._log_backend.static.*)))
                0x0000000000006fb4                _log_backend_list_end = .

log_link_area   0x0000000000006fb4        0x0
                0x0000000000006fb4                _log_link_list_start = .
 *(SORT_BY_NAME(SORT_BY_ALIGNMENT(._log_link.static.*)))
                0x0000000000006fb4                _log_link_list_end = .

tracing_backend_area
                0x0000000000006fb4        0x0
                0x0000000000006fb4                _tracing_backend_list_start = .
 *(SORT_BY_NAME(SORT_BY_ALIGNMENT(._tracing_backend.static.*)))
                0x0000000000006fb4                _tracing_backend_list_end = .

zephyr_dbg_info
 *(SORT_BY_ALIGNMENT(.dbg_thread_info))

intc_table_area
                0x0000000000006fb4        0x0
                0x0000000000006fb4                _intc_table_list_start = .
 *(SORT_BY_NAME(SORT_BY_ALIGNMENT(._intc_table.static.*)))
                0x0000000000006fb4                _intc_table_list_end = .

symbol_to_keep  0x0000000000006fb4        0x0
                0x0000000000006fb4                __symbol_to_keep_start = .
 *(SORT_BY_NAME(SORT_BY_ALIGNMENT(.symbol_to_keep*)))
                0x0000000000006fb4                __symbol_to_keep_end = .

shell_area      0x0000000000006fb4        0x0
                0x0000000000006fb4                _shell_list_start = .
 *(SORT_BY_NAME(SORT_BY_ALIGNMENT(._shell.static.*)))
                0x0000000000006fb4                _shell_list_end = .

shell_root_cmds_area
                0x0000000000006fb4        0x0
                0x0000000000006fb4                _shell_root_cmds_list_start = .
 *(SORT_BY_NAME(SORT_BY_ALIGNMENT(._shell_root_cmds.static.*)))
                0x0000000000006fb4                _shell_root_cmds_list_end = .

shell_subcmds_area
                0x0000000000006fb4        0x0
                0x0000000000006fb4                _shell_subcmds_list_start = .
 *(SORT_BY_NAME(SORT_BY_ALIGNMENT(._shell_subcmds.static.*)))
                0x0000000000006fb4                _shell_subcmds_list_end = .

shell_dynamic_subcmds_area
                0x0000000000006fb4        0x0
                0x0000000000006fb4                _shell_dynamic_subcmds_list_start = .
 *(SORT_BY_NAME(SORT_BY_ALIGNMENT(._shell_dynamic_subcmds.static.*)))
                0x0000000000006fb4                _shell_dynamic_subcmds_list_end = .

cfb_font_area   0x0000000000006fb4        0x0
                0x0000000000006fb4                _cfb_font_list_start = .
 *(SORT_BY_NAME(SORT_BY_ALIGNMENT(._cfb_font.static.*)))
                0x0000000000006fb4                _cfb_font_list_end = .

rodata          0x0000000000006fc0      0xa84
 *(SORT_BY_ALIGNMENT(.rodata))
 .rodata        0x0000000000006fc0       0x10 C:/ncs/v2.9.1/nrfxlib/crypto/nrf_cc310_bl/lib/cortex-m4/hard-float/no-interrupts/libnrf_cc310_bl_0.9.12.a(nrf_cc310_bl_hash_sha256.c.obj)
 *(SORT_BY_ALIGNMENT(.rodata.*))
 .rodata.delay_machine_code.0
                0x0000000000006fd0        0x6 zephyr/soc/soc/arm/nordic_nrf/lib..__modules__soc-hwmv1__soc__arm__nordic_nrf.a(soc.c.obj)
 *fill*         0x0000000000006fd6        0x2 
 .rodata.all_slots.0
                0x0000000000006fd8        0x8 app/libapp.a(flash_map_extended.c.obj)
 .rodata.bootutil_key_cnt
                0x0000000000006fe0        0x4 app/libapp.a(keys.c.obj)
                0x0000000000006fe0                bootutil_key_cnt
 .rodata.bootutil_keys
                0x0000000000006fe4        0x8 app/libapp.a(keys.c.obj)
                0x0000000000006fe4                bootutil_keys
 .rodata.all_slots.0
                0x0000000000006fec        0x8 app/libapp.a(bootutil_misc.c.obj)
 .rodata.all_slots.0
                0x0000000000006ff4        0x8 app/libapp.a(swap_misc.c.obj)
 .rodata.ecdsa_pub_key_len
                0x0000000000006ffc        0x4 app/libapp.a(autogen-pubkey.c.obj)
                0x0000000000006ffc                ecdsa_pub_key_len
 .rodata.mem_attr_region
                0x0000000000007000        0x0 zephyr/libzephyr.a(mem_attr.c.obj)
 .rodata.flash_map_entries
                0x0000000000007000        0x4 zephyr/libzephyr.a(flash_map_partition_manager.c.obj)
                0x0000000000007000                flash_map_entries
 .rodata.default_flash_map
                0x0000000000007004       0x60 zephyr/libzephyr.a(flash_map_partition_manager.c.obj)
                0x0000000000007004                default_flash_map
 .rodata.apis   0x0000000000007064        0x8 zephyr/libzephyr.a(nrf_cc3xx_platform_abort_zephyr.c.obj)
 .rodata.static_regions
                0x000000000000706c       0x18 zephyr/arch/arch/arm/core/mpu/libarch__arm__core__mpu.a(arm_core_mpu.c.obj)
 .rodata.mpu_config
                0x0000000000007084        0x8 zephyr/arch/arch/arm/core/mpu/libarch__arm__core__mpu.a(arm_mpu_regions.c.obj)
                0x0000000000007084                mpu_config
 .rodata.mpu_regions
                0x000000000000708c       0x18 zephyr/arch/arch/arm/core/mpu/libarch__arm__core__mpu.a(arm_mpu_regions.c.obj)
 .rodata.transitions.0
                0x00000000000070a4        0xc zephyr/drivers/clock_control/libdrivers__clock_control.a(clock_control_nrf.c.obj)
 .rodata.config
                0x00000000000070b0       0x18 zephyr/drivers/clock_control/libdrivers__clock_control.a(clock_control_nrf.c.obj)
 .rodata.clock_control_api
                0x00000000000070c8       0x1c zephyr/drivers/clock_control/libdrivers__clock_control.a(clock_control_nrf.c.obj)
 .rodata.flash_nrf_api
                0x00000000000070e4       0x14 zephyr/drivers/flash/libdrivers__flash.a(soc_flash_nrf.c.obj)
 .rodata.flash_nrf_parameters
                0x00000000000070f8        0x8 zephyr/drivers/flash/libdrivers__flash.a(soc_flash_nrf.c.obj)
 .rodata.gpio_nrfx_p1_cfg
                0x0000000000007100       0x18 zephyr/drivers/gpio/libdrivers__gpio.a(gpio_nrfx.c.obj)
 .rodata.gpio_nrfx_p0_cfg
                0x0000000000007118       0x18 zephyr/drivers/gpio/libdrivers__gpio.a(gpio_nrfx.c.obj)
 .rodata.gpio_nrfx_drv_api_funcs
                0x0000000000007130       0x24 zephyr/drivers/gpio/libdrivers__gpio.a(gpio_nrfx.c.obj)
 .rodata.uart_nrfx_uart0_config
                0x0000000000007154        0x4 zephyr/drivers/serial/libdrivers__serial.a(uart_nrfx_uart.c.obj)
 .rodata.__pinctrl_dev_config__device_dts_ord_92
                0x0000000000007158        0xc zephyr/drivers/serial/libdrivers__serial.a(uart_nrfx_uart.c.obj)
 .rodata.__pinctrl_states__device_dts_ord_92
                0x0000000000007164        0x8 zephyr/drivers/serial/libdrivers__serial.a(uart_nrfx_uart.c.obj)
 .rodata.__pinctrl_state_pins_0__device_dts_ord_92
                0x000000000000716c        0x8 zephyr/drivers/serial/libdrivers__serial.a(uart_nrfx_uart.c.obj)
 .rodata.uart_nrfx_uart_driver_api
                0x0000000000007174        0xc zephyr/drivers/serial/libdrivers__serial.a(uart_nrfx_uart.c.obj)
 .rodata.all_slots.0
                0x0000000000007180        0x8 modules/mcuboot/boot/bootutil/zephyr/libmcuboot_util.a(bootutil_public.c.obj)
 .rodata.levels.0
                0x0000000000007188       0x18 zephyr/kernel/libkernel.a(init.c.obj)
 .rodata.CSWTCH.10
                0x00000000000071a0       0x1c C:/ncs/v2.9.1/nrfxlib/crypto/nrf_cc310_platform/lib/cortex-m4/hard-float/no-interrupts/libnrf_cc310_platform_0.9.19.a(nrf_cc3xx_platform.c.obj)
 .rodata.CC_PalPowerSaveModeInit.str1.4
                0x00000000000071bc       0x20 C:/ncs/v2.9.1/nrfxlib/crypto/nrf_cc310_platform/lib/cortex-m4/hard-float/no-interrupts/libnrf_cc310_platform_0.9.19.a(cc_pal_pm.c.obj)
 .rodata.mutex_free.str1.4
                0x00000000000071dc       0x26 C:/ncs/v2.9.1/nrfxlib/crypto/nrf_cc310_platform/lib/cortex-m4/hard-float/no-interrupts/libnrf_cc310_platform_0.9.19.a(nrf_cc3xx_platform_mutex.c.obj)
 *fill*         0x0000000000007202        0x2 
 .rodata.mutex_init.str1.4
                0x0000000000007204       0x23 C:/ncs/v2.9.1/nrfxlib/crypto/nrf_cc310_platform/lib/cortex-m4/hard-float/no-interrupts/libnrf_cc310_platform_0.9.19.a(nrf_cc3xx_platform_mutex.c.obj)
 *fill*         0x0000000000007227        0x1 
 .rodata.domain_secp256r1
                0x0000000000007228       0xcc C:/ncs/v2.9.1/nrfxlib/crypto/nrf_cc310_bl/lib/cortex-m4/hard-float/no-interrupts/libnrf_cc310_bl_0.9.12.a(nrf_cc310_bl_ecdsa_verify_secp256r1.c.obj)
                0x0000000000007228                domain_secp256r1
 .rodata.NRF_CC310_BL_HASH_LARVAL_SHA256
                0x00000000000072f4       0x20 C:/ncs/v2.9.1/nrfxlib/crypto/nrf_cc310_bl/lib/cortex-m4/hard-float/no-interrupts/libnrf_cc310_bl_0.9.12.a(nrf_cc310_bl_hash_sha256.c.obj)
                0x00000000000072f4                NRF_CC310_BL_HASH_LARVAL_SHA256
 .rodata.allowed_unprot_tlvs
                0x0000000000007314       0x1e app/libapp.a(image_validate.c.obj)
 .rodata.boot_img_magic
                0x0000000000007332       0x10 modules/mcuboot/boot/bootutil/zephyr/libmcuboot_util.a(bootutil_public.c.obj)
                0x0000000000007332                boot_img_magic
 .rodata.main.str1.1
                0x0000000000007342       0xde app/libapp.a(main.c.obj)
 .rodata.str1.1
                0x0000000000007420        0x8 app/libapp.a(main.c.obj)
 .rodata.flash_device_base.str1.1
                0x0000000000007428       0x26 app/libapp.a(flash_map_extended.c.obj)
 .rodata.ec_secp256r1_oid
                0x000000000000744e        0x9 app/libapp.a(image_ecdsa.c.obj)
 .rodata.ec_pubkey_oid
                0x0000000000007457        0x8 app/libapp.a(image_ecdsa.c.obj)
 .rodata.bootutil_max_image_size.str1.1
                0x000000000000745f       0x3b app/libapp.a(bootutil_misc.c.obj)
 .rodata.boot_validate_slot.isra.0.str1.1
                0x000000000000749a       0x3a app/libapp.a(loader_legacy_child_parent.c.obj)
 .rodata.boot_swap_image.isra.0.str1.1
                0x00000000000074d4       0x2f app/libapp.a(loader_legacy_child_parent.c.obj)
 .rodata.context_boot_go.str1.1
                0x0000000000007503       0xf1 app/libapp.a(loader_legacy_child_parent.c.obj)
 .rodata.swap_read_status_bytes.str1.1
                0x00000000000075f4       0x23 app/libapp.a(swap_move.c.obj)
 .rodata.boot_slots_compatible.str1.1
                0x0000000000007617       0x93 app/libapp.a(swap_move.c.obj)
 .rodata.swap_status_source.str1.1
                0x00000000000076aa       0xa4 app/libapp.a(swap_move.c.obj)
 .rodata.swap_run.str1.1
                0x000000000000774e       0x89 app/libapp.a(swap_move.c.obj)
 .rodata.ecdsa_pub_key
                0x00000000000077d7       0x5b app/libapp.a(autogen-pubkey.c.obj)
                0x00000000000077d7                ecdsa_pub_key
 .rodata.z_cbvprintf_impl.str1.1
                0x0000000000007832       0x12 zephyr/libzephyr.a(cbprintf_nano.c.obj)
                                         0x13 (size before relaxing)
 .rodata.boot_banner.str1.1
                0x0000000000007844       0x92 zephyr/libzephyr.a(banner.c.obj)
 .rodata.str1.1
                0x00000000000078d6        0xf zephyr/arch/arch/arm/core/mpu/libarch__arm__core__mpu.a(arm_mpu_regions.c.obj)
 .rodata.str1.1
                0x00000000000078e5       0x1b zephyr/drivers/clock_control/libdrivers__clock_control.a(clock_control_nrf.c.obj)
 .rodata.str1.1
                0x0000000000007900       0x1a zephyr/drivers/flash/libdrivers__flash.a(soc_flash_nrf.c.obj)
 .rodata.str1.1
                0x000000000000791a       0x1c zephyr/drivers/gpio/libdrivers__gpio.a(gpio_nrfx.c.obj)
 .rodata.drive_modes
                0x0000000000007936        0x8 zephyr/drivers/pinctrl/libdrivers__pinctrl.a(pinctrl_nrf.c.obj)
 .rodata.str1.1
                0x000000000000793e        0xe zephyr/drivers/serial/libdrivers__serial.a(uart_nrfx_uart.c.obj)
 .rodata.boot_swap_type_multi.str1.1
                0x000000000000794c       0xb8 modules/mcuboot/boot/bootutil/zephyr/libmcuboot_util.a(bootutil_public.c.obj)
 .rodata.boot_swap_tables
                0x0000000000007a04       0x12 modules/mcuboot/boot/bootutil/zephyr/libmcuboot_util.a(bootutil_public.c.obj)
 .rodata.port_offset.1
                0x0000000000007a16       0x10 modules/hal_nordic/nrfx/libmodules__hal_nordic__nrfx.a(nrfx_gpiote.c.obj)
 .rodata.ports  0x0000000000007a26        0x2 modules/hal_nordic/nrfx/libmodules__hal_nordic__nrfx.a(nrfx_gpiote.c.obj)
 .rodata._DoInit.str1.1
                0x0000000000007a28        0x9 modules/segger/libmodules__segger.a(SEGGER_RTT.c.obj)
 .rodata._aInitStr.0
                0x0000000000007a31       0x11 modules/segger/libmodules__segger.a(SEGGER_RTT.c.obj)
 *(SORT_BY_ALIGNMENT(.gnu.linkonce.r.*))
                0x0000000000007a44                . = ALIGN (0x4)
 *fill*         0x0000000000007a42        0x2 
                0x0000000000007a44                __rodata_region_end = .
                0x0000000000007a60                . = ALIGN (_region_min_align)
                0x0000000000008000                . = ALIGN ((0x1 << LOG2CEIL ((__rodata_region_end - ADDR (rom_start)))))
                0x0000000000008000                __rom_region_end = ((__rom_region_start + .) - ADDR (rom_start))

/DISCARD/
 *(SORT_BY_ALIGNMENT(.got.plt))
 *(SORT_BY_ALIGNMENT(.igot.plt))
 *(SORT_BY_ALIGNMENT(.got))
 *(SORT_BY_ALIGNMENT(.igot))
                0x0000000020000000                . = 0x20000000
                0x0000000020000000                . = ALIGN (_region_min_align)
                0x0000000020000000                _image_ram_start = .

_RTT_SECTION_NAME
                0x0000000020000000      0x4b8
                0x0000000020000000                __rtt_buff_data_start = .
 *(SORT_BY_ALIGNMENT(.rtt_buff_data))
 .rtt_buff_data
                0x0000000020000000      0x4b8 modules/segger/libmodules__segger.a(SEGGER_RTT.c.obj)
                0x0000000020000410                _SEGGER_RTT
                0x00000000200004b8                __rtt_buff_data_end = ALIGN (0x4)
                0x00000000000004b8                __rtt_buff_data_size = (__rtt_buff_data_end - __rtt_buff_data_start)

.ramfunc        0x00000000200004b8        0x8 load address 0x0000000000007a44
                0x00000000200004c0                . = ALIGN (_region_min_align)
 *fill*         0x00000000200004b8        0x8 
                0x00000000200004c0                . = ALIGN ((0x1 << LOG2CEIL (__ramfunc_size)))
                0x00000000200004c0                __ramfunc_start = .
 *(SORT_BY_ALIGNMENT(.ramfunc))
 *(SORT_BY_ALIGNMENT(.ramfunc.*))
                0x00000000200004c0                . = ALIGN (_region_min_align)
                0x00000000200004c0                . = ALIGN ((0x1 << LOG2CEIL (__ramfunc_size)))
                0x00000000200004c0                __ramfunc_end = .
                0x0000000000000000                __ramfunc_size = (__ramfunc_end - __ramfunc_start)
                0x0000000000007a44                __ramfunc_load_start = LOADADDR (.ramfunc)

datas           0x00000000200004c0      0x10c load address 0x0000000000007a4c
                0x00000000200004c0                __data_region_start = .
                0x00000000200004c0                __data_start = .
 *(SORT_BY_ALIGNMENT(.data))
 *(SORT_BY_ALIGNMENT(.data.*))
 .data.FIH_NO_BOOTABLE_IMAGE
                0x00000000200004c0        0x4 app/libapp.a(fault_injection_hardening.c.obj)
                0x00000000200004c0                FIH_NO_BOOTABLE_IMAGE
 .data.FIH_FAILURE
                0x00000000200004c4        0x4 app/libapp.a(fault_injection_hardening.c.obj)
                0x00000000200004c4                FIH_FAILURE
 .data.memset_func
                0x00000000200004c8        0x4 app/libapp.a(platform_util.c.obj)
 .data._char_out
                0x00000000200004cc        0x4 zephyr/libzephyr.a(printk.c.obj)
 .data.flash_map
                0x00000000200004d0        0x4 zephyr/libzephyr.a(flash_map_partition_manager.c.obj)
                0x00000000200004d0                flash_map
 .data._stdout_hook
                0x00000000200004d4        0x4 zephyr/lib/libc/minimal/liblib__libc__minimal.a(stdout_console.c.obj)
 .data.uart_nrfx_uart0_data
                0x00000000200004d8        0x8 zephyr/drivers/serial/libdrivers__serial.a(uart_nrfx_uart.c.obj)
 .data.m_cb     0x00000000200004e0       0x84 modules/hal_nordic/nrfx/libmodules__hal_nordic__nrfx.a(nrfx_gpiote.c.obj)
 .data.timeout_list
                0x0000000020000564        0x8 zephyr/kernel/libkernel.a(timeout.c.obj)
 .data.platform_abort_apis